Archive member included to satisfy reference by file (symbol)

C:/ST/STM32CubeIDE_1.16.1/STM32CubeIDE/plugins/com.st.stm32cube.ide.mcu.externaltools.gnu-tools-for-stm32.12.3.rel1.win32_1.0.200.202406191623/tools/bin/../lib/gcc/arm-none-eabi/12.3.1/../../../../arm-none-eabi/lib/thumb/v7-m/nofp\libc_nano.a(libc_a-exit.o)
                              C:/ST/STM32CubeIDE_1.16.1/STM32CubeIDE/plugins/com.st.stm32cube.ide.mcu.externaltools.gnu-tools-for-stm32.12.3.rel1.win32_1.0.200.202406191623/tools/bin/../lib/gcc/arm-none-eabi/12.3.1/../../../../arm-none-eabi/lib/thumb/v7-m/nofp/crt0.o (exit)
C:/ST/STM32CubeIDE_1.16.1/STM32CubeIDE/plugins/com.st.stm32cube.ide.mcu.externaltools.gnu-tools-for-stm32.12.3.rel1.win32_1.0.200.202406191623/tools/bin/../lib/gcc/arm-none-eabi/12.3.1/../../../../arm-none-eabi/lib/thumb/v7-m/nofp\libc_nano.a(libc_a-itoa.o)
                              ./Core/Src/oledController.o (itoa)
C:/ST/STM32CubeIDE_1.16.1/STM32CubeIDE/plugins/com.st.stm32cube.ide.mcu.externaltools.gnu-tools-for-stm32.12.3.rel1.win32_1.0.200.202406191623/tools/bin/../lib/gcc/arm-none-eabi/12.3.1/../../../../arm-none-eabi/lib/thumb/v7-m/nofp\libc_nano.a(libc_a-utoa.o)
                              C:/ST/STM32CubeIDE_1.16.1/STM32CubeIDE/plugins/com.st.stm32cube.ide.mcu.externaltools.gnu-tools-for-stm32.12.3.rel1.win32_1.0.200.202406191623/tools/bin/../lib/gcc/arm-none-eabi/12.3.1/../../../../arm-none-eabi/lib/thumb/v7-m/nofp\libc_nano.a(libc_a-itoa.o) (__utoa)
C:/ST/STM32CubeIDE_1.16.1/STM32CubeIDE/plugins/com.st.stm32cube.ide.mcu.externaltools.gnu-tools-for-stm32.12.3.rel1.win32_1.0.200.202406191623/tools/bin/../lib/gcc/arm-none-eabi/12.3.1/../../../../arm-none-eabi/lib/thumb/v7-m/nofp\libc_nano.a(libc_a-findfp.o)
                              C:/ST/STM32CubeIDE_1.16.1/STM32CubeIDE/plugins/com.st.stm32cube.ide.mcu.externaltools.gnu-tools-for-stm32.12.3.rel1.win32_1.0.200.202406191623/tools/bin/../lib/gcc/arm-none-eabi/12.3.1/../../../../arm-none-eabi/lib/thumb/v7-m/nofp\libc_nano.a(libc_a-exit.o) (__stdio_exit_handler)
C:/ST/STM32CubeIDE_1.16.1/STM32CubeIDE/plugins/com.st.stm32cube.ide.mcu.externaltools.gnu-tools-for-stm32.12.3.rel1.win32_1.0.200.202406191623/tools/bin/../lib/gcc/arm-none-eabi/12.3.1/../../../../arm-none-eabi/lib/thumb/v7-m/nofp\libc_nano.a(libc_a-fwalk.o)
                              C:/ST/STM32CubeIDE_1.16.1/STM32CubeIDE/plugins/com.st.stm32cube.ide.mcu.externaltools.gnu-tools-for-stm32.12.3.rel1.win32_1.0.200.202406191623/tools/bin/../lib/gcc/arm-none-eabi/12.3.1/../../../../arm-none-eabi/lib/thumb/v7-m/nofp\libc_nano.a(libc_a-findfp.o) (_fwalk_sglue)
C:/ST/STM32CubeIDE_1.16.1/STM32CubeIDE/plugins/com.st.stm32cube.ide.mcu.externaltools.gnu-tools-for-stm32.12.3.rel1.win32_1.0.200.202406191623/tools/bin/../lib/gcc/arm-none-eabi/12.3.1/../../../../arm-none-eabi/lib/thumb/v7-m/nofp\libc_nano.a(libc_a-sprintf.o)
                              ./Core/Src/oledController.o (sprintf)
C:/ST/STM32CubeIDE_1.16.1/STM32CubeIDE/plugins/com.st.stm32cube.ide.mcu.externaltools.gnu-tools-for-stm32.12.3.rel1.win32_1.0.200.202406191623/tools/bin/../lib/gcc/arm-none-eabi/12.3.1/../../../../arm-none-eabi/lib/thumb/v7-m/nofp\libc_nano.a(libc_a-stdio.o)
                              C:/ST/STM32CubeIDE_1.16.1/STM32CubeIDE/plugins/com.st.stm32cube.ide.mcu.externaltools.gnu-tools-for-stm32.12.3.rel1.win32_1.0.200.202406191623/tools/bin/../lib/gcc/arm-none-eabi/12.3.1/../../../../arm-none-eabi/lib/thumb/v7-m/nofp\libc_nano.a(libc_a-findfp.o) (__sread)
C:/ST/STM32CubeIDE_1.16.1/STM32CubeIDE/plugins/com.st.stm32cube.ide.mcu.externaltools.gnu-tools-for-stm32.12.3.rel1.win32_1.0.200.202406191623/tools/bin/../lib/gcc/arm-none-eabi/12.3.1/../../../../arm-none-eabi/lib/thumb/v7-m/nofp\libc_nano.a(libc_a-memset.o)
                              C:/ST/STM32CubeIDE_1.16.1/STM32CubeIDE/plugins/com.st.stm32cube.ide.mcu.externaltools.gnu-tools-for-stm32.12.3.rel1.win32_1.0.200.202406191623/tools/bin/../lib/gcc/arm-none-eabi/12.3.1/../../../../arm-none-eabi/lib/thumb/v7-m/nofp/crt0.o (memset)
C:/ST/STM32CubeIDE_1.16.1/STM32CubeIDE/plugins/com.st.stm32cube.ide.mcu.externaltools.gnu-tools-for-stm32.12.3.rel1.win32_1.0.200.202406191623/tools/bin/../lib/gcc/arm-none-eabi/12.3.1/../../../../arm-none-eabi/lib/thumb/v7-m/nofp\libc_nano.a(libc_a-closer.o)
                              C:/ST/STM32CubeIDE_1.16.1/STM32CubeIDE/plugins/com.st.stm32cube.ide.mcu.externaltools.gnu-tools-for-stm32.12.3.rel1.win32_1.0.200.202406191623/tools/bin/../lib/gcc/arm-none-eabi/12.3.1/../../../../arm-none-eabi/lib/thumb/v7-m/nofp\libc_nano.a(libc_a-stdio.o) (_close_r)
C:/ST/STM32CubeIDE_1.16.1/STM32CubeIDE/plugins/com.st.stm32cube.ide.mcu.externaltools.gnu-tools-for-stm32.12.3.rel1.win32_1.0.200.202406191623/tools/bin/../lib/gcc/arm-none-eabi/12.3.1/../../../../arm-none-eabi/lib/thumb/v7-m/nofp\libc_nano.a(libc_a-reent.o)
[...]
Memory Configuration

Name             Origin             Length             Attributes
RAM              0x20000000         0x00005000         xrw
FLASH            0x08000000         0x00010000         xr
*default*        0x00000000         0xffffffff

Linker script and memory map

LOAD C:/ST/STM32CubeIDE_1.16.1/STM32CubeIDE/plugins/com.st.stm32cube.ide.mcu.externaltools.gnu-tools-for-stm32.12.3.rel1.win32_1.0.200.202406191623/tools/bin/../lib/gcc/arm-none-eabi/12.3.1/thumb/v7-m/nofp/crti.o
LOAD C:/ST/STM32CubeIDE_1.16.1/STM32CubeIDE/plugins/com.st.stm32cube.ide.mcu.externaltools.gnu-tools-for-stm32.12.3.rel1.win32_1.0.200.202406191623/tools/bin/../lib/gcc/arm-none-eabi/12.3.1/thumb/v7-m/nofp/crtbegin.o
LOAD C:/ST/STM32CubeIDE_1.16.1/STM32CubeIDE/plugins/com.st.stm32cube.ide.mcu.externaltools.gnu-tools-for-stm32.12.3.rel1.win32_1.0.200.202406191623/tools/bin/../lib/gcc/arm-none-eabi/12.3.1/../../../../arm-none-eabi/lib/thumb/v7-m/nofp/crt0.o
LOAD ./Core/Src/buttonController.o
LOAD ./Core/Src/ds18b20.o
LOAD ./Core/Src/fnd_controller.o
LOAD ./Core/Src/fonts.o
LOAD ./Core/Src/heaterController.o
LOAD ./Core/Src/ledController.o
LOAD ./Core/Src/main.o
LOAD ./Core/Src/oledController.o
LOAD ./Core/Src/onewire.o
LOAD ./Core/Src/ssd1306.o
LOAD ./Core/Src/stm32f1xx_hal_msp.o
LOAD ./Core/Src/stm32f1xx_it.o
LOAD ./Core/Src/syscalls.o
LOAD ./Core/Src/sysmem.o
LOAD ./Core/Src/system_stm32f1xx.o
LOAD ./Core/Src/test.o
LOAD ./Core/Startup/startup_stm32f103c8tx.o
LOAD ./Drivers/STM32F1xx_HAL_Driver/Src/stm32f1xx_hal.o
LOAD ./Drivers/STM32F1xx_HAL_Driver/Src/stm32f1xx_hal_cortex.o
LOAD ./Drivers/STM32F1xx_HAL_Driver/Src/stm32f1xx_hal_dma.o
LOAD ./Drivers/STM32F1xx_HAL_Driver/Src/stm32f1xx_hal_exti.o
LOAD ./Drivers/STM32F1xx_HAL_Driver/Src/stm32f1xx_hal_flash.o
LOAD ./Drivers/STM32F1xx_HAL_Driver/Src/stm32f1xx_hal_flash_ex.o
LOAD ./Drivers/STM32F1xx_HAL_Driver/Src/stm32f1xx_hal_gpio.o
LOAD ./Drivers/STM32F1xx_HAL_Driver/Src/stm32f1xx_hal_gpio_ex.o
LOAD ./Drivers/STM32F1xx_HAL_Driver/Src/stm32f1xx_hal_i2c.o
LOAD ./Drivers/STM32F1xx_HAL_Driver/Src/stm32f1xx_hal_pwr.o
LOAD ./Drivers/STM32F1xx_HAL_Driver/Src/stm32f1xx_hal_rcc.o
LOAD ./Drivers/STM32F1xx_HAL_Driver/Src/stm32f1xx_hal_rcc_ex.o
LOAD ./Drivers/STM32F1xx_HAL_Driver/Src/stm32f1xx_hal_spi.o
LOAD ./Drivers/STM32F1xx_HAL_Driver/Src/stm32f1xx_hal_tim.o
LOAD ./Drivers/STM32F1xx_HAL_Driver/Src/stm32f1xx_hal_tim_ex.o
LOAD ./Drivers/STM32F1xx_HAL_Driver/Src/stm32f1xx_hal_uart.o
START GROUP
LOAD C:/ST/STM32CubeIDE_1.16.1/STM32CubeIDE/plugins/com.st.stm32cube.ide.mcu.externaltools.gnu-tools-for-stm32.12.3.rel1.win32_1.0.200.202406191623/tools/bin/../lib/gcc/arm-none-eabi/12.3.1/../../../../arm-none-eabi/lib/thumb/v7-m/nofp\libc_nano.a
LOAD C:/ST/STM32CubeIDE_1.16.1/STM32CubeIDE/plugins/com.st.stm32cube.ide.mcu.externaltools.gnu-tools-for-stm32.12.3.rel1.win32_1.0.200.202406191623/tools/bin/../lib/gcc/arm-none-eabi/12.3.1/../../../../arm-none-eabi/lib/thumb/v7-m/nofp\libm.a
END GROUP
START GROUP
LOAD C:/ST/STM32CubeIDE_1.16.1/STM32CubeIDE/plugins/com.st.stm32cube.ide.mcu.externaltools.gnu-tools-for-stm32.12.3.rel1.win32_1.0.200.202406191623/tools/bin/../lib/gcc/arm-none-eabi/12.3.1/thumb/v7-m/nofp\libgcc.a
LOAD C:/ST/STM32CubeIDE_1.16.1/STM32CubeIDE/plugins/com.st.stm32cube.ide.mcu.externaltools.gnu-tools-for-stm32.12.3.rel1.win32_1.0.200.202406191623/tools/bin/../lib/gcc/arm-none-eabi/12.3.1/../../../../arm-none-eabi/lib/thumb/v7-m/nofp\libc_nano.a
END GROUP
START GROUP
LOAD C:/ST/STM32CubeIDE_1.16.1/STM32CubeIDE/plugins/com.st.stm32cube.ide.mcu.externaltools.gnu-tools-for-stm32.12.3.rel1.win32_1.0.200.202406191623/tools/bin/../lib/gcc/arm-none-eabi/12.3.1/thumb/v7-m/nofp\libgcc.a
LOAD C:/ST/STM32CubeIDE_1.16.1/STM32CubeIDE/plugins/com.st.stm32cube.ide.mcu.externaltools.gnu-tools-for-stm32.12.3.rel1.win32_1.0.200.202406191623/tools/bin/../lib/gcc/arm-none-eabi/12.3.1/../../../../arm-none-eabi/lib/thumb/v7-m/nofp\libc_nano.a
LOAD C:/ST/STM32CubeIDE_1.16.1/STM32CubeIDE/plugins/com.st.stm32cube.ide.mcu.externaltools.gnu-tools-for-stm32.12.3.rel1.win32_1.0.200.202406191623/tools/bin/../lib/gcc/arm-none-eabi/12.3.1/../../../../arm-none-eabi/lib/thumb/v7-m/nofp\libnosys.a
END GROUP
START GROUP
LOAD C:/ST/STM32CubeIDE_1.16.1/STM32CubeIDE/plugins/com.st.stm32cube.ide.mcu.externaltools.gnu-tools-for-stm32.12.3.rel1.win32_1.0.200.202406191623/tools/bin/../lib/gcc/arm-none-eabi/12.3.1/thumb/v7-m/nofp\libgcc.a
LOAD C:/ST/STM32CubeIDE_1.16.1/STM32CubeIDE/plugins/com.st.stm32cube.ide.mcu.externaltools.gnu-tools-for-stm32.12.3.rel1.win32_1.0.200.202406191623/tools/bin/../lib/gcc/arm-none-eabi/12.3.1/../../../../arm-none-eabi/lib/thumb/v7-m/nofp\libc_nano.a
LOAD C:/ST/STM32CubeIDE_1.16.1/STM32CubeIDE/plugins/com.st.stm32cube.ide.mcu.externaltools.gnu-tools-for-stm32.12.3.rel1.win32_1.0.200.202406191623/tools/bin/../lib/gcc/arm-none-eabi/12.3.1/../../../../arm-none-eabi/lib/thumb/v7-m/nofp\libnosys.a
END GROUP
LOAD C:/ST/STM32CubeIDE_1.16.1/STM32CubeIDE/plugins/com.st.stm32cube.ide.mcu.externaltools.gnu-tools-for-stm32.12.3.rel1.win32_1.0.200.202406191623/tools/bin/../lib/gcc/arm-none-eabi/12.3.1/thumb/v7-m/nofp/crtend.o
LOAD C:/ST/STM32CubeIDE_1.16.1/STM32CubeIDE/plugins/com.st.stm32cube.ide.mcu.externaltools.gnu-tools-for-stm32.12.3.rel1.win32_1.0.200.202406191623/tools/bin/../lib/gcc/arm-none-eabi/12.3.1/thumb/v7-m/nofp/crtn.o
                0x20005000                        _estack = (ORIGIN (RAM) + LENGTH (RAM))
                0x00000200                        _Min_Heap_Size = 0x200
                0x00000400                        _Min_Stack_Size = 0x400

.isr_vector     0x08000000      0x10c
                0x08000000                        . = ALIGN (0x4)
 *(.isr_vector)
 .isr_vector    0x08000000      0x10c ./Core/Startup/startup_stm32f103c8tx.o
                0x08000000                g_pfnVectors
                0x0800010c                        . = ALIGN (0x4)

.text           0x0800010c     0x58dc
                0x0800010c                        . = ALIGN (0x4)
 *(.text)
 .text          0x0800010c       0x40 C:/ST/STM32CubeIDE_1.16.1/STM32CubeIDE/plugins/com.st.stm32cube.ide.mcu.externaltools.gnu-tools-for-stm32.12.3.rel1.win32_1.0.200.202406191623/tools/bin/../lib/gcc/arm-none-eabi/12.3.1/thumb/v7-m/nofp/crtbegin.o
 .text          0x0800014c       0x10 C:/ST/STM32CubeIDE_1.16.1/STM32CubeIDE/plugins/com.st.stm32cube.ide.mcu.externaltools.gnu-tools-for-stm32.12.3.rel1.win32_1.0.200.202406191623/tools/bin/../lib/gcc/arm-none-eabi/12.3.1/../../../../arm-none-eabi/lib/thumb/v7-m/nofp\libc_nano.a(libc_a-strlen.o)
                0x0800014c                strlen
 .text          0x0800015c      0x168 C:/ST/STM32CubeIDE_1.16.1/STM32CubeIDE/plugins/com.st.stm32cube.ide.mcu.externaltools.gnu-tools-for-stm32.12.3.rel1.win32_1.0.200.202406191623/tools/bin/../lib/gcc/arm-none-eabi/12.3.1/thumb/v7-m/nofp\libgcc.a(_arm_mulsf3.o)
                0x0800015c                __aeabi_fmul
                0x0800015c                __mulsf3
 .text          0x080002c4      0x21c C:/ST/STM32CubeIDE_1.16.1/STM32CubeIDE/plugins/com.st.stm32cube.ide.mcu.externaltools.gnu-tools-for-stm32.12.3.rel1.win32_1.0.200.202406191623/tools/bin/../lib/gcc/arm-none-eabi/12.3.1/thumb/v7-m/nofp\libgcc.a(_arm_addsubsf3.o)
                0x080002c4                __aeabi_frsub
                0x080002cc                __subsf3
                0x080002cc                __aeabi_fsub
                0x080002d0                __aeabi_fadd
                0x080002d0                __addsf3
                0x08000430                __aeabi_ui2f
                0x08000430                __floatunsisf
                0x08000438                __aeabi_i2f
                0x08000438                __floatsisf
                0x08000454                __aeabi_ul2f
                0x08000454                __floatundisf
                0x08000464                __aeabi_l2f
                0x08000464                __floatdisf
 .text          0x080004e0       0x4c C:/ST/STM32CubeIDE_1.16.1/STM32CubeIDE/plugins/com.st.stm32cube.ide.mcu.externaltools.gnu-tools-for-stm32.12.3.rel1.win32_1.0.200.202406191623/tools/bin/../lib/gcc/arm-none-eabi/12.3.1/thumb/v7-m/nofp\libgcc.a(_arm_fixsfsi.o)
                0x080004e0                __aeabi_f2iz
                0x080004e0                __fixsfsi
 *(.text*)
 .text.checkButton
                0x0800052c       0x70 ./Core/Src/buttonController.o
                0x0800052c                checkButton
 .text.getSwState
                0x0800059c       0x24 ./Core/Src/buttonController.o
                0x0800059c                getSwState
 .text.isTemperSensorInit
                0x080005c0       0x14 ./Core/Src/ds18b20.o
                0x080005c0                isTemperSensorInit
 .text.isBusy   0x080005d4        0xe ./Core/Src/ds18b20.o
                0x080005d4                isBusy
 *fill*         0x080005e2        0x2 
 .text.isConverting
                0x080005e4       0x14 ./Core/Src/ds18b20.o
                0x080005e4                isConverting
 .text.Ds18b20_Init_Simple
                0x080005f8       0x88 ./Core/Src/ds18b20.o
                0x080005f8                Ds18b20_Init_Simple
 .text.StartConverting
                0x08000680       0x2c ./Core/Src/ds18b20.o
                0x08000680                StartConverting
 .text.checkConverting
                0x080006ac       0x38 ./Core/Src/ds18b20.o
                0x080006ac                checkConverting
 .text.getTemper
                0x080006e4       0x40 ./Core/Src/ds18b20.o
                0x080006e4                getTemper
 .text.DS18B20_StartAll
                0x08000724       0x26 ./Core/Src/ds18b20.o
                0x08000724                DS18B20_StartAll
 *fill*         0x0800074a        0x2 
 .text.DS18B20_Read
                0x0800074c      0x1e4 ./Core/Src/ds18b20.o
                0x0800074c                DS18B20_Read
 .text.DS18B20_SetResolution
                0x08000930      0x110 ./Core/Src/ds18b20.o
                0x08000930                DS18B20_SetResolution
 .text.DS18B20_Is
                0x08000a40       0x20 ./Core/Src/ds18b20.o
                0x08000a40                DS18B20_Is
 .text.DS18B20_DisableAlarmTemperature
                0x08000a60       0xb6 ./Core/Src/ds18b20.o
                0x08000a60                DS18B20_DisableAlarmTemperature
 .text.DS18B20_AllDone
                0x08000b16       0x18 ./Core/Src/ds18b20.o
                0x08000b16                DS18B20_AllDone
 *fill*         0x08000b2e        0x2 
 .text.getCurrentTemper
                0x08000b30       0x14 ./Core/Src/ds18b20.o
                0x08000b30                getCurrentTemper
 .text.init_fnd
                0x08000b44       0xd0 ./Core/Src/fnd_controller.o
                0x08000b44                init_fnd
 .text.send     0x08000c14       0x24 ./Core/Src/fnd_controller.o
                0x08000c14                send
 .text.send_port
                0x08000c38       0x44 ./Core/Src/fnd_controller.o
                0x08000c38                send_port
 .text.digit4_temper
                0x08000c7c      0x158 ./Core/Src/fnd_controller.o
                0x08000c7c                digit4_temper
 .text.heaterControl
                0x08000dd4       0x54 ./Core/Src/heaterController.o
                0x08000dd4                heaterControl
 .text.temper_up
                0x08000e28       0x30 ./Core/Src/heaterController.o
                0x08000e28                temper_up
 .text.temper_down
                0x08000e58       0x30 ./Core/Src/heaterController.o
                0x08000e58                temper_down
 .text.setFixedTemper
                0x08000e88       0x1c ./Core/Src/heaterController.o
                0x08000e88                setFixedTemper
 .text.getFixedTemper
                0x08000ea4       0x14 ./Core/Src/heaterController.o
                0x08000ea4                getFixedTemper
 .text.heaterOnOff
                0x08000eb8       0x4c ./Core/Src/heaterController.o
                0x08000eb8                heaterOnOff
 .text.getHeaterState
                0x08000f04       0x14 ./Core/Src/heaterController.o
                0x08000f04                getHeaterState
 .text.led1OnOff
                0x08000f18       0x38 ./Core/Src/ledController.o
                0x08000f18                led1OnOff
 .text.led2OnOff
                0x08000f50       0x38 ./Core/Src/ledController.o
                0x08000f50                led2OnOff
 .text.main     0x08000f88       0xcc ./Core/Src/main.o
                0x08000f88                main
 .text.SystemClock_Config
                0x08001054       0x8a ./Core/Src/main.o
                0x08001054                SystemClock_Config
 *fill*         0x080010de        0x2 
 .text.MX_I2C2_Init
                0x080010e0       0x5c ./Core/Src/main.o
 .text.MX_SPI2_Init
                0x0800113c       0x6c ./Core/Src/main.o
 .text.MX_TIM2_Init
                0x080011a8       0x98 ./Core/Src/main.o
 .text.MX_TIM3_Init
                0x08001240       0x98 ./Core/Src/main.o
 .text.MX_USART1_UART_Init
                0x080012d8       0x54 ./Core/Src/main.o
 .text.MX_GPIO_Init
                0x0800132c      0x150 ./Core/Src/main.o
 .text.Error_Handler
                0x0800147c        0xc ./Core/Src/main.o
                0x0800147c                Error_Handler
 .text.opening  0x08001488        0xc ./Core/Src/oledController.o
                0x08001488                opening
 .text.toggleScreen
                0x08001494       0x60 ./Core/Src/oledController.o
                0x08001494                toggleScreen
 .text.startToggle
                0x080014f4       0x20 ./Core/Src/oledController.o
                0x080014f4                startToggle
 .text.printDefault
                0x08001514       0xb4 ./Core/Src/oledController.o
                0x08001514                printDefault
 .text.printBackground
                0x080015c8       0x44 ./Core/Src/oledController.o
                0x080015c8                printBackground
 .text.printTemperNoUpdate
                0x0800160c       0x50 ./Core/Src/oledController.o
                0x0800160c                printTemperNoUpdate
 .text.printTemper
                0x0800165c       0x54 ./Core/Src/oledController.o
                0x0800165c                printTemper
 .text.printHeaterState
                0x080016b0       0x48 ./Core/Src/oledController.o
                0x080016b0                printHeaterState
 .text.isBusyLine
                0x080016f8       0x14 ./Core/Src/onewire.o
                0x080016f8                isBusyLine
 .text.ONEWIRE_DELAY
                0x0800170c       0x30 ./Core/Src/onewire.o
                0x0800170c                ONEWIRE_DELAY
 .text.ONEWIRE_LOW
                0x0800173c       0x20 ./Core/Src/onewire.o
                0x0800173c                ONEWIRE_LOW
 .text.ONEWIRE_HIGH
                0x0800175c       0x1c ./Core/Src/onewire.o
                0x0800175c                ONEWIRE_HIGH
 .text.ONEWIRE_INPUT
                0x08001778       0x32 ./Core/Src/onewire.o
                0x08001778                ONEWIRE_INPUT
 .text.ONEWIRE_OUTPUT
                0x080017aa       0x32 ./Core/Src/onewire.o
                0x080017aa                ONEWIRE_OUTPUT
 .text.OneWire_Init
                0x080017dc       0x68 ./Core/Src/onewire.o
                0x080017dc                OneWire_Init
 .text.OneWire_Reset
                0x08001844       0x64 ./Core/Src/onewire.o
                0x08001844                OneWire_Reset
 .text.OneWire_WriteBit
                0x080018a8       0xa4 ./Core/Src/onewire.o
                0x080018a8                OneWire_WriteBit
 .text.OneWire_ReadBit
                0x0800194c       0x7c ./Core/Src/onewire.o
                0x0800194c                OneWire_ReadBit
 .text.OneWire_WriteByte
                0x080019c8       0x3c ./Core/Src/onewire.o
                0x080019c8                OneWire_WriteByte
 .text.OneWire_ReadByte
                0x08001a04       0x42 ./Core/Src/onewire.o
                0x08001a04                OneWire_ReadByte
 .text.OneWire_SelectWithPointer
                0x08001a46       0x3e ./Core/Src/onewire.o
                0x08001a46                OneWire_SelectWithPointer
 .text.OneWire_GetFullROM
                0x08001a84       0x38 ./Core/Src/onewire.o
                0x08001a84                OneWire_GetFullROM
 .text.OneWire_CRC8
                0x08001abc       0x6e ./Core/Src/onewire.o
                0x08001abc                OneWire_CRC8
 .text.SSD1306_InvertDisplay
                0x08001b2a       0x2c ./Core/Src/ssd1306.o
                0x08001b2a                SSD1306_InvertDisplay
 *fill*         0x08001b56        0x2 
 .text.SSD1306_Init
                0x08001b58      0x188 ./Core/Src/ssd1306.o
                0x08001b58                SSD1306_Init
 .text.SSD1306_UpdateScreen
                0x08001ce0       0x5c ./Core/Src/ssd1306.o
                0x08001ce0                SSD1306_UpdateScreen
 .text.SSD1306_Fill
                0x08001d3c       0x30 ./Core/Src/ssd1306.o
                0x08001d3c                SSD1306_Fill
 .text.SSD1306_DrawPixel
                0x08001d6c       0xbc ./Core/Src/ssd1306.o
                0x08001d6c                SSD1306_DrawPixel
 .text.SSD1306_GotoXY
                0x08001e28       0x2c ./Core/Src/ssd1306.o
                0x08001e28                SSD1306_GotoXY
 .text.SSD1306_Putc
                0x08001e54       0xfc ./Core/Src/ssd1306.o
                0x08001e54                SSD1306_Putc
 .text.SSD1306_Puts
                0x08001f50       0x4a ./Core/Src/ssd1306.o
                0x08001f50                SSD1306_Puts
 .text.SSD1306_Clear
                0x08001f9a       0x12 ./Core/Src/ssd1306.o
                0x08001f9a                SSD1306_Clear
 .text.ssd1306_I2C_Init
                0x08001fac       0x28 ./Core/Src/ssd1306.o
                0x08001fac                ssd1306_I2C_Init
 .text.ssd1306_I2C_WriteMulti
                0x08001fd4       0xcc ./Core/Src/ssd1306.o
                0x08001fd4                ssd1306_I2C_WriteMulti
 .text.ssd1306_I2C_Write
                0x080020a0       0x3c ./Core/Src/ssd1306.o
                0x080020a0                ssd1306_I2C_Write
 .text.HAL_MspInit
                0x080020dc       0x64 ./Core/Src/stm32f1xx_hal_msp.o
                0x080020dc                HAL_MspInit
 .text.HAL_I2C_MspInit
                0x08002140       0x80 ./Core/Src/stm32f1xx_hal_msp.o
                0x08002140                HAL_I2C_MspInit
 .text.HAL_SPI_MspInit
                0x080021c0       0x80 ./Core/Src/stm32f1xx_hal_msp.o
                0x080021c0                HAL_SPI_MspInit
 .text.HAL_TIM_Base_MspInit
                0x08002240       0x80 ./Core/Src/stm32f1xx_hal_msp.o
                0x08002240                HAL_TIM_Base_MspInit
 .text.HAL_UART_MspInit
                0x080022c0       0x98 ./Core/Src/stm32f1xx_hal_msp.o
                0x080022c0                HAL_UART_MspInit
 .text.NMI_Handler
                0x08002358        0x8 ./Core/Src/stm32f1xx_it.o
                0x08002358                NMI_Handler
 .text.HardFault_Handler
                0x08002360        0x8 ./Core/Src/stm32f1xx_it.o
                0x08002360                HardFault_Handler
 .text.MemManage_Handler
                0x08002368        0x8 ./Core/Src/stm32f1xx_it.o
                0x08002368                MemManage_Handler
 .text.BusFault_Handler
                0x08002370        0x8 ./Core/Src/stm32f1xx_it.o
                0x08002370                BusFault_Handler
 .text.UsageFault_Handler
                0x08002378        0x8 ./Core/Src/stm32f1xx_it.o
                0x08002378                UsageFault_Handler
 .text.SVC_Handler
                0x08002380        0xc ./Core/Src/stm32f1xx_it.o
                0x08002380                SVC_Handler
 .text.DebugMon_Handler
                0x0800238c        0xc ./Core/Src/stm32f1xx_it.o
                0x0800238c                DebugMon_Handler
 .text.PendSV_Handler
                0x08002398        0xc ./Core/Src/stm32f1xx_it.o
                0x08002398                PendSV_Handler
 .text.SysTick_Handler
                0x080023a4        0xc ./Core/Src/stm32f1xx_it.o
                0x080023a4                SysTick_Handler
 .text.EXTI0_IRQHandler
                0x080023b0       0x38 ./Core/Src/stm32f1xx_it.o
                0x080023b0                EXTI0_IRQHandler
 .text.EXTI1_IRQHandler
                0x080023e8       0x38 ./Core/Src/stm32f1xx_it.o
                0x080023e8                EXTI1_IRQHandler
 .text.EXTI2_IRQHandler
                0x08002420       0x38 ./Core/Src/stm32f1xx_it.o
                0x08002420                EXTI2_IRQHandler
 .text.TIM2_IRQHandler
                0x08002458       0x14 ./Core/Src/stm32f1xx_it.o
                0x08002458                TIM2_IRQHandler
 .text.TIM3_IRQHandler
                0x0800246c       0xa0 ./Core/Src/stm32f1xx_it.o
                0x0800246c                TIM3_IRQHandler
 .text.EXTI15_10_IRQHandler
                0x0800250c       0x1c ./Core/Src/stm32f1xx_it.o
                0x0800250c                EXTI15_10_IRQHandler
 .text._sbrk    0x08002528       0x6c ./Core/Src/sysmem.o
                0x08002528                _sbrk
 .text.SystemInit
                0x08002594        0xc ./Core/Src/system_stm32f1xx.o
                0x08002594                SystemInit
 .text.Reset_Handler
                0x080025a0       0x48 ./Core/Startup/startup_stm32f103c8tx.o
                0x080025a0                Reset_Handler
 .text.Default_Handler
                0x080025e8        0x2 ./Core/Startup/startup_stm32f103c8tx.o
                0x080025e8                RTC_Alarm_IRQHandler
                0x080025e8                TIM1_CC_IRQHandler
                0x080025e8                PVD_IRQHandler
                0x080025e8                EXTI3_IRQHandler
                0x080025e8                I2C2_EV_IRQHandler
                0x080025e8                ADC1_2_IRQHandler
                0x080025e8                SPI1_IRQHandler
                0x080025e8                TAMPER_IRQHandler
                0x080025e8                DMA1_Channel4_IRQHandler
                0x080025e8                USART3_IRQHandler
                0x080025e8                RTC_IRQHandler
                0x080025e8                DMA1_Channel7_IRQHandler
                0x080025e8                CAN1_RX1_IRQHandler
                0x080025e8                TIM4_IRQHandler
                0x080025e8                I2C1_EV_IRQHandler
                0x080025e8                DMA1_Channel6_IRQHandler
                0x080025e8                RCC_IRQHandler
                0x080025e8                TIM1_TRG_COM_IRQHandler
                0x080025e8                DMA1_Channel1_IRQHandler
                0x080025e8                Default_Handler
                0x080025e8                EXTI9_5_IRQHandler
                0x080025e8                SPI2_IRQHandler
                0x080025e8                DMA1_Channel5_IRQHandler
                0x080025e8                EXTI4_IRQHandler
                0x080025e8                USB_LP_CAN1_RX0_IRQHandler
                0x080025e8                USB_HP_CAN1_TX_IRQHandler
                0x080025e8                DMA1_Channel3_IRQHandler
                0x080025e8                TIM1_UP_IRQHandler
                0x080025e8                WWDG_IRQHandler
                0x080025e8                TIM1_BRK_IRQHandler
                0x080025e8                USART2_IRQHandler
                0x080025e8                I2C2_ER_IRQHandler
                0x080025e8                DMA1_Channel2_IRQHandler
                0x080025e8                CAN1_SCE_IRQHandler
                0x080025e8                FLASH_IRQHandler
                0x080025e8                USART1_IRQHandler
                0x080025e8                I2C1_ER_IRQHandler
                0x080025e8                USBWakeUp_IRQHandler
 *fill*         0x080025ea        0x2 
 .text.HAL_Init
                0x080025ec       0x2c ./Drivers/STM32F1xx_HAL_Driver/Src/stm32f1xx_hal.o
                0x080025ec                HAL_Init
 .text.HAL_InitTick
                0x08002618       0x60 ./Drivers/STM32F1xx_HAL_Driver/Src/stm32f1xx_hal.o
                0x08002618                HAL_InitTick
 .text.HAL_IncTick
                0x08002678       0x24 ./Drivers/STM32F1xx_HAL_Driver/Src/stm32f1xx_hal.o
                0x08002678                HAL_IncTick
 .text.HAL_GetTick
                0x0800269c       0x14 ./Drivers/STM32F1xx_HAL_Driver/Src/stm32f1xx_hal.o
                0x0800269c                HAL_GetTick
 .text.HAL_Delay
                0x080026b0       0x48 ./Drivers/STM32F1xx_HAL_Driver/Src/stm32f1xx_hal.o
                0x080026b0                HAL_Delay
 .text.__NVIC_SetPriorityGrouping
                0x080026f8       0x48 ./Drivers/STM32F1xx_HAL_Driver/Src/stm32f1xx_hal_cortex.o
 .text.__NVIC_GetPriorityGrouping
                0x08002740       0x1c ./Drivers/STM32F1xx_HAL_Driver/Src/stm32f1xx_hal_cortex.o
 .text.__NVIC_EnableIRQ
                0x0800275c       0x38 ./Drivers/STM32F1xx_HAL_Driver/Src/stm32f1xx_hal_cortex.o
 .text.__NVIC_SetPriority
                0x08002794       0x54 ./Drivers/STM32F1xx_HAL_Driver/Src/stm32f1xx_hal_cortex.o
 .text.NVIC_EncodePriority
                0x080027e8       0x64 ./Drivers/STM32F1xx_HAL_Driver/Src/stm32f1xx_hal_cortex.o
 .text.SysTick_Config
                0x0800284c       0x44 ./Drivers/STM32F1xx_HAL_Driver/Src/stm32f1xx_hal_cortex.o
 .text.HAL_NVIC_SetPriorityGrouping
                0x08002890       0x16 ./Drivers/STM32F1xx_HAL_Driver/Src/stm32f1xx_hal_cortex.o
                0x08002890                HAL_NVIC_SetPriorityGrouping
 .text.HAL_NVIC_SetPriority
                0x080028a6       0x38 ./Drivers/STM32F1xx_HAL_Driver/Src/stm32f1xx_hal_cortex.o
                0x080028a6                HAL_NVIC_SetPriority
 .text.HAL_NVIC_EnableIRQ
                0x080028de       0x1c ./Drivers/STM32F1xx_HAL_Driver/Src/stm32f1xx_hal_cortex.o
                0x080028de                HAL_NVIC_EnableIRQ
 .text.HAL_SYSTICK_Config
                0x080028fa       0x18 ./Drivers/STM32F1xx_HAL_Driver/Src/stm32f1xx_hal_cortex.o
                0x080028fa                HAL_SYSTICK_Config
 *fill*         0x08002912        0x2 
 .text.HAL_GPIO_Init
                0x08002914      0x308 ./Drivers/STM32F1xx_HAL_Driver/Src/stm32f1xx_hal_gpio.o
                0x08002914                HAL_GPIO_Init
 .text.HAL_GPIO_ReadPin
                0x08002c1c       0x2e ./Drivers/STM32F1xx_HAL_Driver/Src/stm32f1xx_hal_gpio.o
                0x08002c1c                HAL_GPIO_ReadPin
 .text.HAL_GPIO_WritePin
                0x08002c4a       0x30 ./Drivers/STM32F1xx_HAL_Driver/Src/stm32f1xx_hal_gpio.o
                0x08002c4a                HAL_GPIO_WritePin
 *fill*         0x08002c7a        0x2 
 .text.HAL_GPIO_EXTI_IRQHandler
                0x08002c7c       0x30 ./Drivers/STM32F1xx_HAL_Driver/Src/stm32f1xx_hal_gpio.o
                0x08002c7c                HAL_GPIO_EXTI_IRQHandler
 .text.HAL_GPIO_EXTI_Callback
                0x08002cac       0x14 ./Drivers/STM32F1xx_HAL_Driver/Src/stm32f1xx_hal_gpio.o
                0x08002cac                HAL_GPIO_EXTI_Callback
 .text.HAL_I2C_Init
                0x08002cc0      0x288 ./Drivers/STM32F1xx_HAL_Driver/Src/stm32f1xx_hal_i2c.o
                0x08002cc0                HAL_I2C_Init
 .text.HAL_I2C_Master_Transmit
                0x08002f48      0x1fc ./Drivers/STM32F1xx_HAL_Driver/Src/stm32f1xx_hal_i2c.o
                0x08002f48                HAL_I2C_Master_Transmit
 .text.HAL_I2C_IsDeviceReady
                0x08003144      0x25c ./Drivers/STM32F1xx_HAL_Driver/Src/stm32f1xx_hal_i2c.o
                0x08003144                HAL_I2C_IsDeviceReady
 .text.I2C_MasterRequestWrite
                0x080033a0      0x104 ./Drivers/STM32F1xx_HAL_Driver/Src/stm32f1xx_hal_i2c.o
 .text.I2C_WaitOnFlagUntilTimeout
                0x080034a4       0xf4 ./Drivers/STM32F1xx_HAL_Driver/Src/stm32f1xx_hal_i2c.o
 .text.I2C_WaitOnMasterAddressFlagUntilTimeout
                0x08003598      0x140 ./Drivers/STM32F1xx_HAL_Driver/Src/stm32f1xx_hal_i2c.o
 .text.I2C_WaitOnTXEFlagUntilTimeout
                0x080036d8       0x90 ./Drivers/STM32F1xx_HAL_Driver/Src/stm32f1xx_hal_i2c.o
 .text.I2C_WaitOnBTFFlagUntilTimeout
                0x08003768       0x90 ./Drivers/STM32F1xx_HAL_Driver/Src/stm32f1xx_hal_i2c.o
 .text.I2C_IsAcknowledgeFailed
                0x080037f8       0x5c ./Drivers/STM32F1xx_HAL_Driver/Src/stm32f1xx_hal_i2c.o
 .text.HAL_RCC_OscConfig
                0x08003854      0x504 ./Drivers/STM32F1xx_HAL_Driver/Src/stm32f1xx_hal_rcc.o
                0x08003854                HAL_RCC_OscConfig
 .text.HAL_RCC_ClockConfig
                0x08003d58      0x1d4 ./Drivers/STM32F1xx_HAL_Driver/Src/stm32f1xx_hal_rcc.o
                0x08003d58                HAL_RCC_ClockConfig
 .text.HAL_RCC_GetSysClockFreq
                0x08003f2c       0xa8 ./Drivers/STM32F1xx_HAL_Driver/Src/stm32f1xx_hal_rcc.o
                0x08003f2c                HAL_RCC_GetSysClockFreq
 .text.HAL_RCC_GetHCLKFreq
                0x08003fd4       0x14 ./Drivers/STM32F1xx_HAL_Driver/Src/stm32f1xx_hal_rcc.o
                0x08003fd4                HAL_RCC_GetHCLKFreq
 .text.HAL_RCC_GetPCLK1Freq
                0x08003fe8       0x28 ./Drivers/STM32F1xx_HAL_Driver/Src/stm32f1xx_hal_rcc.o
                0x08003fe8                HAL_RCC_GetPCLK1Freq
 .text.HAL_RCC_GetPCLK2Freq
                0x08004010       0x28 ./Drivers/STM32F1xx_HAL_Driver/Src/stm32f1xx_hal_rcc.o
                0x08004010                HAL_RCC_GetPCLK2Freq
 .text.RCC_Delay
                0x08004038       0x3c ./Drivers/STM32F1xx_HAL_Driver/Src/stm32f1xx_hal_rcc.o
 .text.HAL_SPI_Init
                0x08004074      0x108 ./Drivers/STM32F1xx_HAL_Driver/Src/stm32f1xx_hal_spi.o
                0x08004074                HAL_SPI_Init
 .text.HAL_SPI_Transmit
                0x0800417c      0x288 ./Drivers/STM32F1xx_HAL_Driver/Src/stm32f1xx_hal_spi.o
                0x0800417c                HAL_SPI_Transmit
 .text.SPI_WaitFlagStateUntilTimeout
                0x08004404      0x110 ./Drivers/STM32F1xx_HAL_Driver/Src/stm32f1xx_hal_spi.o
 .text.SPI_EndRxTxTransaction
                0x08004514       0x62 ./Drivers/STM32F1xx_HAL_Driver/Src/stm32f1xx_hal_spi.o
 .text.HAL_TIM_Base_Init
                0x08004576       0x9e ./Drivers/STM32F1xx_HAL_Driver/Src/stm32f1xx_hal_tim.o
                0x08004576                HAL_TIM_Base_Init
 .text.HAL_TIM_Base_Start
                0x08004614       0x94 ./Drivers/STM32F1xx_HAL_Driver/Src/stm32f1xx_hal_tim.o
                0x08004614                HAL_TIM_Base_Start
 .text.HAL_TIM_Base_Start_IT
                0x080046a8       0xa4 ./Drivers/STM32F1xx_HAL_Driver/Src/stm32f1xx_hal_tim.o
                0x080046a8                HAL_TIM_Base_Start_IT
 .text.HAL_TIM_IRQHandler
                0x0800474c      0x1e0 ./Drivers/STM32F1xx_HAL_Driver/Src/stm32f1xx_hal_tim.o
                0x0800474c                HAL_TIM_IRQHandler
 .text.HAL_TIM_ConfigClockSource
                0x0800492c      0x18e ./Drivers/STM32F1xx_HAL_Driver/Src/stm32f1xx_hal_tim.o
                0x0800492c                HAL_TIM_ConfigClockSource
 .text.HAL_TIM_PeriodElapsedCallback
                0x08004aba       0x12 ./Drivers/STM32F1xx_HAL_Driver/Src/stm32f1xx_hal_tim.o
                0x08004aba                HAL_TIM_PeriodElapsedCallback
 .text.HAL_TIM_OC_DelayElapsedCallback
                0x08004acc       0x12 ./Drivers/STM32F1xx_HAL_Driver/Src/stm32f1xx_hal_tim.o
                0x08004acc                HAL_TIM_OC_DelayElapsedCallback
 .text.HAL_TIM_IC_CaptureCallback
                0x08004ade       0x12 ./Drivers/STM32F1xx_HAL_Driver/Src/stm32f1xx_hal_tim.o
                0x08004ade                HAL_TIM_IC_CaptureCallback
 .text.HAL_TIM_PWM_PulseFinishedCallback
                0x08004af0       0x12 ./Drivers/STM32F1xx_HAL_Driver/Src/stm32f1xx_hal_tim.o
                0x08004af0                HAL_TIM_PWM_PulseFinishedCallback
 .text.HAL_TIM_TriggerCallback
                0x08004b02       0x12 ./Drivers/STM32F1xx_HAL_Driver/Src/stm32f1xx_hal_tim.o
                0x08004b02                HAL_TIM_TriggerCallback
 .text.TIM_Base_SetConfig
                0x08004b14       0xdc ./Drivers/STM32F1xx_HAL_Driver/Src/stm32f1xx_hal_tim.o
                0x08004b14                TIM_Base_SetConfig
 .text.TIM_TI1_ConfigInputStage
                0x08004bf0       0x5c ./Drivers/STM32F1xx_HAL_Driver/Src/stm32f1xx_hal_tim.o
 .text.TIM_TI2_ConfigInputStage
                0x08004c4c       0x5e ./Drivers/STM32F1xx_HAL_Driver/Src/stm32f1xx_hal_tim.o
 .text.TIM_ITRx_SetConfig
                0x08004caa       0x34 ./Drivers/STM32F1xx_HAL_Driver/Src/stm32f1xx_hal_tim.o
 .text.TIM_ETR_SetConfig
                0x08004cde       0x3e ./Drivers/STM32F1xx_HAL_Driver/Src/stm32f1xx_hal_tim.o
                0x08004cde                TIM_ETR_SetConfig
 .text.HAL_TIMEx_MasterConfigSynchronization
                0x08004d1c       0xbc ./Drivers/STM32F1xx_HAL_Driver/Src/stm32f1xx_hal_tim_ex.o
                0x08004d1c                HAL_TIMEx_MasterConfigSynchronization
 .text.HAL_TIMEx_CommutCallback
                0x08004dd8       0x12 ./Drivers/STM32F1xx_HAL_Driver/Src/stm32f1xx_hal_tim_ex.o
                0x08004dd8                HAL_TIMEx_CommutCallback
 .text.HAL_TIMEx_BreakCallback
                0x08004dea       0x12 ./Drivers/STM32F1xx_HAL_Driver/Src/stm32f1xx_hal_tim_ex.o
                0x08004dea                HAL_TIMEx_BreakCallback
 .text.HAL_UART_Init
                0x08004dfc       0xa0 ./Drivers/STM32F1xx_HAL_Driver/Src/stm32f1xx_hal_uart.o
                0x08004dfc                HAL_UART_Init
 .text.UART_SetConfig
                0x08004e9c      0x11c ./Drivers/STM32F1xx_HAL_Driver/Src/stm32f1xx_hal_uart.o
 .text.__itoa   0x08004fb8       0x30 C:/ST/STM32CubeIDE_1.16.1/STM32CubeIDE/plugins/com.st.stm32cube.ide.mcu.externaltools.gnu-tools-for-stm32.12.3.rel1.win32_1.0.200.202406191623/tools/bin/../lib/gcc/arm-none-eabi/12.3.1/../../../../arm-none-eabi/lib/thumb/v7-m/nofp\libc_nano.a(libc_a-itoa.o)
                0x08004fb8                __itoa
 .text.itoa     0x08004fe8        0x4 C:/ST/STM32CubeIDE_1.16.1/STM32CubeIDE/plugins/com.st.stm32cube.ide.mcu.externaltools.gnu-tools-for-stm32.12.3.rel1.win32_1.0.200.202406191623/tools/bin/../lib/gcc/arm-none-eabi/12.3.1/../../../../arm-none-eabi/lib/thumb/v7-m/nofp\libc_nano.a(libc_a-itoa.o)
                0x08004fe8                itoa
 .text.__utoa   0x08004fec       0x84 C:/ST/STM32CubeIDE_1.16.1/STM32CubeIDE/plugins/com.st.stm32cube.ide.mcu.externaltools.gnu-tools-for-stm32.12.3.rel1.win32_1.0.200.202406191623/tools/bin/../lib/gcc/arm-none-eabi/12.3.1/../../../../arm-none-eabi/lib/thumb/v7-m/nofp\libc_nano.a(libc_a-utoa.o)
                0x08004fec                __utoa
 .text.sprintf  0x08005070       0x40 C:/ST/STM32CubeIDE_1.16.1/STM32CubeIDE/plugins/com.st.stm32cube.ide.mcu.externaltools.gnu-tools-for-stm32.12.3.rel1.win32_1.0.200.202406191623/tools/bin/../lib/gcc/arm-none-eabi/12.3.1/../../../../arm-none-eabi/lib/thumb/v7-m/nofp\libc_nano.a(libc_a-sprintf.o)
                0x08005070                siprintf
                0x08005070                sprintf
 .text.memset   0x080050b0       0x10 C:/ST/STM32CubeIDE_1.16.1/STM32CubeIDE/plugins/com.st.stm32cube.ide.mcu.externaltools.gnu-tools-for-stm32.12.3.rel1.win32_1.0.200.202406191623/tools/bin/../lib/gcc/arm-none-eabi/12.3.1/../../../../arm-none-eabi/lib/thumb/v7-m/nofp\libc_nano.a(libc_a-memset.o)
                0x080050b0                memset
 .text.__errno  0x080050c0        0xc C:/ST/STM32CubeIDE_1.16.1/STM32CubeIDE/plugins/com.st.stm32cube.ide.mcu.externaltools.gnu-tools-for-stm32.12.3.rel1.win32_1.0.200.202406191623/tools/bin/../lib/gcc/arm-none-eabi/12.3.1/../../../../arm-none-eabi/lib/thumb/v7-m/nofp\libc_nano.a(libc_a-errno.o)
                0x080050c0                __errno
 .text.__libc_init_array
                0x080050cc       0x48 C:/ST/STM32CubeIDE_1.16.1/STM32CubeIDE/plugins/com.st.stm32cube.ide.mcu.externaltools.gnu-tools-for-stm32.12.3.rel1.win32_1.0.200.202406191623/tools/bin/../lib/gcc/arm-none-eabi/12.3.1/../../../../arm-none-eabi/lib/thumb/v7-m/nofp\libc_nano.a(libc_a-init.o)
                0x080050cc                __libc_init_array
 .text.__retarget_lock_acquire_recursive
                0x08005114        0x2 C:/ST/STM32CubeIDE_1.16.1/STM32CubeIDE/plugins/com.st.stm32cube.ide.mcu.externaltools.gnu-tools-for-stm32.12.3.rel1.win32_1.0.200.202406191623/tools/bin/../lib/gcc/arm-none-eabi/12.3.1/../../../../arm-none-eabi/lib/thumb/v7-m/nofp\libc_nano.a(libc_a-lock.o)
                0x08005114                __retarget_lock_acquire_recursive
 .text.__retarget_lock_release_recursive
                0x08005116        0x2 C:/ST/STM32CubeIDE_1.16.1/STM32CubeIDE/plugins/com.st.stm32cube.ide.mcu.externaltools.gnu-tools-for-stm32.12.3.rel1.win32_1.0.200.202406191623/tools/bin/../lib/gcc/arm-none-eabi/12.3.1/../../../../arm-none-eabi/lib/thumb/v7-m/nofp\libc_nano.a(libc_a-lock.o)
                0x08005116                __retarget_lock_release_recursive
 .text._free_r  0x08005118       0x90 C:/ST/STM32CubeIDE_1.16.1/STM32CubeIDE/plugins/com.st.stm32cube.ide.mcu.externaltools.gnu-tools-for-stm32.12.3.rel1.win32_1.0.200.202406191623/tools/bin/../lib/gcc/arm-none-eabi/12.3.1/../../../../arm-none-eabi/lib/thumb/v7-m/nofp\libc_nano.a(libc_a-freer.o)
                0x08005118                _free_r
 .text.sbrk_aligned
                0x080051a8       0x44 C:/ST/STM32CubeIDE_1.16.1/STM32CubeIDE/plugins/com.st.stm32cube.ide.mcu.externaltools.gnu-tools-for-stm32.12.3.rel1.win32_1.0.200.202406191623/tools/bin/../lib/gcc/arm-none-eabi/12.3.1/../../../../arm-none-eabi/lib/thumb/v7-m/nofp\libc_nano.a(libc_a-mallocr.o)
 .text._malloc_r
                0x080051ec      0x100 C:/ST/STM32CubeIDE_1.16.1/STM32CubeIDE/plugins/com.st.stm32cube.ide.mcu.externaltools.gnu-tools-for-stm32.12.3.rel1.win32_1.0.200.202406191623/tools/bin/../lib/gcc/arm-none-eabi/12.3.1/../../../../arm-none-eabi/lib/thumb/v7-m/nofp\libc_nano.a(libc_a-mallocr.o)
                0x080051ec                _malloc_r
 .text.__malloc_lock
                0x080052ec        0xc C:/ST/STM32CubeIDE_1.16.1/STM32CubeIDE/plugins/com.st.stm32cube.ide.mcu.externaltools.gnu-tools-for-stm32.12.3.rel1.win32_1.0.200.202406191623/tools/bin/../lib/gcc/arm-none-eabi/12.3.1/../../../../arm-none-eabi/lib/thumb/v7-m/nofp\libc_nano.a(libc_a-mlock.o)
                0x080052ec                __malloc_lock
 .text.__malloc_unlock
                0x080052f8        0xc C:/ST/STM32CubeIDE_1.16.1/STM32CubeIDE/plugins/com.st.stm32cube.ide.mcu.externaltools.gnu-tools-for-stm32.12.3.rel1.win32_1.0.200.202406191623/tools/bin/../lib/gcc/arm-none-eabi/12.3.1/../../../../arm-none-eabi/lib/thumb/v7-m/nofp\libc_nano.a(libc_a-mlock.o)
                0x080052f8                __malloc_unlock
 .text.__ssputs_r
                0x08005304       0xb6 C:/ST/STM32CubeIDE_1.16.1/STM32CubeIDE/plugins/com.st.stm32cube.ide.mcu.externaltools.gnu-tools-for-stm32.12.3.rel1.win32_1.0.200.202406191623/tools/bin/../lib/gcc/arm-none-eabi/12.3.1/../../../../arm-none-eabi/lib/thumb/v7-m/nofp\libc_nano.a(libc_a-nano-svfprintf.o)
                0x08005304                __ssputs_r
 *fill*         0x080053ba        0x2 
 .text._svfprintf_r
                0x080053bc      0x1f8 C:/ST/STM32CubeIDE_1.16.1/STM32CubeIDE/plugins/com.st.stm32cube.ide.mcu.externaltools.gnu-tools-for-stm32.12.3.rel1.win32_1.0.200.202406191623/tools/bin/../lib/gcc/arm-none-eabi/12.3.1/../../../../arm-none-eabi/lib/thumb/v7-m/nofp\libc_nano.a(libc_a-nano-svfprintf.o)
                0x080053bc                _svfiprintf_r
                0x080053bc                _svfprintf_r
 .text._printf_common
                0x080055b4       0xe4 C:/ST/STM32CubeIDE_1.16.1/STM32CubeIDE/plugins/com.st.stm32cube.ide.mcu.externaltools.gnu-tools-for-stm32.12.3.rel1.win32_1.0.200.202406191623/tools/bin/../lib/gcc/arm-none-eabi/12.3.1/../../../../arm-none-eabi/lib/thumb/v7-m/nofp\libc_nano.a(libc_a-nano-vfprintf_i.o)
                0x080055b4                _printf_common
 .text._printf_i
                0x08005698      0x240 C:/ST/STM32CubeIDE_1.16.1/STM32CubeIDE/plugins/com.st.stm32cube.ide.mcu.externaltools.gnu-tools-for-stm32.12.3.rel1.win32_1.0.200.202406191623/tools/bin/../lib/gcc/arm-none-eabi/12.3.1/../../../../arm-none-eabi/lib/thumb/v7-m/nofp\libc_nano.a(libc_a-nano-vfprintf_i.o)
                0x08005698                _printf_i
 .text.memmove  0x080058d8       0x34 C:/ST/STM32CubeIDE_1.16.1/STM32CubeIDE/plugins/com.st.stm32cube.ide.mcu.externaltools.gnu-tools-for-stm32.12.3.rel1.win32_1.0.200.202406191623/tools/bin/../lib/gcc/arm-none-eabi/12.3.1/../../../../arm-none-eabi/lib/thumb/v7-m/nofp\libc_nano.a(libc_a-memmove.o)
                0x080058d8                memmove
 .text._sbrk_r  0x0800590c       0x20 C:/ST/STM32CubeIDE_1.16.1/STM32CubeIDE/plugins/com.st.stm32cube.ide.mcu.externaltools.gnu-tools-for-stm32.12.3.rel1.win32_1.0.200.202406191623/tools/bin/../lib/gcc/arm-none-eabi/12.3.1/../../../../arm-none-eabi/lib/thumb/v7-m/nofp\libc_nano.a(libc_a-sbrkr.o)
                0x0800590c                _sbrk_r
 .text.memchr   0x0800592c       0x1c C:/ST/STM32CubeIDE_1.16.1/STM32CubeIDE/plugins/com.st.stm32cube.ide.mcu.externaltools.gnu-tools-for-stm32.12.3.rel1.win32_1.0.200.202406191623/tools/bin/../lib/gcc/arm-none-eabi/12.3.1/../../../../arm-none-eabi/lib/thumb/v7-m/nofp\libc_nano.a(libc_a-memchr-stub.o)
                0x0800592c                memchr
 .text.memcpy   0x08005948       0x1c C:/ST/STM32CubeIDE_1.16.1/STM32CubeIDE/plugins/com.st.stm32cube.ide.mcu.externaltools.gnu-tools-for-stm32.12.3.rel1.win32_1.0.200.202406191623/tools/bin/../lib/gcc/arm-none-eabi/12.3.1/../../../../arm-none-eabi/lib/thumb/v7-m/nofp\libc_nano.a(libc_a-memcpy-stub.o)
                0x08005948                memcpy
 .text._realloc_r
                0x08005964       0x5c C:/ST/STM32CubeIDE_1.16.1/STM32CubeIDE/plugins/com.st.stm32cube.ide.mcu.externaltools.gnu-tools-for-stm32.12.3.rel1.win32_1.0.200.202406191623/tools/bin/../lib/gcc/arm-none-eabi/12.3.1/../../../../arm-none-eabi/lib/thumb/v7-m/nofp\libc_nano.a(libc_a-reallocr.o)
                0x08005964                _realloc_r
 .text._malloc_usable_size_r
                0x080059c0       0x10 C:/ST/STM32CubeIDE_1.16.1/STM32CubeIDE/plugins/com.st.stm32cube.ide.mcu.externaltools.gnu-tools-for-stm32.12.3.rel1.win32_1.0.200.202406191623/tools/bin/../lib/gcc/arm-none-eabi/12.3.1/../../../../arm-none-eabi/lib/thumb/v7-m/nofp\libc_nano.a(libc_a-msizer.o)
                0x080059c0                _malloc_usable_size_r
 *(.glue_7)
 .glue_7        0x080059d0        0x0 linker stubs
 *(.glue_7t)
 .glue_7t       0x080059d0        0x0 linker stubs
 *(.eh_frame)
 .eh_frame      0x080059d0        0x0 C:/ST/STM32CubeIDE_1.16.1/STM32CubeIDE/plugins/com.st.stm32cube.ide.mcu.externaltools.gnu-tools-for-stm32.12.3.rel1.win32_1.0.200.202406191623/tools/bin/../lib/gcc/arm-none-eabi/12.3.1/thumb/v7-m/nofp/crtbegin.o
 *(.init)
 .init          0x080059d0        0x4 C:/ST/STM32CubeIDE_1.16.1/STM32CubeIDE/plugins/com.st.stm32cube.ide.mcu.externaltools.gnu-tools-for-stm32.12.3.rel1.win32_1.0.200.202406191623/tools/bin/../lib/gcc/arm-none-eabi/12.3.1/thumb/v7-m/nofp/crti.o
                0x080059d0                _init
 .init          0x080059d4        0x8 C:/ST/STM32CubeIDE_1.16.1/STM32CubeIDE/plugins/com.st.stm32cube.ide.mcu.externaltools.gnu-tools-for-stm32.12.3.rel1.win32_1.0.200.202406191623/tools/bin/../lib/gcc/arm-none-eabi/12.3.1/thumb/v7-m/nofp/crtn.o
 *(.fini)
 .fini          0x080059dc        0x4 C:/ST/STM32CubeIDE_1.16.1/STM32CubeIDE/plugins/com.st.stm32cube.ide.mcu.externaltools.gnu-tools-for-stm32.12.3.rel1.win32_1.0.200.202406191623/tools/bin/../lib/gcc/arm-none-eabi/12.3.1/thumb/v7-m/nofp/crti.o
                0x080059dc                _fini
 .fini          0x080059e0        0x8 C:/ST/STM32CubeIDE_1.16.1/STM32CubeIDE/plugins/com.st.stm32cube.ide.mcu.externaltools.gnu-tools-for-stm32.12.3.rel1.win32_1.0.200.202406191623/tools/bin/../lib/gcc/arm-none-eabi/12.3.1/thumb/v7-m/nofp/crtn.o
                0x080059e8                        . = ALIGN (0x4)
                0x080059e8                        _etext = .

.vfp11_veneer   0x080059e8        0x0
 .vfp11_veneer  0x080059e8        0x0 linker stubs

.v4_bx          0x080059e8        0x0
 .v4_bx         0x080059e8        0x0 linker stubs

.iplt           0x080059e8        0x0
 .iplt          0x080059e8        0x0 C:/ST/STM32CubeIDE_1.16.1/STM32CubeIDE/plugins/com.st.stm32cube.ide.mcu.externaltools.gnu-tools-for-stm32.12.3.rel1.win32_1.0.200.202406191623/tools/bin/../lib/gcc/arm-none-eabi/12.3.1/thumb/v7-m/nofp/crtbegin.o

.rodata         0x080059e8      0xe0c
                0x080059e8                        . = ALIGN (0x4)
 *(.rodata)
 .rodata        0x080059e8       0x2c ./Core/Src/oledController.o
 *(.rodata*)
 .rodata.Font11x18
                0x08005a14      0xd5c ./Core/Src/fonts.o
                0x08005a14                Font11x18
 .rodata.AHBPrescTable
                0x08006770       0x10 ./Core/Src/system_stm32f1xx.o
                0x08006770                AHBPrescTable
 .rodata.APBPrescTable
                0x08006780        0x8 ./Core/Src/system_stm32f1xx.o
                0x08006780                APBPrescTable
 .rodata.aPLLMULFactorTable.1
                0x08006788       0x10 ./Drivers/STM32F1xx_HAL_Driver/Src/stm32f1xx_hal_rcc.o
 .rodata.aPredivFactorTable.0
                0x08006798        0x2 ./Drivers/STM32F1xx_HAL_Driver/Src/stm32f1xx_hal_rcc.o
 .rodata.__utoa.str1.1
                0x0800679a       0x25 C:/ST/STM32CubeIDE_1.16.1/STM32CubeIDE/plugins/com.st.stm32cube.ide.mcu.externaltools.gnu-tools-for-stm32.12.3.rel1.win32_1.0.200.202406191623/tools/bin/../lib/gcc/arm-none-eabi/12.3.1/../../../../arm-none-eabi/lib/thumb/v7-m/nofp\libc_nano.a(libc_a-utoa.o)
 .rodata._svfprintf_r.str1.1
                0x080067bf       0x11 C:/ST/STM32CubeIDE_1.16.1/STM32CubeIDE/plugins/com.st.stm32cube.ide.mcu.externaltools.gnu-tools-for-stm32.12.3.rel1.win32_1.0.200.202406191623/tools/bin/../lib/gcc/arm-none-eabi/12.3.1/../../../../arm-none-eabi/lib/thumb/v7-m/nofp\libc_nano.a(libc_a-nano-svfprintf.o)
 .rodata._printf_i.str1.1
                0x080067d0       0x22 C:/ST/STM32CubeIDE_1.16.1/STM32CubeIDE/plugins/com.st.stm32cube.ide.mcu.externaltools.gnu-tools-for-stm32.12.3.rel1.win32_1.0.200.202406191623/tools/bin/../lib/gcc/arm-none-eabi/12.3.1/../../../../arm-none-eabi/lib/thumb/v7-m/nofp\libc_nano.a(libc_a-nano-vfprintf_i.o)
                0x080067f4                        . = ALIGN (0x4)
 *fill*         0x080067f2        0x2 

.ARM.extab      0x080067f4        0x0
                0x080067f4                        . = ALIGN (0x4)
 *(.ARM.extab* .gnu.linkonce.armextab.*)
                0x080067f4                        . = ALIGN (0x4)

.ARM            0x080067f4        0x8
                0x080067f4                        . = ALIGN (0x4)
                0x080067f4                        __exidx_start = .
 *(.ARM.exidx*)
 .ARM.exidx     0x080067f4        0x8 C:/ST/STM32CubeIDE_1.16.1/STM32CubeIDE/plugins/com.st.stm32cube.ide.mcu.externaltools.gnu-tools-for-stm32.12.3.rel1.win32_1.0.200.202406191623/tools/bin/../lib/gcc/arm-none-eabi/12.3.1/../../../../arm-none-eabi/lib/thumb/v7-m/nofp\libc_nano.a(libc_a-strlen.o)
                0x080067fc                        __exidx_end = .
                0x080067fc                        . = ALIGN (0x4)

.preinit_array  0x080067fc        0x0
                0x080067fc                        . = ALIGN (0x4)
                0x080067fc                        PROVIDE (__preinit_array_start = .)
 *(.preinit_array*)
                0x080067fc                        PROVIDE (__preinit_array_end = .)
                0x080067fc                        . = ALIGN (0x4)

.init_array     0x080067fc        0x4
                0x080067fc                        . = ALIGN (0x4)
                0x080067fc                        PROVIDE (__init_array_start = .)
 *(SORT_BY_NAME(.init_array.*))
 *(.init_array*)
 .init_array    0x080067fc        0x4 C:/ST/STM32CubeIDE_1.16.1/STM32CubeIDE/plugins/com.st.stm32cube.ide.mcu.externaltools.gnu-tools-for-stm32.12.3.rel1.win32_1.0.200.202406191623/tools/bin/../lib/gcc/arm-none-eabi/12.3.1/thumb/v7-m/nofp/crtbegin.o
                0x08006800                        PROVIDE (__init_array_end = .)
                0x08006800                        . = ALIGN (0x4)

.fini_array     0x08006800        0x4
                0x08006800                        . = ALIGN (0x4)
                [!provide]                        PROVIDE (__fini_array_start = .)
 *(SORT_BY_NAME(.fini_array.*))
 *(.fini_array*)
 .fini_array    0x08006800        0x4 C:/ST/STM32CubeIDE_1.16.1/STM32CubeIDE/plugins/com.st.stm32cube.ide.mcu.externaltools.gnu-tools-for-stm32.12.3.rel1.win32_1.0.200.202406191623/tools/bin/../lib/gcc/arm-none-eabi/12.3.1/thumb/v7-m/nofp/crtbegin.o
                [!provide]                        PROVIDE (__fini_array_end = .)
                0x08006804                        . = ALIGN (0x4)
                0x08006804                        _sidata = LOADADDR (.data)

.rel.dyn        0x08006804        0x0
 .rel.iplt      0x08006804        0x0 C:/ST/STM32CubeIDE_1.16.1/STM32CubeIDE/plugins/com.st.stm32cube.ide.mcu.externaltools.gnu-tools-for-stm32.12.3.rel1.win32_1.0.200.202406191623/tools/bin/../lib/gcc/arm-none-eabi/12.3.1/thumb/v7-m/nofp/crtbegin.o

.data           0x20000000       0x6c load address 0x08006804
                0x20000000                        . = ALIGN (0x4)
                0x20000000                        _sdata = .
 *(.data)
 *(.data*)
 .data.Font_11x18
                0x20000000        0x8 ./Core/Src/fonts.o
                0x20000000                Font_11x18
 .data.m_desired_temper
                0x20000008        0x4 ./Core/Src/heaterController.o
 .data.m_fixed_temper
                0x2000000c        0x4 ./Core/Src/heaterController.o
 .data.SystemCoreClock
                0x20000010        0x4 ./Core/Src/system_stm32f1xx.o
                0x20000010                SystemCoreClock
 .data.uwTickPrio
                0x20000014        0x4 ./Drivers/STM32F1xx_HAL_Driver/Src/stm32f1xx_hal.o
                0x20000014                uwTickPrio
 .data.uwTickFreq
                0x20000018        0x1 ./Drivers/STM32F1xx_HAL_Driver/Src/stm32f1xx_hal.o
                0x20000018                uwTickFreq
 *fill*         0x20000019        0x3 
 .data._impure_ptr
                0x2000001c        0x4 C:/ST/STM32CubeIDE_1.16.1/STM32CubeIDE/plugins/com.st.stm32cube.ide.mcu.externaltools.gnu-tools-for-stm32.12.3.rel1.win32_1.0.200.202406191623/tools/bin/../lib/gcc/arm-none-eabi/12.3.1/../../../../arm-none-eabi/lib/thumb/v7-m/nofp\libc_nano.a(libc_a-impure.o)
                0x2000001c                _impure_ptr
 .data._impure_data
                0x20000020       0x4c C:/ST/STM32CubeIDE_1.16.1/STM32CubeIDE/plugins/com.st.stm32cube.ide.mcu.externaltools.gnu-tools-for-stm32.12.3.rel1.win32_1.0.200.202406191623/tools/bin/../lib/gcc/arm-none-eabi/12.3.1/../../../../arm-none-eabi/lib/thumb/v7-m/nofp\libc_nano.a(libc_a-impure.o)
                0x20000020                _impure_data
 *(.RamFunc)
 *(.RamFunc*)
                0x2000006c                        . = ALIGN (0x4)
                0x2000006c                        _edata = .

.igot.plt       0x2000006c        0x0 load address 0x08006870
 .igot.plt      0x2000006c        0x0 C:/ST/STM32CubeIDE_1.16.1/STM32CubeIDE/plugins/com.st.stm32cube.ide.mcu.externaltools.gnu-tools-for-stm32.12.3.rel1.win32_1.0.200.202406191623/tools/bin/../lib/gcc/arm-none-eabi/12.3.1/thumb/v7-m/nofp/crtbegin.o
                0x2000006c                        . = ALIGN (0x4)

.bss            0x2000006c      0x768 load address 0x08006870
                0x2000006c                        _sbss = .
                0x2000006c                        __bss_start__ = _sbss
 *(.bss)
 .bss           0x2000006c       0x1c C:/ST/STM32CubeIDE_1.16.1/STM32CubeIDE/plugins/com.st.stm32cube.ide.mcu.externaltools.gnu-tools-for-stm32.12.3.rel1.win32_1.0.200.202406191623/tools/bin/../lib/gcc/arm-none-eabi/12.3.1/thumb/v7-m/nofp/crtbegin.o
 *(.bss*)
 .bss.count     0x20000088        0x4 ./Core/Src/buttonController.o
                0x20000088                count
 .bss.temperSensor
                0x2000008c       0x10 ./Core/Src/ds18b20.o
                0x2000008c                temperSensor
 .bss.OneWire   0x2000009c       0x14 ./Core/Src/ds18b20.o
                0x2000009c                OneWire
 .bss.m_init    0x200000b0        0x1 ./Core/Src/ds18b20.o
 .bss.m_busy    0x200000b1        0x1 ./Core/Src/ds18b20.o
 .bss.m_isConverting
                0x200000b2        0x1 ./Core/Src/ds18b20.o
 *fill*         0x200000b3        0x1 
 .bss._LED_0F   0x200000b4       0x1d ./Core/Src/fnd_controller.o
                0x200000b4                _LED_0F
 *fill*         0x200000d1        0x3 
 .bss.m_hspi    0x200000d4        0x4 ./Core/Src/fnd_controller.o
 .bss.m_tempercount
                0x200000d8        0x1 ./Core/Src/fnd_controller.o
 .bss.m_state   0x200000d9        0x1 ./Core/Src/heaterController.o
 .bss.g_f_sw_up
                0x200000da        0x1 ./Core/Src/main.o
                0x200000da                g_f_sw_up
 .bss.g_f_sw_down
                0x200000db        0x1 ./Core/Src/main.o
                0x200000db                g_f_sw_down
 .bss.g_f_sw_fix
                0x200000dc        0x1 ./Core/Src/main.o
                0x200000dc                g_f_sw_fix
 .bss.g_f_sw_on
                0x200000dd        0x1 ./Core/Src/main.o
                0x200000dd                g_f_sw_on
 *fill*         0x200000de        0x2 
 .bss.hi2c2     0x200000e0       0x54 ./Core/Src/main.o
                0x200000e0                hi2c2
 .bss.hspi2     0x20000134       0x58 ./Core/Src/main.o
                0x20000134                hspi2
 .bss.htim2     0x2000018c       0x48 ./Core/Src/main.o
                0x2000018c                htim2
 .bss.htim3     0x200001d4       0x48 ./Core/Src/main.o
                0x200001d4                htim3
 .bss.huart1    0x2000021c       0x48 ./Core/Src/main.o
                0x2000021c                huart1
 .bss.m_count.1
                0x20000264        0x4 ./Core/Src/main.o
 .bss.m_first.0
                0x20000268        0x4 ./Core/Src/main.o
 .bss.m_toggle  0x2000026c        0x1 ./Core/Src/oledController.o
 .bss.m_toggle_count
                0x2000026d        0x1 ./Core/Src/oledController.o
 .bss.m_busy_line
                0x2000026e        0x1 ./Core/Src/onewire.o
 *fill*         0x2000026f        0x1 
 .bss.SSD1306_Buffer
                0x20000270      0x400 ./Core/Src/ssd1306.o
 .bss.SSD1306   0x20000670        0x6 ./Core/Src/ssd1306.o
 *fill*         0x20000676        0x2 
 .bss.m_button_before_time
                0x20000678        0x4 ./Core/Src/stm32f1xx_it.o
 .bss.m_power_sw_timer
                0x2000067c        0x4 ./Core/Src/stm32f1xx_it.o
 .bss.m_toggle_timer
                0x20000680        0x4 ./Core/Src/stm32f1xx_it.o
 .bss.__sbrk_heap_end
                0x20000684        0x4 ./Core/Src/sysmem.o
 .bss.uwTick    0x20000688        0x4 ./Drivers/STM32F1xx_HAL_Driver/Src/stm32f1xx_hal.o
                0x20000688                uwTick
 .bss.__sf      0x2000068c      0x138 C:/ST/STM32CubeIDE_1.16.1/STM32CubeIDE/plugins/com.st.stm32cube.ide.mcu.externaltools.gnu-tools-for-stm32.12.3.rel1.win32_1.0.200.202406191623/tools/bin/../lib/gcc/arm-none-eabi/12.3.1/../../../../arm-none-eabi/lib/thumb/v7-m/nofp\libc_nano.a(libc_a-findfp.o)
                0x2000068c                __sf
 .bss.errno     0x200007c4        0x4 C:/ST/STM32CubeIDE_1.16.1/STM32CubeIDE/plugins/com.st.stm32cube.ide.mcu.externaltools.gnu-tools-for-stm32.12.3.rel1.win32_1.0.200.202406191623/tools/bin/../lib/gcc/arm-none-eabi/12.3.1/../../../../arm-none-eabi/lib/thumb/v7-m/nofp\libc_nano.a(libc_a-reent.o)
                0x200007c4                errno
 .bss.__lock___malloc_recursive_mutex
                0x200007c8        0x1 C:/ST/STM32CubeIDE_1.16.1/STM32CubeIDE/plugins/com.st.stm32cube.ide.mcu.externaltools.gnu-tools-for-stm32.12.3.rel1.win32_1.0.200.202406191623/tools/bin/../lib/gcc/arm-none-eabi/12.3.1/../../../../arm-none-eabi/lib/thumb/v7-m/nofp\libc_nano.a(libc_a-lock.o)
                0x200007c8                __lock___malloc_recursive_mutex
 *fill*         0x200007c9        0x3 
 .bss.__malloc_sbrk_start
                0x200007cc        0x4 C:/ST/STM32CubeIDE_1.16.1/STM32CubeIDE/plugins/com.st.stm32cube.ide.mcu.externaltools.gnu-tools-for-stm32.12.3.rel1.win32_1.0.200.202406191623/tools/bin/../lib/gcc/arm-none-eabi/12.3.1/../../../../arm-none-eabi/lib/thumb/v7-m/nofp\libc_nano.a(libc_a-mallocr.o)
                0x200007cc                __malloc_sbrk_start
 .bss.__malloc_free_list
                0x200007d0        0x4 C:/ST/STM32CubeIDE_1.16.1/STM32CubeIDE/plugins/com.st.stm32cube.ide.mcu.externaltools.gnu-tools-for-stm32.12.3.rel1.win32_1.0.200.202406191623/tools/bin/../lib/gcc/arm-none-eabi/12.3.1/../../../../arm-none-eabi/lib/thumb/v7-m/nofp\libc_nano.a(libc_a-mallocr.o)
                0x200007d0                __malloc_free_list
 *(COMMON)
                0x200007d4                        . = ALIGN (0x4)
                0x200007d4                        _ebss = .
                0x200007d4                        __bss_end__ = _ebss

._user_heap_stack
                0x200007d4      0x604 load address 0x08006870
                0x200007d8                        . = ALIGN (0x8)
 *fill*         0x200007d4        0x4 
                [!provide]                        PROVIDE (end = .)
                0x200007d8                        PROVIDE (_end = .)
                0x200009d8                        . = (. + _Min_Heap_Size)
 *fill*         0x200007d8      0x200 
                0x20000dd8                        . = (. + _Min_Stack_Size)
 *fill*         0x200009d8      0x400 
                0x20000dd8                        . = ALIGN (0x8)

/DISCARD/
 libc.a(*)
 libm.a(*)
 libgcc.a(*)

.ARM.attributes
                0x00000000       0x29
 *(.ARM.attributes)
 .ARM.attributes
                0x00000000       0x1d C:/ST/STM32CubeIDE_1.16.1/STM32CubeIDE/plugins/com.st.stm32cube.ide.mcu.externaltools.gnu-tools-for-stm32.12.3.rel1.win32_1.0.200.202406191623/tools/bin/../lib/gcc/arm-none-eabi/12.3.1/thumb/v7-m/nofp/crti.o
 .ARM.attributes
                0x0000001d       0x2d C:/ST/STM32CubeIDE_1.16.1/STM32CubeIDE/plugins/com.st.stm32cube.ide.mcu.externaltools.gnu-tools-for-stm32.12.3.rel1.win32_1.0.200.202406191623/tools/bin/../lib/gcc/arm-none-eabi/12.3.1/thumb/v7-m/nofp/crtbegin.o
 .ARM.attributes
                0x0000004a       0x2d ./Core/Src/buttonController.o
 .ARM.attributes
                0x00000077       0x2d ./Core/Src/ds18b20.o
 .ARM.attributes
                0x000000a4       0x2d ./Core/Src/fnd_controller.o
 .ARM.attributes
                0x000000d1       0x2d ./Core/Src/fonts.o
 .ARM.attributes
                0x000000fe       0x2d ./Core/Src/heaterController.o
 .ARM.attributes
                0x0000012b       0x2d ./Core/Src/ledController.o
 .ARM.attributes
                0x00000158       0x2d ./Core/Src/main.o
 .ARM.attributes
                0x00000185       0x2d ./Core/Src/oledController.o
 .ARM.attributes
                0x000001b2       0x2d ./Core/Src/onewire.o
 .ARM.attributes
                0x000001df       0x2d ./Core/Src/ssd1306.o
 .ARM.attributes
                0x0000020c       0x2d ./Core/Src/stm32f1xx_hal_msp.o
 .ARM.attributes
                0x00000239       0x2d ./Core/Src/stm32f1xx_it.o
 .ARM.attributes
                0x00000266       0x2d ./Core/Src/sysmem.o
 .ARM.attributes
                0x00000293       0x2d ./Core/Src/system_stm32f1xx.o
 .ARM.attributes
                0x000002c0       0x21 ./Core/Startup/startup_stm32f103c8tx.o
 .ARM.attributes
                0x000002e1       0x2d ./Drivers/STM32F1xx_HAL_Driver/Src/stm32f1xx_hal.o
 .ARM.attributes
                0x0000030e       0x2d ./Drivers/STM32F1xx_HAL_Driver/Src/stm32f1xx_hal_cortex.o
 .ARM.attributes
                0x0000033b       0x2d ./Drivers/STM32F1xx_HAL_Driver/Src/stm32f1xx_hal_gpio.o
 .ARM.attributes
                0x00000368       0x2d ./Drivers/STM32F1xx_HAL_Driver/Src/stm32f1xx_hal_i2c.o
 .ARM.attributes
                0x00000395       0x2d ./Drivers/STM32F1xx_HAL_Driver/Src/stm32f1xx_hal_rcc.o
 .ARM.attributes
                0x000003c2       0x2d ./Drivers/STM32F1xx_HAL_Driver/Src/stm32f1xx_hal_spi.o
 .ARM.attributes
                0x000003ef       0x2d ./Drivers/STM32F1xx_HAL_Driver/Src/stm32f1xx_hal_tim.o
 .ARM.attributes
                0x0000041c       0x2d ./Drivers/STM32F1xx_HAL_Driver/Src/stm32f1xx_hal_tim_ex.o
 .ARM.attributes
                0x00000449       0x2d ./Drivers/STM32F1xx_HAL_Driver/Src/stm32f1xx_hal_uart.o
 .ARM.attributes
                0x00000476       0x2d C:/ST/STM32CubeIDE_1.16.1/STM32CubeIDE/plugins/com.st.stm32cube.ide.mcu.externaltools.gnu-tools-for-stm32.12.3.rel1.win32_1.0.200.202406191623/tools/bin/../lib/gcc/arm-none-eabi/12.3.1/../../../../arm-none-eabi/lib/thumb/v7-m/nofp\libc_nano.a(libc_a-itoa.o)
 .ARM.attributes
                0x000004a3       0x2d C:/ST/STM32CubeIDE_1.16.1/STM32CubeIDE/plugins/com.st.stm32cube.ide.mcu.externaltools.gnu-tools-for-stm32.12.3.rel1.win32_1.0.200.202406191623/tools/bin/../lib/gcc/arm-none-eabi/12.3.1/../../../../arm-none-eabi/lib/thumb/v7-m/nofp\libc_nano.a(libc_a-utoa.o)
 .ARM.attributes
                0x000004d0       0x2d C:/ST/STM32CubeIDE_1.16.1/STM32CubeIDE/plugins/com.st.stm32cube.ide.mcu.externaltools.gnu-tools-for-stm32.12.3.rel1.win32_1.0.200.202406191623/tools/bin/../lib/gcc/arm-none-eabi/12.3.1/../../../../arm-none-eabi/lib/thumb/v7-m/nofp\libc_nano.a(libc_a-findfp.o)
 .ARM.attributes
                0x000004fd       0x2d C:/ST/STM32CubeIDE_1.16.1/STM32CubeIDE/plugins/com.st.stm32cube.ide.mcu.externaltools.gnu-tools-for-stm32.12.3.rel1.win32_1.0.200.202406191623/tools/bin/../lib/gcc/arm-none-eabi/12.3.1/../../../../arm-none-eabi/lib/thumb/v7-m/nofp\libc_nano.a(libc_a-sprintf.o)
 .ARM.attributes
                0x0000052a       0x2d C:/ST/STM32CubeIDE_1.16.1/STM32CubeIDE/plugins/com.st.stm32cube.ide.mcu.externaltools.gnu-tools-for-stm32.12.3.rel1.win32_1.0.200.202406191623/tools/bin/../lib/gcc/arm-none-eabi/12.3.1/../../../../arm-none-eabi/lib/thumb/v7-m/nofp\libc_nano.a(libc_a-memset.o)
 .ARM.attributes
                0x00000557       0x2d C:/ST/STM32CubeIDE_1.16.1/STM32CubeIDE/plugins/com.st.stm32cube.ide.mcu.externaltools.gnu-tools-for-stm32.12.3.rel1.win32_1.0.200.202406191623/tools/bin/../lib/gcc/arm-none-eabi/12.3.1/../../../../arm-none-eabi/lib/thumb/v7-m/nofp\libc_nano.a(libc_a-reent.o)
 .ARM.attributes
                0x00000584       0x2d C:/ST/STM32CubeIDE_1.16.1/STM32CubeIDE/plugins/com.st.stm32cube.ide.mcu.externaltools.gnu-tools-for-stm32.12.3.rel1.win32_1.0.200.202406191623/tools/bin/../lib/gcc/arm-none-eabi/12.3.1/../../../../arm-none-eabi/lib/thumb/v7-m/nofp\libc_nano.a(libc_a-impure.o)
 .ARM.attributes
                0x000005b1       0x2d C:/ST/STM32CubeIDE_1.16.1/STM32CubeIDE/plugins/com.st.stm32cube.ide.mcu.externaltools.gnu-tools-for-stm32.12.3.rel1.win32_1.0.200.202406191623/tools/bin/../lib/gcc/arm-none-eabi/12.3.1/../../../../arm-none-eabi/lib/thumb/v7-m/nofp\libc_nano.a(libc_a-errno.o)
 .ARM.attributes
                0x000005de       0x2d C:/ST/STM32CubeIDE_1.16.1/STM32CubeIDE/plugins/com.st.stm32cube.ide.mcu.externaltools.gnu-tools-for-stm32.12.3.rel1.win32_1.0.200.202406191623/tools/bin/../lib/gcc/arm-none-eabi/12.3.1/../../../../arm-none-eabi/lib/thumb/v7-m/nofp\libc_nano.a(libc_a-init.o)
 .ARM.attributes
                0x0000060b       0x2d C:/ST/STM32CubeIDE_1.16.1/STM32CubeIDE/plugins/com.st.stm32cube.ide.mcu.externaltools.gnu-tools-for-stm32.12.3.rel1.win32_1.0.200.202406191623/tools/bin/../lib/gcc/arm-none-eabi/12.3.1/../../../../arm-none-eabi/lib/thumb/v7-m/nofp\libc_nano.a(libc_a-lock.o)
 .ARM.attributes
                0x00000638       0x17 C:/ST/STM32CubeIDE_1.16.1/STM32CubeIDE/plugins/com.st.stm32cube.ide.mcu.externaltools.gnu-tools-for-stm32.12.3.rel1.win32_1.0.200.202406191623/tools/bin/../lib/gcc/arm-none-eabi/12.3.1/../../../../arm-none-eabi/lib/thumb/v7-m/nofp\libc_nano.a(libc_a-strlen.o)
 .ARM.attributes
                0x0000064f       0x2d C:/ST/STM32CubeIDE_1.16.1/STM32CubeIDE/plugins/com.st.stm32cube.ide.mcu.externaltools.gnu-tools-for-stm32.12.3.rel1.win32_1.0.200.202406191623/tools/bin/../lib/gcc/arm-none-eabi/12.3.1/../../../../arm-none-eabi/lib/thumb/v7-m/nofp\libc_nano.a(libc_a-freer.o)
 .ARM.attributes
                0x0000067c       0x2d C:/ST/STM32CubeIDE_1.16.1/STM32CubeIDE/plugins/com.st.stm32cube.ide.mcu.externaltools.gnu-tools-for-stm32.12.3.rel1.win32_1.0.200.202406191623/tools/bin/../lib/gcc/arm-none-eabi/12.3.1/../../../../arm-none-eabi/lib/thumb/v7-m/nofp\libc_nano.a(libc_a-mallocr.o)
 .ARM.attributes
                0x000006a9       0x2d C:/ST/STM32CubeIDE_1.16.1/STM32CubeIDE/plugins/com.st.stm32cube.ide.mcu.externaltools.gnu-tools-for-stm32.12.3.rel1.win32_1.0.200.202406191623/tools/bin/../lib/gcc/arm-none-eabi/12.3.1/../../../../arm-none-eabi/lib/thumb/v7-m/nofp\libc_nano.a(libc_a-mlock.o)
 .ARM.attributes
                0x000006d6       0x2d C:/ST/STM32CubeIDE_1.16.1/STM32CubeIDE/plugins/com.st.stm32cube.ide.mcu.externaltools.gnu-tools-for-stm32.12.3.rel1.win32_1.0.200.202406191623/tools/bin/../lib/gcc/arm-none-eabi/12.3.1/../../../../arm-none-eabi/lib/thumb/v7-m/nofp\libc_nano.a(libc_a-nano-svfprintf.o)
 .ARM.attributes
                0x00000703       0x2d C:/ST/STM32CubeIDE_1.16.1/STM32CubeIDE/plugins/com.st.stm32cube.ide.mcu.externaltools.gnu-tools-for-stm32.12.3.rel1.win32_1.0.200.202406191623/tools/bin/../lib/gcc/arm-none-eabi/12.3.1/../../../../arm-none-eabi/lib/thumb/v7-m/nofp\libc_nano.a(libc_a-nano-vfprintf_i.o)
 .ARM.attributes
                0x00000730       0x2d C:/ST/STM32CubeIDE_1.16.1/STM32CubeIDE/plugins/com.st.stm32cube.ide.mcu.externaltools.gnu-tools-for-stm32.12.3.rel1.win32_1.0.200.202406191623/tools/bin/../lib/gcc/arm-none-eabi/12.3.1/../../../../arm-none-eabi/lib/thumb/v7-m/nofp\libc_nano.a(libc_a-memmove.o)
 .ARM.attributes
                0x0000075d       0x2d C:/ST/STM32CubeIDE_1.16.1/STM32CubeIDE/plugins/com.st.stm32cube.ide.mcu.externaltools.gnu-tools-for-stm32.12.3.rel1.win32_1.0.200.202406191623/tools/bin/../lib/gcc/arm-none-eabi/12.3.1/../../../../arm-none-eabi/lib/thumb/v7-m/nofp\libc_nano.a(libc_a-sbrkr.o)
 .ARM.attributes
                0x0000078a       0x2d C:/ST/STM32CubeIDE_1.16.1/STM32CubeIDE/plugins/com.st.stm32cube.ide.mcu.externaltools.gnu-tools-for-stm32.12.3.rel1.win32_1.0.200.202406191623/tools/bin/../lib/gcc/arm-none-eabi/12.3.1/../../../../arm-none-eabi/lib/thumb/v7-m/nofp\libc_nano.a(libc_a-memchr-stub.o)
 .ARM.attributes
                0x000007b7       0x2d C:/ST/STM32CubeIDE_1.16.1/STM32CubeIDE/plugins/com.st.stm32cube.ide.mcu.externaltools.gnu-tools-for-stm32.12.3.rel1.win32_1.0.200.202406191623/tools/bin/../lib/gcc/arm-none-eabi/12.3.1/../../../../arm-none-eabi/lib/thumb/v7-m/nofp\libc_nano.a(libc_a-memcpy-stub.o)
 .ARM.attributes
                0x000007e4       0x2d C:/ST/STM32CubeIDE_1.16.1/STM32CubeIDE/plugins/com.st.stm32cube.ide.mcu.externaltools.gnu-tools-for-stm32.12.3.rel1.win32_1.0.200.202406191623/tools/bin/../lib/gcc/arm-none-eabi/12.3.1/../../../../arm-none-eabi/lib/thumb/v7-m/nofp\libc_nano.a(libc_a-reallocr.o)
 .ARM.attributes
                0x00000811       0x2d C:/ST/STM32CubeIDE_1.16.1/STM32CubeIDE/plugins/com.st.stm32cube.ide.mcu.externaltools.gnu-tools-for-stm32.12.3.rel1.win32_1.0.200.202406191623/tools/bin/../lib/gcc/arm-none-eabi/12.3.1/../../../../arm-none-eabi/lib/thumb/v7-m/nofp\libc_nano.a(libc_a-msizer.o)
 .ARM.attributes
                0x0000083e       0x1d C:/ST/STM32CubeIDE_1.16.1/STM32CubeIDE/plugins/com.st.stm32cube.ide.mcu.externaltools.gnu-tools-for-stm32.12.3.rel1.win32_1.0.200.202406191623/tools/bin/../lib/gcc/arm-none-eabi/12.3.1/thumb/v7-m/nofp\libgcc.a(_arm_mulsf3.o)
 .ARM.attributes
                0x0000085b       0x1d C:/ST/STM32CubeIDE_1.16.1/STM32CubeIDE/plugins/com.st.stm32cube.ide.mcu.externaltools.gnu-tools-for-stm32.12.3.rel1.win32_1.0.200.202406191623/tools/bin/../lib/gcc/arm-none-eabi/12.3.1/thumb/v7-m/nofp\libgcc.a(_arm_addsubsf3.o)
 .ARM.attributes
                0x00000878       0x1d C:/ST/STM32CubeIDE_1.16.1/STM32CubeIDE/plugins/com.st.stm32cube.ide.mcu.externaltools.gnu-tools-for-stm32.12.3.rel1.win32_1.0.200.202406191623/tools/bin/../lib/gcc/arm-none-eabi/12.3.1/thumb/v7-m/nofp\libgcc.a(_arm_fixsfsi.o)
 .ARM.attributes
                0x00000895       0x1d C:/ST/STM32CubeIDE_1.16.1/STM32CubeIDE/plugins/com.st.stm32cube.ide.mcu.externaltools.gnu-tools-for-stm32.12.3.rel1.win32_1.0.200.202406191623/tools/bin/../lib/gcc/arm-none-eabi/12.3.1/thumb/v7-m/nofp/crtn.o
OUTPUT(dryer.elf elf32-littlearm)
LOAD linker stubs
LOAD C:/ST/STM32CubeIDE_1.16.1/STM32CubeIDE/plugins/com.st.stm32cube.ide.mcu.externaltools.gnu-tools-for-stm32.12.3.rel1.win32_1.0.200.202406191623/tools/bin/../lib/gcc/arm-none-eabi/12.3.1/../../../../arm-none-eabi/lib/thumb/v7-m/nofp\libc.a
LOAD C:/ST/STM32CubeIDE_1.16.1/STM32CubeIDE/plugins/com.st.stm32cube.ide.mcu.externaltools.gnu-tools-for-stm32.12.3.rel1.win32_1.0.200.202406191623/tools/bin/../lib/gcc/arm-none-eabi/12.3.1/../../../../arm-none-eabi/lib/thumb/v7-m/nofp\libm.a
LOAD C:/ST/STM32CubeIDE_1.16.1/STM32CubeIDE/plugins/com.st.stm32cube.ide.mcu.externaltools.gnu-tools-for-stm32.12.3.rel1.win32_1.0.200.202406191623/tools/bin/../lib/gcc/arm-none-eabi/12.3.1/thumb/v7-m/nofp\libgcc.a

.debug_info     0x00000000    0x13848
 .debug_info    0x00000000      0x20d ./Core/Src/buttonController.o
 .debug_info    0x0000020d      0x902 ./Core/Src/ds18b20.o
 .debug_info    0x00000b0f      0x927 ./Core/Src/fnd_controller.o
 .debug_info    0x00001436      0x255 ./Core/Src/fonts.o
 .debug_info    0x0000168b      0x2c4 ./Core/Src/heaterController.o
 .debug_info    0x0000194f      0x1c9 ./Core/Src/ledController.o
 .debug_info    0x00001b18     0x1775 ./Core/Src/main.o
 .debug_info    0x0000328d      0x323 ./Core/Src/oledController.o
 .debug_info    0x000035b0      0xdcb ./Core/Src/onewire.o
 .debug_info    0x0000437b     0x1028 ./Core/Src/ssd1306.o
 .debug_info    0x000053a3     0x1361 ./Core/Src/stm32f1xx_hal_msp.o
 .debug_info    0x00006704      0x84d ./Core/Src/stm32f1xx_it.o
 .debug_info    0x00006f51      0x168 ./Core/Src/sysmem.o
 .debug_info    0x000070b9      0x222 ./Core/Src/system_stm32f1xx.o
 .debug_info    0x000072db       0x30 ./Core/Startup/startup_stm32f103c8tx.o
 .debug_info    0x0000730b      0x704 ./Drivers/STM32F1xx_HAL_Driver/Src/stm32f1xx_hal.o
 .debug_info    0x00007a0f      0xa87 ./Drivers/STM32F1xx_HAL_Driver/Src/stm32f1xx_hal_cortex.o
 .debug_info    0x00008496      0x5ab ./Drivers/STM32F1xx_HAL_Driver/Src/stm32f1xx_hal_gpio.o
 .debug_info    0x00008a41     0x2524 ./Drivers/STM32F1xx_HAL_Driver/Src/stm32f1xx_hal_i2c.o
 .debug_info    0x0000af65      0x7d5 ./Drivers/STM32F1xx_HAL_Driver/Src/stm32f1xx_hal_rcc.o
 .debug_info    0x0000b73a     0x142d ./Drivers/STM32F1xx_HAL_Driver/Src/stm32f1xx_hal_spi.o
 .debug_info    0x0000cb67     0x2959 ./Drivers/STM32F1xx_HAL_Driver/Src/stm32f1xx_hal_tim.o
 .debug_info    0x0000f4c0     0x149b ./Drivers/STM32F1xx_HAL_Driver/Src/stm32f1xx_hal_tim_ex.o
 .debug_info    0x0001095b     0x2eed ./Drivers/STM32F1xx_HAL_Driver/Src/stm32f1xx_hal_uart.o

.debug_abbrev   0x00000000     0x3238
 .debug_abbrev  0x00000000      0x150 ./Core/Src/buttonController.o
 .debug_abbrev  0x00000150      0x310 ./Core/Src/ds18b20.o
 .debug_abbrev  0x00000460      0x1ec ./Core/Src/fnd_controller.o
 .debug_abbrev  0x0000064c      0x11c ./Core/Src/fonts.o
 .debug_abbrev  0x00000768      0x18b ./Core/Src/heaterController.o
 .debug_abbrev  0x000008f3      0x110 ./Core/Src/ledController.o
 .debug_abbrev  0x00000a03      0x365 ./Core/Src/main.o
 .debug_abbrev  0x00000d68      0x1c2 ./Core/Src/oledController.o
 .debug_abbrev  0x00000f2a      0x313 ./Core/Src/onewire.o
 .debug_abbrev  0x0000123d      0x30d ./Core/Src/ssd1306.o
 .debug_abbrev  0x0000154a      0x21f ./Core/Src/stm32f1xx_hal_msp.o
 .debug_abbrev  0x00001769      0x22c ./Core/Src/stm32f1xx_it.o
 .debug_abbrev  0x00001995       0xbc ./Core/Src/sysmem.o
 .debug_abbrev  0x00001a51      0x13f ./Core/Src/system_stm32f1xx.o
 .debug_abbrev  0x00001b90       0x24 ./Core/Startup/startup_stm32f103c8tx.o
 .debug_abbrev  0x00001bb4      0x201 ./Drivers/STM32F1xx_HAL_Driver/Src/stm32f1xx_hal.o
 .debug_abbrev  0x00001db5      0x2f8 ./Drivers/STM32F1xx_HAL_Driver/Src/stm32f1xx_hal_cortex.o
 .debug_abbrev  0x000020ad      0x1ca ./Drivers/STM32F1xx_HAL_Driver/Src/stm32f1xx_hal_gpio.o
 .debug_abbrev  0x00002277      0x2a3 ./Drivers/STM32F1xx_HAL_Driver/Src/stm32f1xx_hal_i2c.o
 .debug_abbrev  0x0000251a      0x2b3 ./Drivers/STM32F1xx_HAL_Driver/Src/stm32f1xx_hal_rcc.o
 .debug_abbrev  0x000027cd      0x27a ./Drivers/STM32F1xx_HAL_Driver/Src/stm32f1xx_hal_spi.o
 .debug_abbrev  0x00002a47      0x277 ./Drivers/STM32F1xx_HAL_Driver/Src/stm32f1xx_hal_tim.o
 .debug_abbrev  0x00002cbe      0x282 ./Drivers/STM32F1xx_HAL_Driver/Src/stm32f1xx_hal_tim_ex.o
 .debug_abbrev  0x00002f40      0x2f8 ./Drivers/STM32F1xx_HAL_Driver/Src/stm32f1xx_hal_uart.o

.debug_aranges  0x00000000     0x1468
 .debug_aranges
                0x00000000       0x28 ./Core/Src/buttonController.o
 .debug_aranges
                0x00000028       0xc0 ./Core/Src/ds18b20.o
 .debug_aranges
                0x000000e8       0x70 ./Core/Src/fnd_controller.o
 .debug_aranges
                0x00000158       0x20 ./Core/Src/fonts.o
 .debug_aranges
                0x00000178       0x58 ./Core/Src/heaterController.o
 .debug_aranges
                0x000001d0       0x28 ./Core/Src/ledController.o
 .debug_aranges
                0x000001f8       0x68 ./Core/Src/main.o
 .debug_aranges
                0x00000260       0x58 ./Core/Src/oledController.o
 .debug_aranges
                0x000002b8       0xd8 ./Core/Src/onewire.o
 .debug_aranges
                0x00000390       0xf8 ./Core/Src/ssd1306.o
 .debug_aranges
                0x00000488       0x60 ./Core/Src/stm32f1xx_hal_msp.o
 .debug_aranges
                0x000004e8       0x90 ./Core/Src/stm32f1xx_it.o
 .debug_aranges
                0x00000578       0x20 ./Core/Src/sysmem.o
 .debug_aranges
                0x00000598       0x28 ./Core/Src/system_stm32f1xx.o
 .debug_aranges
                0x000005c0       0x28 ./Core/Startup/startup_stm32f103c8tx.o
 .debug_aranges
                0x000005e8       0xe0 ./Drivers/STM32F1xx_HAL_Driver/Src/stm32f1xx_hal.o
 .debug_aranges
                0x000006c8      0x100 ./Drivers/STM32F1xx_HAL_Driver/Src/stm32f1xx_hal_cortex.o
 .debug_aranges
                0x000007c8       0x58 ./Drivers/STM32F1xx_HAL_Driver/Src/stm32f1xx_hal_gpio.o
 .debug_aranges
                0x00000820      0x2a8 ./Drivers/STM32F1xx_HAL_Driver/Src/stm32f1xx_hal_i2c.o
 .debug_aranges
                0x00000ac8       0x90 ./Drivers/STM32F1xx_HAL_Driver/Src/stm32f1xx_hal_rcc.o
 .debug_aranges
                0x00000b58      0x1d0 ./Drivers/STM32F1xx_HAL_Driver/Src/stm32f1xx_hal_spi.o
 .debug_aranges
                0x00000d28      0x3d0 ./Drivers/STM32F1xx_HAL_Driver/Src/stm32f1xx_hal_tim.o
 .debug_aranges
                0x000010f8      0x168 ./Drivers/STM32F1xx_HAL_Driver/Src/stm32f1xx_hal_tim_ex.o
 .debug_aranges
                0x00001260      0x208 ./Drivers/STM32F1xx_HAL_Driver/Src/stm32f1xx_hal_uart.o

.debug_rnglists
                0x00000000      0xff9
 .debug_rnglists
                0x00000000       0x19 ./Core/Src/buttonController.o
 .debug_rnglists
                0x00000019       0x93 ./Core/Src/ds18b20.o
 .debug_rnglists
                0x000000ac       0x53 ./Core/Src/fnd_controller.o
 .debug_rnglists
                0x000000ff       0x13 ./Core/Src/fonts.o
 .debug_rnglists
                0x00000112       0x3d ./Core/Src/heaterController.o
 .debug_rnglists
                0x0000014f       0x19 ./Core/Src/ledController.o
 .debug_rnglists
                0x00000168       0x4e ./Core/Src/main.o
 .debug_rnglists
                0x000001b6       0x3e ./Core/Src/oledController.o
 .debug_rnglists
                0x000001f4       0xa0 ./Core/Src/onewire.o
 .debug_rnglists
                0x00000294       0xc2 ./Core/Src/ssd1306.o
 .debug_rnglists
                0x00000356       0x47 ./Core/Src/stm32f1xx_hal_msp.o
 .debug_rnglists
                0x0000039d       0x68 ./Core/Src/stm32f1xx_it.o
 .debug_rnglists
                0x00000405       0x13 ./Core/Src/sysmem.o
 .debug_rnglists
                0x00000418       0x1a ./Core/Src/system_stm32f1xx.o
 .debug_rnglists
                0x00000432       0x19 ./Core/Startup/startup_stm32f103c8tx.o
 .debug_rnglists
                0x0000044b       0xa3 ./Drivers/STM32F1xx_HAL_Driver/Src/stm32f1xx_hal.o
 .debug_rnglists
                0x000004ee       0xbb ./Drivers/STM32F1xx_HAL_Driver/Src/stm32f1xx_hal_cortex.o
 .debug_rnglists
                0x000005a9       0x3f ./Drivers/STM32F1xx_HAL_Driver/Src/stm32f1xx_hal_gpio.o
 .debug_rnglists
                0x000005e8      0x23c ./Drivers/STM32F1xx_HAL_Driver/Src/stm32f1xx_hal_i2c.o
 .debug_rnglists
                0x00000824       0x6c ./Drivers/STM32F1xx_HAL_Driver/Src/stm32f1xx_hal_rcc.o
 .debug_rnglists
                0x00000890      0x16e ./Drivers/STM32F1xx_HAL_Driver/Src/stm32f1xx_hal_spi.o
 .debug_rnglists
                0x000009fe      0x31a ./Drivers/STM32F1xx_HAL_Driver/Src/stm32f1xx_hal_tim.o
 .debug_rnglists
                0x00000d18      0x125 ./Drivers/STM32F1xx_HAL_Driver/Src/stm32f1xx_hal_tim_ex.o
 .debug_rnglists
                0x00000e3d      0x1bc ./Drivers/STM32F1xx_HAL_Driver/Src/stm32f1xx_hal_uart.o

.debug_macro    0x00000000    0x19e77
 .debug_macro   0x00000000      0x31c ./Core/Src/buttonController.o
 .debug_macro   0x0000031c      0xaa8 ./Core/Src/buttonController.o
 .debug_macro   0x00000dc4      0x227 ./Core/Src/buttonController.o
 .debug_macro   0x00000feb       0x2e ./Core/Src/buttonController.o
 .debug_macro   0x00001019       0x22 ./Core/Src/buttonController.o
 .debug_macro   0x0000103b       0x22 ./Core/Src/buttonController.o
 .debug_macro   0x0000105d       0x8e ./Core/Src/buttonController.o
 .debug_macro   0x000010eb       0x51 ./Core/Src/buttonController.o
 .debug_macro   0x0000113c      0x103 ./Core/Src/buttonController.o
 .debug_macro   0x0000123f       0x6a ./Core/Src/buttonController.o
 .debug_macro   0x000012a9      0x1df ./Core/Src/buttonController.o
 .debug_macro   0x00001488       0x1c ./Core/Src/buttonController.o
 .debug_macro   0x000014a4       0x22 ./Core/Src/buttonController.o
 .debug_macro   0x000014c6       0xbd ./Core/Src/buttonController.o
 .debug_macro   0x00001583      0xd23 ./Core/Src/buttonController.o
 .debug_macro   0x000022a6     0xe09e ./Core/Src/buttonController.o
 .debug_macro   0x00010344       0x6d ./Core/Src/buttonController.o
 .debug_macro   0x000103b1     0x34a2 ./Core/Src/buttonController.o
 .debug_macro   0x00013853      0x189 ./Core/Src/buttonController.o
 .debug_macro   0x000139dc       0x5c ./Core/Src/buttonController.o
 .debug_macro   0x00013a38      0x5bc ./Core/Src/buttonController.o
 .debug_macro   0x00013ff4      0x289 ./Core/Src/buttonController.o
 .debug_macro   0x0001427d      0x1cb ./Core/Src/buttonController.o
 .debug_macro   0x00014448      0x114 ./Core/Src/buttonController.o
 .debug_macro   0x0001455c      0x1b2 ./Core/Src/buttonController.o
 .debug_macro   0x0001470e       0x27 ./Core/Src/buttonController.o
 .debug_macro   0x00014735      0x136 ./Core/Src/buttonController.o
 .debug_macro   0x0001486b      0x1bc ./Core/Src/buttonController.o
 .debug_macro   0x00014a27       0x34 ./Core/Src/buttonController.o
 .debug_macro   0x00014a5b       0x3c ./Core/Src/buttonController.o
 .debug_macro   0x00014a97       0x57 ./Core/Src/buttonController.o
 .debug_macro   0x00014aee       0x87 ./Core/Src/buttonController.o
 .debug_macro   0x00014b75      0x240 ./Core/Src/buttonController.o
 .debug_macro   0x00014db5      0x287 ./Core/Src/buttonController.o
 .debug_macro   0x0001503c      0x140 ./Core/Src/buttonController.o
 .debug_macro   0x0001517c      0x217 ./Core/Src/buttonController.o
 .debug_macro   0x00015393      0x8ed ./Core/Src/buttonController.o
 .debug_macro   0x00015c80      0x28e ./Core/Src/buttonController.o
 .debug_macro   0x00015f0e       0x83 ./Core/Src/buttonController.o
 .debug_macro   0x00015f91       0xa0 ./Core/Src/buttonController.o
 .debug_macro   0x00016031       0x61 ./Core/Src/buttonController.o
 .debug_macro   0x00016092       0x24 ./Core/Src/buttonController.o
 .debug_macro   0x000160b6       0x43 ./Core/Src/buttonController.o
 .debug_macro   0x000160f9       0x34 ./Core/Src/buttonController.o
 .debug_macro   0x0001612d       0x16 ./Core/Src/buttonController.o
 .debug_macro   0x00016143       0x43 ./Core/Src/buttonController.o
 .debug_macro   0x00016186       0x34 ./Core/Src/buttonController.o
 .debug_macro   0x000161ba       0x10 ./Core/Src/buttonController.o
 .debug_macro   0x000161ca       0x58 ./Core/Src/buttonController.o
 .debug_macro   0x00016222       0x8e ./Core/Src/buttonController.o
 .debug_macro   0x000162b0       0x1c ./Core/Src/buttonController.o
 .debug_macro   0x000162cc      0x177 ./Core/Src/buttonController.o
 .debug_macro   0x00016443      0x369 ./Core/Src/buttonController.o
 .debug_macro   0x000167ac       0x10 ./Core/Src/buttonController.o
 .debug_macro   0x000167bc       0x35 ./Core/Src/buttonController.o
 .debug_macro   0x000167f1       0x20 ./Core/Src/buttonController.o
 .debug_macro   0x00016811       0x16 ./Core/Src/buttonController.o
 .debug_macro   0x00016827       0x16 ./Core/Src/buttonController.o
 .debug_macro   0x0001683d       0x29 ./Core/Src/buttonController.o
 .debug_macro   0x00016866       0x23 ./Core/Src/buttonController.o
 .debug_macro   0x00016889       0x2e ./Core/Src/buttonController.o
 .debug_macro   0x000168b7      0x1f6 ./Core/Src/ds18b20.o
 .debug_macro   0x00016aad       0x40 ./Core/Src/ds18b20.o
 .debug_macro   0x00016aed       0x2e ./Core/Src/ds18b20.o
 .debug_macro   0x00016b1b       0x22 ./Core/Src/ds18b20.o
 .debug_macro   0x00016b3d       0x46 ./Core/Src/ds18b20.o
 .debug_macro   0x00016b83      0x1d5 ./Core/Src/fnd_controller.o
 .debug_macro   0x00016d58       0x1c ./Core/Src/fnd_controller.o
 .debug_macro   0x00016d74      0x28f ./Core/Src/fonts.o
 .debug_macro   0x00017003      0x312 ./Core/Src/heaterController.o
 .debug_macro   0x00017315      0x1da ./Core/Src/ledController.o
 .debug_macro   0x000174ef      0x3b9 ./Core/Src/main.o
 .debug_macro   0x000178a8       0x16 ./Core/Src/main.o
 .debug_macro   0x000178be       0x10 ./Core/Src/main.o
 .debug_macro   0x000178ce       0x16 ./Core/Src/main.o
 .debug_macro   0x000178e4       0x16 ./Core/Src/main.o
 .debug_macro   0x000178fa      0x146 ./Core/Src/main.o
 .debug_macro   0x00017a40       0x46 ./Core/Src/main.o
 .debug_macro   0x00017a86       0x16 ./Core/Src/main.o
 .debug_macro   0x00017a9c      0x336 ./Core/Src/oledController.o
 .debug_macro   0x00017dd2       0xa6 ./Core/Src/oledController.o
 .debug_macro   0x00017e78       0x1c ./Core/Src/oledController.o
 .debug_macro   0x00017e94       0x1c ./Core/Src/oledController.o
 .debug_macro   0x00017eb0      0x1de ./Core/Src/onewire.o
 .debug_macro   0x0001808e      0x31a ./Core/Src/ssd1306.o
 .debug_macro   0x000183a8      0x1c6 ./Core/Src/stm32f1xx_hal_msp.o
 .debug_macro   0x0001856e      0x3af ./Core/Src/stm32f1xx_it.o
 .debug_macro   0x0001891d       0xff ./Core/Src/sysmem.o
 .debug_macro   0x00018a1c      0x23c ./Core/Src/sysmem.o
 .debug_macro   0x00018c58      0x1b7 ./Core/Src/system_stm32f1xx.o
 .debug_macro   0x00018e0f      0x1db ./Drivers/STM32F1xx_HAL_Driver/Src/stm32f1xx_hal.o
 .debug_macro   0x00018fea      0x1b7 ./Drivers/STM32F1xx_HAL_Driver/Src/stm32f1xx_hal_cortex.o
 .debug_macro   0x000191a1      0x222 ./Drivers/STM32F1xx_HAL_Driver/Src/stm32f1xx_hal_gpio.o
 .debug_macro   0x000193c3      0x205 ./Drivers/STM32F1xx_HAL_Driver/Src/stm32f1xx_hal_i2c.o
 .debug_macro   0x000195c8      0x1c9 ./Drivers/STM32F1xx_HAL_Driver/Src/stm32f1xx_hal_rcc.o
 .debug_macro   0x00019791      0x1bf ./Drivers/STM32F1xx_HAL_Driver/Src/stm32f1xx_hal_spi.o
 .debug_macro   0x00019950      0x1b8 ./Drivers/STM32F1xx_HAL_Driver/Src/stm32f1xx_hal_tim.o
 .debug_macro   0x00019b08      0x1b7 ./Drivers/STM32F1xx_HAL_Driver/Src/stm32f1xx_hal_tim_ex.o
 .debug_macro   0x00019cbf      0x1b8 ./Drivers/STM32F1xx_HAL_Driver/Src/stm32f1xx_hal_uart.o

.debug_line     0x00000000    0x18cf5
 .debug_line    0x00000000      0x983 ./Core/Src/buttonController.o
 .debug_line    0x00000983      0xc53 ./Core/Src/ds18b20.o
 .debug_line    0x000015d6      0x941 ./Core/Src/fnd_controller.o
 .debug_line    0x00001f17      0x89c ./Core/Src/fonts.o
 .debug_line    0x000027b3      0xa19 ./Core/Src/heaterController.o
 .debug_line    0x000031cc      0x77e ./Core/Src/ledController.o
 .debug_line    0x0000394a      0xc58 ./Core/Src/main.o
 .debug_line    0x000045a2      0xa32 ./Core/Src/oledController.o
 .debug_line    0x00004fd4      0xc9e ./Core/Src/onewire.o
 .debug_line    0x00005c72     0x1063 ./Core/Src/ssd1306.o
 .debug_line    0x00006cd5      0x878 ./Core/Src/stm32f1xx_hal_msp.o
 .debug_line    0x0000754d      0xb8c ./Core/Src/stm32f1xx_it.o
 .debug_line    0x000080d9      0x583 ./Core/Src/sysmem.o
 .debug_line    0x0000865c      0x7b1 ./Core/Src/system_stm32f1xx.o
 .debug_line    0x00008e0d       0x78 ./Core/Startup/startup_stm32f103c8tx.o
 .debug_line    0x00008e85      0x9de ./Drivers/STM32F1xx_HAL_Driver/Src/stm32f1xx_hal.o
 .debug_line    0x00009863      0xbca ./Drivers/STM32F1xx_HAL_Driver/Src/stm32f1xx_hal_cortex.o
 .debug_line    0x0000a42d      0xa77 ./Drivers/STM32F1xx_HAL_Driver/Src/stm32f1xx_hal_gpio.o
 .debug_line    0x0000aea4     0x3c7b ./Drivers/STM32F1xx_HAL_Driver/Src/stm32f1xx_hal_i2c.o
 .debug_line    0x0000eb1f      0xde7 ./Drivers/STM32F1xx_HAL_Driver/Src/stm32f1xx_hal_rcc.o
 .debug_line    0x0000f906     0x1d02 ./Drivers/STM32F1xx_HAL_Driver/Src/stm32f1xx_hal_spi.o
 .debug_line    0x00011608     0x3503 ./Drivers/STM32F1xx_HAL_Driver/Src/stm32f1xx_hal_tim.o
 .debug_line    0x00014b0b     0x192d ./Drivers/STM32F1xx_HAL_Driver/Src/stm32f1xx_hal_tim_ex.o
 .debug_line    0x00016438     0x28bd ./Drivers/STM32F1xx_HAL_Driver/Src/stm32f1xx_hal_uart.o

.debug_str      0x00000000    0x8fbcf
 .debug_str     0x00000000    0x897bd ./Core/Src/buttonController.o
                              0x89b13 (size before relaxing)
 .debug_str     0x000897bd      0x78e ./Core/Src/ds18b20.o
                              0x86e7c (size before relaxing)
 .debug_str     0x00089f4b      0x48d ./Core/Src/fnd_controller.o
                              0x86bfe (size before relaxing)
 .debug_str     0x0008a3d8       0xa8 ./Core/Src/fonts.o
                              0x89579 (size before relaxing)
 .debug_str     0x0008a480       0xcd ./Core/Src/heaterController.o
                              0x89b67 (size before relaxing)
 .debug_str     0x0008a54d       0x2d ./Core/Src/ledController.o
                              0x8675e (size before relaxing)
 .debug_str     0x0008a57a     0x129a ./Core/Src/main.o
                              0x8b714 (size before relaxing)
 .debug_str     0x0008b814      0x118 ./Core/Src/oledController.o
                              0x8a1b4 (size before relaxing)
 .debug_str     0x0008b92c      0x1d5 ./Core/Src/onewire.o
                              0x870ee (size before relaxing)
 .debug_str     0x0008bb01      0x4be ./Core/Src/ssd1306.o
                              0x8a052 (size before relaxing)
 .debug_str     0x0008bfbf      0x127 ./Core/Src/stm32f1xx_hal_msp.o
                              0x87618 (size before relaxing)
 .debug_str     0x0008c0e6      0x192 ./Core/Src/stm32f1xx_it.o
                              0x8aae9 (size before relaxing)
 .debug_str     0x0008c278      0x4dc ./Core/Src/sysmem.o
                               0x605e (size before relaxing)
 .debug_str     0x0008c754       0x7e ./Core/Src/system_stm32f1xx.o
                              0x8642d (size before relaxing)
 .debug_str     0x0008c7d2       0x44 ./Core/Startup/startup_stm32f103c8tx.o
                                 0x69 (size before relaxing)
 .debug_str     0x0008c816      0x36e ./Drivers/STM32F1xx_HAL_Driver/Src/stm32f1xx_hal.o
                              0x86b60 (size before relaxing)
 .debug_str     0x0008cb84      0x294 ./Drivers/STM32F1xx_HAL_Driver/Src/stm32f1xx_hal_cortex.o
                              0x86aac (size before relaxing)
 .debug_str     0x0008ce18      0x2a8 ./Drivers/STM32F1xx_HAL_Driver/Src/stm32f1xx_hal_gpio.o
                              0x867b3 (size before relaxing)
 .debug_str     0x0008d0c0      0xba2 ./Drivers/STM32F1xx_HAL_Driver/Src/stm32f1xx_hal_i2c.o
                              0x874f4 (size before relaxing)
 .debug_str     0x0008dc62      0x209 ./Drivers/STM32F1xx_HAL_Driver/Src/stm32f1xx_hal_rcc.o
                              0x8685c (size before relaxing)
 .debug_str     0x0008de6b      0x51e ./Drivers/STM32F1xx_HAL_Driver/Src/stm32f1xx_hal_spi.o
                              0x86d53 (size before relaxing)
 .debug_str     0x0008e389      0xdb8 ./Drivers/STM32F1xx_HAL_Driver/Src/stm32f1xx_hal_tim.o
                              0x8785e (size before relaxing)
 .debug_str     0x0008f141      0x493 ./Drivers/STM32F1xx_HAL_Driver/Src/stm32f1xx_hal_tim_ex.o
                              0x8706a (size before relaxing)
 .debug_str     0x0008f5d4      0x5fb ./Drivers/STM32F1xx_HAL_Driver/Src/stm32f1xx_hal_uart.o
                              0x86ecd (size before relaxing)

.comment        0x00000000       0x43
 .comment       0x00000000       0x43 ./Core/Src/buttonController.o
                                 0x44 (size before relaxing)
 .comment       0x00000043       0x44 ./Core/Src/ds18b20.o
 .comment       0x00000043       0x44 ./Core/Src/fnd_controller.o
 .comment       0x00000043       0x44 ./Core/Src/fonts.o
 .comment       0x00000043       0x44 ./Core/Src/heaterController.o
 .comment       0x00000043       0x44 ./Core/Src/ledController.o
 .comment       0x00000043       0x44 ./Core/Src/main.o
 .comment       0x00000043       0x44 ./Core/Src/oledController.o
 .comment       0x00000043       0x44 ./Core/Src/onewire.o
 .comment       0x00000043       0x44 ./Core/Src/ssd1306.o
 .comment       0x00000043       0x44 ./Core/Src/stm32f1xx_hal_msp.o
 .comment       0x00000043       0x44 ./Core/Src/stm32f1xx_it.o
 .comment       0x00000043       0x44 ./Core/Src/sysmem.o
 .comment       0x00000043       0x44 ./Core/Src/system_stm32f1xx.o
 .comment       0x00000043       0x44 ./Drivers/STM32F1xx_HAL_Driver/Src/stm32f1xx_hal.o
 .comment       0x00000043       0x44 ./Drivers/STM32F1xx_HAL_Driver/Src/stm32f1xx_hal_cortex.o
 .comment       0x00000043       0x44 ./Drivers/STM32F1xx_HAL_Driver/Src/stm32f1xx_hal_gpio.o
 .comment       0x00000043       0x44 ./Drivers/STM32F1xx_HAL_Driver/Src/stm32f1xx_hal_i2c.o
 .comment       0x00000043       0x44 ./Drivers/STM32F1xx_HAL_Driver/Src/stm32f1xx_hal_rcc.o
 .comment       0x00000043       0x44 ./Drivers/STM32F1xx_HAL_Driver/Src/stm32f1xx_hal_spi.o
 .comment       0x00000043       0x44 ./Drivers/STM32F1xx_HAL_Driver/Src/stm32f1xx_hal_tim.o
 .comment       0x00000043       0x44 ./Drivers/STM32F1xx_HAL_Driver/Src/stm32f1xx_hal_tim_ex.o
 .comment       0x00000043       0x44 ./Drivers/STM32F1xx_HAL_Driver/Src/stm32f1xx_hal_uart.o

.debug_frame    0x00000000     0x5b54
 .debug_frame   0x00000000       0x48 ./Core/Src/buttonController.o
 .debug_frame   0x00000048      0x2dc ./Core/Src/ds18b20.o
 .debug_frame   0x00000324      0x1a0 ./Core/Src/fnd_controller.o
 .debug_frame   0x000004c4       0x38 ./Core/Src/fonts.o
 .debug_frame   0x000004fc      0x10c ./Core/Src/heaterController.o
 .debug_frame   0x00000608       0x58 ./Core/Src/ledController.o
 .debug_frame   0x00000660      0x150 ./Core/Src/main.o
 .debug_frame   0x000007b0      0x114 ./Core/Src/oledController.o
 .debug_frame   0x000008c4      0x390 ./Core/Src/onewire.o
 .debug_frame   0x00000c54      0x414 ./Core/Src/ssd1306.o
 .debug_frame   0x00001068      0x158 ./Core/Src/stm32f1xx_hal_msp.o
 .debug_frame   0x000011c0      0x1ac ./Core/Src/stm32f1xx_it.o
 .debug_frame   0x0000136c       0x34 ./Core/Src/sysmem.o
 .debug_frame   0x000013a0       0x58 ./Core/Src/system_stm32f1xx.o
 .debug_frame   0x000013f8      0x334 ./Drivers/STM32F1xx_HAL_Driver/Src/stm32f1xx_hal.o
 .debug_frame   0x0000172c      0x428 ./Drivers/STM32F1xx_HAL_Driver/Src/stm32f1xx_hal_cortex.o
 .debug_frame   0x00001b54      0x14c ./Drivers/STM32F1xx_HAL_Driver/Src/stm32f1xx_hal_gpio.o
 .debug_frame   0x00001ca0      0xc84 ./Drivers/STM32F1xx_HAL_Driver/Src/stm32f1xx_hal_i2c.o
 .debug_frame   0x00002924      0x218 ./Drivers/STM32F1xx_HAL_Driver/Src/stm32f1xx_hal_rcc.o
 .debug_frame   0x00002b3c      0x824 ./Drivers/STM32F1xx_HAL_Driver/Src/stm32f1xx_hal_spi.o
 .debug_frame   0x00003360     0x11b8 ./Drivers/STM32F1xx_HAL_Driver/Src/stm32f1xx_hal_tim.o
 .debug_frame   0x00004518      0x638 ./Drivers/STM32F1xx_HAL_Driver/Src/stm32f1xx_hal_tim_ex.o
 .debug_frame   0x00004b50      0x944 ./Drivers/STM32F1xx_HAL_Driver/Src/stm32f1xx_hal_uart.o
 .debug_frame   0x00005494       0x38 C:/ST/STM32CubeIDE_1.16.1/STM32CubeIDE/plugins/com.st.stm32cube.ide.mcu.externaltools.gnu-tools-for-stm32.12.3.rel1.win32_1.0.200.202406191623/tools/bin/../lib/gcc/arm-none-eabi/12.3.1/../../../../arm-none-eabi/lib/thumb/v7-m/nofp\libc_nano.a(libc_a-itoa.o)
 .debug_frame   0x000054cc       0x48 C:/ST/STM32CubeIDE_1.16.1/STM32CubeIDE/plugins/com.st.stm32cube.ide.mcu.externaltools.gnu-tools-for-stm32.12.3.rel1.win32_1.0.200.202406191623/tools/bin/../lib/gcc/arm-none-eabi/12.3.1/../../../../arm-none-eabi/lib/thumb/v7-m/nofp\libc_nano.a(libc_a-utoa.o)
 .debug_frame   0x00005514      0x144 C:/ST/STM32CubeIDE_1.16.1/STM32CubeIDE/plugins/com.st.stm32cube.ide.mcu.externaltools.gnu-tools-for-stm32.12.3.rel1.win32_1.0.200.202406191623/tools/bin/../lib/gcc/arm-none-eabi/12.3.1/../../../../arm-none-eabi/lib/thumb/v7-m/nofp\libc_nano.a(libc_a-findfp.o)