01:20:34 **** Build of configuration Debug for project dryer ****
make -j16 all 
arm-none-eabi-gcc "../Drivers/STM32F1xx_HAL_Driver/Src/stm32f1xx_hal.c" -mcpu=cortex-m3 -std=gnu11 -g3 -DDEBUG -DUSE_HAL_DRIVER -DSTM32F103xB -c -I../Core/Inc -I../Drivers/STM32F1xx_HAL_Driver/Inc/Legacy -I../Drivers/STM32F1xx_HAL_Driver/Inc -I../Drivers/CMSIS/Device/ST/STM32F1xx/Include -I../Drivers/CMSIS/Include -O0 -ffunction-sections -fdata-sections -Wall -fstack-usage -fcyclomatic-complexity -MMD -MP -MF"Drivers/STM32F1xx_HAL_Driver/Src/stm32f1xx_hal.d" -MT"Drivers/STM32F1xx_HAL_Driver/Src/stm32f1xx_hal.o" --specs=nano.specs -mfloat-abi=soft -mthumb -o "Drivers/STM32F1xx_HAL_Driver/Src/stm32f1xx_hal.o"
arm-none-eabi-gcc "../Drivers/STM32F1xx_HAL_Driver/Src/stm32f1xx_hal_cortex.c" -mcpu=cortex-m3 -std=gnu11 -g3 -DDEBUG -DUSE_HAL_DRIVER -DSTM32F103xB -c -I../Core/Inc -I../Drivers/STM32F1xx_HAL_Driver/Inc/Legacy -I../Drivers/STM32F1xx_HAL_Driver/Inc -I../Drivers/CMSIS/Device/ST/STM32F1xx/Include -I../Drivers/CMSIS/Include -O0 -ffunction-sections -fdata-sections -Wall -fstack-usage -fcyclomatic-complexity -MMD -MP -MF"Drivers/STM32F1xx_HAL_Driver/Src/stm32f1xx_hal_cortex.d" -MT"Drivers/STM32F1xx_HAL_Driver/Src/stm32f1xx_hal_cortex.o" --specs=nano.specs -mfloat-abi=soft -mthumb -o "Drivers/STM32F1xx_HAL_Driver/Src/stm32f1xx_hal_cortex.o"
arm-none-eabi-gcc "../Drivers/STM32F1xx_HAL_Driver/Src/stm32f1xx_hal_dma.c" -mcpu=cortex-m3 -std=gnu11 -g3 -DDEBUG -DUSE_HAL_DRIVER -DSTM32F103xB -c -I../Core/Inc -I../Drivers/STM32F1xx_HAL_Driver/Inc/Legacy -I../Drivers/STM32F1xx_HAL_Driver/Inc -I../Drivers/CMSIS/Device/ST/STM32F1xx/Include -I../Drivers/CMSIS/Include -O0 -ffunction-sections -fdata-sections -Wall -fstack-usage -fcyclomatic-complexity -MMD -MP -MF"Drivers/STM32F1xx_HAL_Driver/Src/stm32f1xx_hal_dma.d" -MT"Drivers/STM32F1xx_HAL_Driver/Src/stm32f1xx_hal_dma.o" --specs=nano.specs -mfloat-abi=soft -mthumb -o "Drivers/STM32F1xx_HAL_Driver/Src/stm32f1xx_hal_dma.o"
arm-none-eabi-gcc "../Drivers/STM32F1xx_HAL_Driver/Src/stm32f1xx_hal_exti.c" -mcpu=cortex-m3 -std=gnu11 -g3 -DDEBUG -DUSE_HAL_DRIVER -DSTM32F103xB -c -I../Core/Inc -I../Drivers/STM32F1xx_HAL_Driver/Inc/Legacy -I../Drivers/STM32F1xx_HAL_Driver/Inc -I../Drivers/CMSIS/Device/ST/STM32F1xx/Include -I../Drivers/CMSIS/Include -O0 -ffunction-sections -fdata-sections -Wall -fstack-usage -fcyclomatic-complexity -MMD -MP -MF"Drivers/STM32F1xx_HAL_Driver/Src/stm32f1xx_hal_exti.d" -MT"Drivers/STM32F1xx_HAL_Driver/Src/stm32f1xx_hal_exti.o" --specs=nano.specs -mfloat-abi=soft -mthumb -o "Drivers/STM32F1xx_HAL_Driver/Src/stm32f1xx_hal_exti.o"
arm-none-eabi-gcc "../Drivers/STM32F1xx_HAL_Driver/Src/stm32f1xx_hal_flash.c" -mcpu=cortex-m3 -std=gnu11 -g3 -DDEBUG -DUSE_HAL_DRIVER -DSTM32F103xB -c -I../Core/Inc -I../Drivers/STM32F1xx_HAL_Driver/Inc/Legacy -I../Drivers/STM32F1xx_HAL_Driver/Inc -I../Drivers/CMSIS/Device/ST/STM32F1xx/Include -I../Drivers/CMSIS/Include -O0 -ffunction-sections -fdata-sections -Wall -fstack-usage -fcyclomatic-complexity -MMD -MP -MF"Drivers/STM32F1xx_HAL_Driver/Src/stm32f1xx_hal_flash.d" -MT"Drivers/STM32F1xx_HAL_Driver/Src/stm32f1xx_hal_flash.o" --specs=nano.specs -mfloat-abi=soft -mthumb -o "Drivers/STM32F1xx_HAL_Driver/Src/stm32f1xx_hal_flash.o"
arm-none-eabi-gcc "../Drivers/STM32F1xx_HAL_Driver/Src/stm32f1xx_hal_flash_ex.c" -mcpu=cortex-m3 -std=gnu11 -g3 -DDEBUG -DUSE_HAL_DRIVER -DSTM32F103xB -c -I../Core/Inc -I../Drivers/STM32F1xx_HAL_Driver/Inc/Legacy -I../Drivers/STM32F1xx_HAL_Driver/Inc -I../Drivers/CMSIS/Device/ST/STM32F1xx/Include -I../Drivers/CMSIS/Include -O0 -ffunction-sections -fdata-sections -Wall -fstack-usage -fcyclomatic-complexity -MMD -MP -MF"Drivers/STM32F1xx_HAL_Driver/Src/stm32f1xx_hal_flash_ex.d" -MT"Drivers/STM32F1xx_HAL_Driver/Src/stm32f1xx_hal_flash_ex.o" --specs=nano.specs -mfloat-abi=soft -mthumb -o "Drivers/STM32F1xx_HAL_Driver/Src/stm32f1xx_hal_flash_ex.o"
arm-none-eabi-gcc "../Drivers/STM32F1xx_HAL_Driver/Src/stm32f1xx_hal_gpio.c" -mcpu=cortex-m3 -std=gnu11 -g3 -DDEBUG -DUSE_HAL_DRIVER -DSTM32F103xB -c -I../Core/Inc -I../Drivers/STM32F1xx_HAL_Driver/Inc/Legacy -I../Drivers/STM32F1xx_HAL_Driver/Inc -I../Drivers/CMSIS/Device/ST/STM32F1xx/Include -I../Drivers/CMSIS/Include -O0 -ffunction-sections -fdata-sections -Wall -fstack-usage -fcyclomatic-complexity -MMD -MP -MF"Drivers/STM32F1xx_HAL_Driver/Src/stm32f1xx_hal_gpio.d" -MT"Drivers/STM32F1xx_HAL_Driver/Src/stm32f1xx_hal_gpio.o" --specs=nano.specs -mfloat-abi=soft -mthumb -o "Drivers/STM32F1xx_HAL_Driver/Src/stm32f1xx_hal_gpio.o"
arm-none-eabi-gcc "../Drivers/STM32F1xx_HAL_Driver/Src/stm32f1xx_hal_gpio_ex.c" -mcpu=cortex-m3 -std=gnu11 -g3 -DDEBUG -DUSE_HAL_DRIVER -DSTM32F103xB -c -I../Core/Inc -I../Drivers/STM32F1xx_HAL_Driver/Inc/Legacy -I../Drivers/STM32F1xx_HAL_Driver/Inc -I../Drivers/CMSIS/Device/ST/STM32F1xx/Include -I../Drivers/CMSIS/Include -O0 -ffunction-sections -fdata-sections -Wall -fstack-usage -fcyclomatic-complexity -MMD -MP -MF"Drivers/STM32F1xx_HAL_Driver/Src/stm32f1xx_hal_gpio_ex.d" -MT"Drivers/STM32F1xx_HAL_Driver/Src/stm32f1xx_hal_gpio_ex.o" --specs=nano.specs -mfloat-abi=soft -mthumb -o "Drivers/STM32F1xx_HAL_Driver/Src/stm32f1xx_hal_gpio_ex.o"
arm-none-eabi-gcc "../Drivers/STM32F1xx_HAL_Driver/Src/stm32f1xx_hal_pwr.c" -mcpu=cortex-m3 -std=gnu11 -g3 -DDEBUG -DUSE_HAL_DRIVER -DSTM32F103xB -c -I../Core/Inc -I../Drivers/STM32F1xx_HAL_Driver/Inc/Legacy -I../Drivers/STM32F1xx_HAL_Driver/Inc -I../Drivers/CMSIS/Device/ST/STM32F1xx/Include -I../Drivers/CMSIS/Include -O0 -ffunction-sections -fdata-sections -Wall -fstack-usage -fcyclomatic-complexity -MMD -MP -MF"Drivers/STM32F1xx_HAL_Driver/Src/stm32f1xx_hal_pwr.d" -MT"Drivers/STM32F1xx_HAL_Driver/Src/stm32f1xx_hal_pwr.o" --specs=nano.specs -mfloat-abi=soft -mthumb -o "Drivers/STM32F1xx_HAL_Driver/Src/stm32f1xx_hal_pwr.o"
arm-none-eabi-gcc "../Drivers/STM32F1xx_HAL_Driver/Src/stm32f1xx_hal_rcc.c" -mcpu=cortex-m3 -std=gnu11 -g3 -DDEBUG -DUSE_HAL_DRIVER -DSTM32F103xB -c -I../Core/Inc -I../Drivers/STM32F1xx_HAL_Driver/Inc/Legacy -I../Drivers/STM32F1xx_HAL_Driver/Inc -I../Drivers/CMSIS/Device/ST/STM32F1xx/Include -I../Drivers/CMSIS/Include -O0 -ffunction-sections -fdata-sections -Wall -fstack-usage -fcyclomatic-complexity -MMD -MP -MF"Drivers/STM32F1xx_HAL_Driver/Src/stm32f1xx_hal_rcc.d" -MT"Drivers/STM32F1xx_HAL_Driver/Src/stm32f1xx_hal_rcc.o" --specs=nano.specs -mfloat-abi=soft -mthumb -o "Drivers/STM32F1xx_HAL_Driver/Src/stm32f1xx_hal_rcc.o"
arm-none-eabi-gcc "../Drivers/STM32F1xx_HAL_Driver/Src/stm32f1xx_hal_rcc_ex.c" -mcpu=cortex-m3 -std=gnu11 -g3 -DDEBUG -DUSE_HAL_DRIVER -DSTM32F103xB -c -I../Core/Inc -I../Drivers/STM32F1xx_HAL_Driver/Inc/Legacy -I../Drivers/STM32F1xx_HAL_Driver/Inc -I../Drivers/CMSIS/Device/ST/STM32F1xx/Include -I../Drivers/CMSIS/Include -O0 -ffunction-sections -fdata-sections -Wall -fstack-usage -fcyclomatic-complexity -MMD -MP -MF"Drivers/STM32F1xx_HAL_Driver/Src/stm32f1xx_hal_rcc_ex.d" -MT"Drivers/STM32F1xx_HAL_Driver/Src/stm32f1xx_hal_rcc_ex.o" --specs=nano.specs -mfloat-abi=soft -mthumb -o "Drivers/STM32F1xx_HAL_Driver/Src/stm32f1xx_hal_rcc_ex.o"
arm-none-eabi-gcc "../Drivers/STM32F1xx_HAL_Driver/Src/stm32f1xx_hal_spi.c" -mcpu=cortex-m3 -std=gnu11 -g3 -DDEBUG -DUSE_HAL_DRIVER -DSTM32F103xB -c -I../Core/Inc -I../Drivers/STM32F1xx_HAL_Driver/Inc/Legacy -I../Drivers/STM32F1xx_HAL_Driver/Inc -I../Drivers/CMSIS/Device/ST/STM32F1xx/Include -I../Drivers/CMSIS/Include -O0 -ffunction-sections -fdata-sections -Wall -fstack-usage -fcyclomatic-complexity -MMD -MP -MF"Drivers/STM32F1xx_HAL_Driver/Src/stm32f1xx_hal_spi.d" -MT"Drivers/STM32F1xx_HAL_Driver/Src/stm32f1xx_hal_spi.o" --specs=nano.specs -mfloat-abi=soft -mthumb -o "Drivers/STM32F1xx_HAL_Driver/Src/stm32f1xx_hal_spi.o"
arm-none-eabi-gcc "../Drivers/STM32F1xx_HAL_Driver/Src/stm32f1xx_hal_tim.c" -mcpu=cortex-m3 -std=gnu11 -g3 -DDEBUG -DUSE_HAL_DRIVER -DSTM32F103xB -c -I../Core/Inc -I../Drivers/STM32F1xx_HAL_Driver/Inc/Legacy -I../Drivers/STM32F1xx_HAL_Driver/Inc -I../Drivers/CMSIS/Device/ST/STM32F1xx/Include -I../Drivers/CMSIS/Include -O0 -ffunction-sections -fdata-sections -Wall -fstack-usage -fcyclomatic-complexity -MMD -MP -MF"Drivers/STM32F1xx_HAL_Driver/Src/stm32f1xx_hal_tim.d" -MT"Drivers/STM32F1xx_HAL_Driver/Src/stm32f1xx_hal_tim.o" --specs=nano.specs -mfloat-abi=soft -mthumb -o "Drivers/STM32F1xx_HAL_Driver/Src/stm32f1xx_hal_tim.o"
arm-none-eabi-gcc "../Drivers/STM32F1xx_HAL_Driver/Src/stm32f1xx_hal_tim_ex.c" -mcpu=cortex-m3 -std=gnu11 -g3 -DDEBUG -DUSE_HAL_DRIVER -DSTM32F103xB -c -I../Core/Inc -I../Drivers/STM32F1xx_HAL_Driver/Inc/Legacy -I../Drivers/STM32F1xx_HAL_Driver/Inc -I../Drivers/CMSIS/Device/ST/STM32F1xx/Include -I../Drivers/CMSIS/Include -O0 -ffunction-sections -fdata-sections -Wall -fstack-usage -fcyclomatic-complexity -MMD -MP -MF"Drivers/STM32F1xx_HAL_Driver/Src/stm32f1xx_hal_tim_ex.d" -MT"Drivers/STM32F1xx_HAL_Driver/Src/stm32f1xx_hal_tim_ex.o" --specs=nano.specs -mfloat-abi=soft -mthumb -o "Drivers/STM32F1xx_HAL_Driver/Src/stm32f1xx_hal_tim_ex.o"
arm-none-eabi-gcc -mcpu=cortex-m3 -g3 -DDEBUG -c -x assembler-with-cpp -MMD -MP -MF"Core/Startup/startup_stm32f103c8tx.d" -MT"Core/Startup/startup_stm32f103c8tx.o" --specs=nano.specs -mfloat-abi=soft -mthumb -o "Core/Startup/startup_stm32f103c8tx.o" "../Core/Startup/startup_stm32f103c8tx.s"
arm-none-eabi-gcc "../Core/Src/fnd_controller.c" -mcpu=cortex-m3 -std=gnu11 -g3 -DDEBUG -DUSE_HAL_DRIVER -DSTM32F103xB -c -I../Core/Inc -I../Drivers/STM32F1xx_HAL_Driver/Inc/Legacy -I../Drivers/STM32F1xx_HAL_Driver/Inc -I../Drivers/CMSIS/Device/ST/STM32F1xx/Include -I../Drivers/CMSIS/Include -O0 -ffunction-sections -fdata-sections -Wall -fstack-usage -fcyclomatic-complexity -MMD -MP -MF"Core/Src/fnd_controller.d" -MT"Core/Src/fnd_controller.o" --specs=nano.specs -mfloat-abi=soft -mthumb -o "Core/Src/fnd_controller.o"
arm-none-eabi-gcc "../Core/Src/main.c" -mcpu=cortex-m3 -std=gnu11 -g3 -DDEBUG -DUSE_HAL_DRIVER -DSTM32F103xB -c -I../Core/Inc -I../Drivers/STM32F1xx_HAL_Driver/Inc/Legacy -I../Drivers/STM32F1xx_HAL_Driver/Inc -I../Drivers/CMSIS/Device/ST/STM32F1xx/Include -I../Drivers/CMSIS/Include -O0 -ffunction-sections -fdata-sections -Wall -fstack-usage -fcyclomatic-complexity -MMD -MP -MF"Core/Src/main.d" -MT"Core/Src/main.o" --specs=nano.specs -mfloat-abi=soft -mthumb -o "Core/Src/main.o"
arm-none-eabi-gcc "../Core/Src/stm32f1xx_hal_msp.c" -mcpu=cortex-m3 -std=gnu11 -g3 -DDEBUG -DUSE_HAL_DRIVER -DSTM32F103xB -c -I../Core/Inc -I../Drivers/STM32F1xx_HAL_Driver/Inc/Legacy -I../Drivers/STM32F1xx_HAL_Driver/Inc -I../Drivers/CMSIS/Device/ST/STM32F1xx/Include -I../Drivers/CMSIS/Include -O0 -ffunction-sections -fdata-sections -Wall -fstack-usage -fcyclomatic-complexity -MMD -MP -MF"Core/Src/stm32f1xx_hal_msp.d" -MT"Core/Src/stm32f1xx_hal_msp.o" --specs=nano.specs -mfloat-abi=soft -mthumb -o "Core/Src/stm32f1xx_hal_msp.o"
arm-none-eabi-gcc "../Core/Src/stm32f1xx_it.c" -mcpu=cortex-m3 -std=gnu11 -g3 -DDEBUG -DUSE_HAL_DRIVER -DSTM32F103xB -c -I../Core/Inc -I../Drivers/STM32F1xx_HAL_Driver/Inc/Legacy -I../Drivers/STM32F1xx_HAL_Driver/Inc -I../Drivers/CMSIS/Device/ST/STM32F1xx/Include -I../Drivers/CMSIS/Include -O0 -ffunction-sections -fdata-sections -Wall -fstack-usage -fcyclomatic-complexity -MMD -MP -MF"Core/Src/stm32f1xx_it.d" -MT"Core/Src/stm32f1xx_it.o" --specs=nano.specs -mfloat-abi=soft -mthumb -o "Core/Src/stm32f1xx_it.o"
arm-none-eabi-gcc "../Core/Src/syscalls.c" -mcpu=cortex-m3 -std=gnu11 -g3 -DDEBUG -DUSE_HAL_DRIVER -DSTM32F103xB -c -I../Core/Inc -I../Drivers/STM32F1xx_HAL_Driver/Inc/Legacy -I../Drivers/STM32F1xx_HAL_Driver/Inc -I../Drivers/CMSIS/Device/ST/STM32F1xx/Include -I../Drivers/CMSIS/Include -O0 -ffunction-sections -fdata-sections -Wall -fstack-usage -fcyclomatic-complexity -MMD -MP -MF"Core/Src/syscalls.d" -MT"Core/Src/syscalls.o" --specs=nano.specs -mfloat-abi=soft -mthumb -o "Core/Src/syscalls.o"
../Core/Src/fnd_controller.c: In function 'digit4_show':
../Core/Src/fnd_controller.c:112:34: warning: suggest parentheses around comparison in operand of '|' [-Wparentheses]
  112 |                 if (showZero | n > 9)
      |                                ~~^~~
../Core/Src/fnd_controller.c:114:34: warning: suggest parentheses around comparison in operand of '|' [-Wparentheses]
  114 |                 if (showZero | n > 99)
      |                                ~~^~~~
../Core/Src/fnd_controller.c:116:34: warning: suggest parentheses around comparison in operand of '|' [-Wparentheses]
  116 |                 if (showZero | n > 999)
      |                                ~~^~~~~
arm-none-eabi-gcc "../Core/Src/sysmem.c" -mcpu=cortex-m3 -std=gnu11 -g3 -DDEBUG -DUSE_HAL_DRIVER -DSTM32F103xB -c -I../Core/Inc -I../Drivers/STM32F1xx_HAL_Driver/Inc/Legacy -I../Drivers/STM32F1xx_HAL_Driver/Inc -I../Drivers/CMSIS/Device/ST/STM32F1xx/Include -I../Drivers/CMSIS/Include -O0 -ffunction-sections -fdata-sections -Wall -fstack-usage -fcyclomatic-complexity -MMD -MP -MF"Core/Src/sysmem.d" -MT"Core/Src/sysmem.o" --specs=nano.specs -mfloat-abi=soft -mthumb -o "Core/Src/sysmem.o"
arm-none-eabi-gcc "../Core/Src/system_stm32f1xx.c" -mcpu=cortex-m3 -std=gnu11 -g3 -DDEBUG -DUSE_HAL_DRIVER -DSTM32F103xB -c -I../Core/Inc -I../Drivers/STM32F1xx_HAL_Driver/Inc/Legacy -I../Drivers/STM32F1xx_HAL_Driver/Inc -I../Drivers/CMSIS/Device/ST/STM32F1xx/Include -I../Drivers/CMSIS/Include -O0 -ffunction-sections -fdata-sections -Wall -fstack-usage -fcyclomatic-complexity -MMD -MP -MF"Core/Src/system_stm32f1xx.d" -MT"Core/Src/system_stm32f1xx.o" --specs=nano.specs -mfloat-abi=soft -mthumb -o "Core/Src/system_stm32f1xx.o"
../Core/Src/main.c: In function 'main':
../Core/Src/main.c:93:9: warning: implicit declaration of function 'spi_init_fnd' [-Wimplicit-function-declaration]
   93 |         spi_init_fnd(&hspi2);
      |         ^~~~~~~~~~~~
../Core/Src/main.c:102:25: warning: implicit declaration of function 'digit2' [-Wimplicit-function-declaration]
  102 |                         digit2(i, 0b0001, 50); //send counter 0-99 with delay 50 cicles int 1st and 2nd view ports
      |                         ^~~~~~
../Core/Src/main.c:106:25: warning: implicit declaration of function 'digit4showZero_replay' [-Wimplicit-function-declaration]
  106 |                         digit4showZero_replay(i, 50); //send counter 0-100 with delay 50 cicles with zero
      |                         ^~~~~~~~~~~~~~~~~~~~~
../Core/Src/main.c:111:25: warning: implicit declaration of function 'digit4_replay' [-Wimplicit-function-declaration]
  111 |                         digit4_replay(i, 50); //send counter 0-9999 with delay 50 cicles and hide zero
      |                         ^~~~~~~~~~~~~
arm-none-eabi-gcc -o "dryer.elf" @"objects.list"   -mcpu=cortex-m3 -T"C:\STM_Prj\dryer_project\dryer\STM32F103C8TX_FLASH.ld" --specs=nosys.specs -Wl,-Map="dryer.map" -Wl,--gc-sections -static --specs=nano.specs -mfloat-abi=soft -mthumb -Wl,--start-group -lc -lm -Wl,--end-group
Finished building target: dryer.elf
 
arm-none-eabi-size  dryer.elf 
arm-none-eabi-objdump -h -S dryer.elf  > "dryer.list"
   text	   data	    bss	    dec	    hex	filename
   6984	     12	   1692	   8688	   21f0	dryer.elf
Finished building: default.size.stdout
 
Finished building: dryer.list
 
01:20:43 **** Incremental Build of configuration Debug for project dryer ****
make -j16 all 
arm-none-eabi-size  dryer.elf 
   text	   data	    bss	    dec	    hex	filename
   6984	     12	   1692	   8688	   21f0	dryer.elf
Finished building: default.size.stdout
 
01:21:34 **** Incremental Build of configuration Debug for project dryer ****
make -j16 all 
arm-none-eabi-gcc "../Core/Src/main.c" -mcpu=cortex-m3 -std=gnu11 -g3 -DDEBUG -DUSE_HAL_DRIVER -DSTM32F103xB -c -I../Core/Inc -I../Drivers/STM32F1xx_HAL_Driver/Inc/Legacy -I../Drivers/STM32F1xx_HAL_Driver/Inc -I../Drivers/CMSIS/Device/ST/STM32F1xx/Include -I../Drivers/CMSIS/Include -O0 -ffunction-sections -fdata-sections -Wall -fstack-usage -fcyclomatic-complexity -MMD -MP -MF"Core/Src/main.d" -MT"Core/Src/main.o" --specs=nano.specs -mfloat-abi=soft -mthumb -o "Core/Src/main.o"
../Core/Src/main.c: In function 'main':
../Core/Src/main.c:94:9: warning: implicit declaration of function 'spi_init_fnd' [-Wimplicit-function-declaration]
   94 |         spi_init_fnd(&hspi2);
      |         ^~~~~~~~~~~~
../Core/Src/main.c:103:25: warning: implicit declaration of function 'digit2' [-Wimplicit-function-declaration]
  103 |                         digit2(i, 0b0001, 50); //send counter 0-99 with delay 50 cicles int 1st and 2nd view ports
      |                         ^~~~~~
../Core/Src/main.c:107:25: warning: implicit declaration of function 'digit4showZero_replay' [-Wimplicit-function-declaration]
  107 |                         digit4showZero_replay(i, 50); //send counter 0-100 with delay 50 cicles with zero
      |                         ^~~~~~~~~~~~~~~~~~~~~
../Core/Src/main.c:112:25: warning: implicit declaration of function 'digit4_replay' [-Wimplicit-function-declaration]
  112 |                         digit4_replay(i, 50); //send counter 0-9999 with delay 50 cicles and hide zero
      |                         ^~~~~~~~~~~~~
arm-none-eabi-gcc -o "dryer.elf" @"objects.list"   -mcpu=cortex-m3 -T"C:\STM_Prj\dryer_project\dryer\STM32F103C8TX_FLASH.ld" --specs=nosys.specs -Wl,-Map="dryer.map" -Wl,--gc-sections -static --specs=nano.specs -mfloat-abi=soft -mthumb -Wl,--start-group -lc -lm -Wl,--end-group
Finished building target: dryer.elf
 
arm-none-eabi-size  dryer.elf 
arm-none-eabi-objdump -h -S dryer.elf  > "dryer.list"
   text	   data	    bss	    dec	    hex	filename
   6984	     12	   1692	   8688	   21f0	dryer.elf
Finished building: default.size.stdout
 
Finished building: dryer.list
 
01:22:11 **** Incremental Build of configuration Debug for project dryer ****
make -j16 all 
arm-none-eabi-gcc "../Core/Src/main.c" -mcpu=cortex-m3 -std=gnu11 -g3 -DDEBUG -DUSE_HAL_DRIVER -DSTM32F103xB -c -I../Core/Inc -I../Drivers/STM32F1xx_HAL_Driver/Inc/Legacy -I../Drivers/STM32F1xx_HAL_Driver/Inc -I../Drivers/CMSIS/Device/ST/STM32F1xx/Include -I../Drivers/CMSIS/Include -O0 -ffunction-sections -fdata-sections -Wall -fstack-usage -fcyclomatic-complexity -MMD -MP -MF"Core/Src/main.d" -MT"Core/Src/main.o" --specs=nano.specs -mfloat-abi=soft -mthumb -o "Core/Src/main.o"
../Core/Src/main.c: In function 'main':
../Core/Src/main.c:94:9: warning: implicit declaration of function 'spi_init_fnd' [-Wimplicit-function-declaration]
   94 |         spi_init_fnd(&hspi2);
      |         ^~~~~~~~~~~~
../Core/Src/main.c:103:25: warning: implicit declaration of function 'digit2' [-Wimplicit-function-declaration]
  103 |                         digit2(i, 0b0001, 50); //send counter 0-99 with delay 50 cicles int 1st and 2nd view ports
      |                         ^~~~~~
../Core/Src/main.c:107:25: warning: implicit declaration of function 'digit4showZero_replay' [-Wimplicit-function-declaration]
  107 |                         digit4showZero_replay(i, 50); //send counter 0-100 with delay 50 cicles with zero
      |                         ^~~~~~~~~~~~~~~~~~~~~
../Core/Src/main.c:112:25: warning: implicit declaration of function 'digit4_replay' [-Wimplicit-function-declaration]
  112 |                         digit4_replay(i, 50); //send counter 0-9999 with delay 50 cicles and hide zero
      |                         ^~~~~~~~~~~~~
arm-none-eabi-gcc -o "dryer.elf" @"objects.list"   -mcpu=cortex-m3 -T"C:\STM_Prj\dryer_project\dryer\STM32F103C8TX_FLASH.ld" --specs=nosys.specs -Wl,-Map="dryer.map" -Wl,--gc-sections -static --specs=nano.specs -mfloat-abi=soft -mthumb -Wl,--start-group -lc -lm -Wl,--end-group
Finished building target: dryer.elf
 
arm-none-eabi-size  dryer.elf 
arm-none-eabi-objdump -h -S dryer.elf  > "dryer.list"
   text	   data	    bss	    dec	    hex	filename
   6984	     12	   1692	   8688	   21f0	dryer.elf
Finished building: default.size.stdout
 
Finished building: dryer.list
 
01:33:28 **** Incremental Build of configuration Debug for project dryer ****
make -j16 all 
arm-none-eabi-gcc "../Core/Src/ds18b20.c" -mcpu=cortex-m3 -std=gnu11 -g3 -DDEBUG -DUSE_HAL_DRIVER -DSTM32F103xB -c -I../Core/Inc -I../Drivers/STM32F1xx_HAL_Driver/Inc/Legacy -I../Drivers/STM32F1xx_HAL_Driver/Inc -I../Drivers/CMSIS/Device/ST/STM32F1xx/Include -I../Drivers/CMSIS/Include -O0 -ffunction-sections -fdata-sections -Wall -fstack-usage -fcyclomatic-complexity -MMD -MP -MF"Core/Src/ds18b20.d" -MT"Core/Src/ds18b20.o" --specs=nano.specs -mfloat-abi=soft -mthumb -o "Core/Src/ds18b20.o"
arm-none-eabi-gcc "../Core/Src/fnd_controller.c" -mcpu=cortex-m3 -std=gnu11 -g3 -DDEBUG -DUSE_HAL_DRIVER -DSTM32F103xB -c -I../Core/Inc -I../Drivers/STM32F1xx_HAL_Driver/Inc/Legacy -I../Drivers/STM32F1xx_HAL_Driver/Inc -I../Drivers/CMSIS/Device/ST/STM32F1xx/Include -I../Drivers/CMSIS/Include -O0 -ffunction-sections -fdata-sections -Wall -fstack-usage -fcyclomatic-complexity -MMD -MP -MF"Core/Src/fnd_controller.d" -MT"Core/Src/fnd_controller.o" --specs=nano.specs -mfloat-abi=soft -mthumb -o "Core/Src/fnd_controller.o"
arm-none-eabi-gcc "../Core/Src/main.c" -mcpu=cortex-m3 -std=gnu11 -g3 -DDEBUG -DUSE_HAL_DRIVER -DSTM32F103xB -c -I../Core/Inc -I../Drivers/STM32F1xx_HAL_Driver/Inc/Legacy -I../Drivers/STM32F1xx_HAL_Driver/Inc -I../Drivers/CMSIS/Device/ST/STM32F1xx/Include -I../Drivers/CMSIS/Include -O0 -ffunction-sections -fdata-sections -Wall -fstack-usage -fcyclomatic-complexity -MMD -MP -MF"Core/Src/main.d" -MT"Core/Src/main.o" --specs=nano.specs -mfloat-abi=soft -mthumb -o "Core/Src/main.o"
arm-none-eabi-gcc "../Core/Src/onewire.c" -mcpu=cortex-m3 -std=gnu11 -g3 -DDEBUG -DUSE_HAL_DRIVER -DSTM32F103xB -c -I../Core/Inc -I../Drivers/STM32F1xx_HAL_Driver/Inc/Legacy -I../Drivers/STM32F1xx_HAL_Driver/Inc -I../Drivers/CMSIS/Device/ST/STM32F1xx/Include -I../Drivers/CMSIS/Include -O0 -ffunction-sections -fdata-sections -Wall -fstack-usage -fcyclomatic-complexity -MMD -MP -MF"Core/Src/onewire.d" -MT"Core/Src/onewire.o" --specs=nano.specs -mfloat-abi=soft -mthumb -o "Core/Src/onewire.o"
arm-none-eabi-gcc "../Core/Src/stm32f1xx_hal_msp.c" -mcpu=cortex-m3 -std=gnu11 -g3 -DDEBUG -DUSE_HAL_DRIVER -DSTM32F103xB -c -I../Core/Inc -I../Drivers/STM32F1xx_HAL_Driver/Inc/Legacy -I../Drivers/STM32F1xx_HAL_Driver/Inc -I../Drivers/CMSIS/Device/ST/STM32F1xx/Include -I../Drivers/CMSIS/Include -O0 -ffunction-sections -fdata-sections -Wall -fstack-usage -fcyclomatic-complexity -MMD -MP -MF"Core/Src/stm32f1xx_hal_msp.d" -MT"Core/Src/stm32f1xx_hal_msp.o" --specs=nano.specs -mfloat-abi=soft -mthumb -o "Core/Src/stm32f1xx_hal_msp.o"
arm-none-eabi-gcc "../Core/Src/stm32f1xx_it.c" -mcpu=cortex-m3 -std=gnu11 -g3 -DDEBUG -DUSE_HAL_DRIVER -DSTM32F103xB -c -I../Core/Inc -I../Drivers/STM32F1xx_HAL_Driver/Inc/Legacy -I../Drivers/STM32F1xx_HAL_Driver/Inc -I../Drivers/CMSIS/Device/ST/STM32F1xx/Include -I../Drivers/CMSIS/Include -O0 -ffunction-sections -fdata-sections -Wall -fstack-usage -fcyclomatic-complexity -MMD -MP -MF"Core/Src/stm32f1xx_it.d" -MT"Core/Src/stm32f1xx_it.o" --specs=nano.specs -mfloat-abi=soft -mthumb -o "Core/Src/stm32f1xx_it.o"
arm-none-eabi-gcc "../Core/Src/syscalls.c" -mcpu=cortex-m3 -std=gnu11 -g3 -DDEBUG -DUSE_HAL_DRIVER -DSTM32F103xB -c -I../Core/Inc -I../Drivers/STM32F1xx_HAL_Driver/Inc/Legacy -I../Drivers/STM32F1xx_HAL_Driver/Inc -I../Drivers/CMSIS/Device/ST/STM32F1xx/Include -I../Drivers/CMSIS/Include -O0 -ffunction-sections -fdata-sections -Wall -fstack-usage -fcyclomatic-complexity -MMD -MP -MF"Core/Src/syscalls.d" -MT"Core/Src/syscalls.o" --specs=nano.specs -mfloat-abi=soft -mthumb -o "Core/Src/syscalls.o"
arm-none-eabi-gcc "../Core/Src/sysmem.c" -mcpu=cortex-m3 -std=gnu11 -g3 -DDEBUG -DUSE_HAL_DRIVER -DSTM32F103xB -c -I../Core/Inc -I../Drivers/STM32F1xx_HAL_Driver/Inc/Legacy -I../Drivers/STM32F1xx_HAL_Driver/Inc -I../Drivers/CMSIS/Device/ST/STM32F1xx/Include -I../Drivers/CMSIS/Include -O0 -ffunction-sections -fdata-sections -Wall -fstack-usage -fcyclomatic-complexity -MMD -MP -MF"Core/Src/sysmem.d" -MT"Core/Src/sysmem.o" --specs=nano.specs -mfloat-abi=soft -mthumb -o "Core/Src/sysmem.o"
In file included from ../Core/Inc/ds18b20.h:8,
                 from ../Core/Src/ds18b20.c:3:
../Core/Inc/ds18b20Config.h:6:8: error: unknown type name 'TIM_HandleTypeDef'
    6 | extern TIM_HandleTypeDef htim2;
      |        ^~~~~~~~~~~~~~~~~
arm-none-eabi-gcc "../Core/Src/system_stm32f1xx.c" -mcpu=cortex-m3 -std=gnu11 -g3 -DDEBUG -DUSE_HAL_DRIVER -DSTM32F103xB -c -I../Core/Inc -I../Drivers/STM32F1xx_HAL_Driver/Inc/Legacy -I../Drivers/STM32F1xx_HAL_Driver/Inc -I../Drivers/CMSIS/Device/ST/STM32F1xx/Include -I../Drivers/CMSIS/Include -O0 -ffunction-sections -fdata-sections -Wall -fstack-usage -fcyclomatic-complexity -MMD -MP -MF"Core/Src/system_stm32f1xx.d" -MT"Core/Src/system_stm32f1xx.o" --specs=nano.specs -mfloat-abi=soft -mthumb -o "Core/Src/system_stm32f1xx.o"
../Core/Src/fnd_controller.c: In function 'digit4_show':
../Core/Src/fnd_controller.c:112:34: warning: suggest parentheses around comparison in operand of '|' [-Wparentheses]
  112 |                 if (showZero | n > 9)
      |                                ~~^~~
../Core/Src/fnd_controller.c:114:34: warning: suggest parentheses around comparison in operand of '|' [-Wparentheses]
  114 |                 if (showZero | n > 99)
      |                                ~~^~~~
../Core/Src/fnd_controller.c:116:34: warning: suggest parentheses around comparison in operand of '|' [-Wparentheses]
  116 |                 if (showZero | n > 999)
      |                                ~~^~~~~
../Core/Src/main.c: In function 'main':
../Core/Src/main.c:94:9: warning: implicit declaration of function 'spi_init_fnd' [-Wimplicit-function-declaration]
   94 |         spi_init_fnd(&hspi2);
      |         ^~~~~~~~~~~~
../Core/Src/main.c:103:25: warning: implicit declaration of function 'digit2' [-Wimplicit-function-declaration]
  103 |                         digit2(i, 0b0001, 50); //send counter 0-99 with delay 50 cicles int 1st and 2nd view ports
      |                         ^~~~~~
make: *** [Core/Src/subdir.mk:43: Core/Src/ds18b20.o] Error 1
make: *** Waiting for unfinished jobs....
../Core/Src/main.c:107:25: warning: implicit declaration of function 'digit4showZero_replay' [-Wimplicit-function-declaration]
  107 |                         digit4showZero_replay(i, 50); //send counter 0-100 with delay 50 cicles with zero
      |                         ^~~~~~~~~~~~~~~~~~~~~
In file included from ../Core/Src/onewire.c:20:
../Core/Inc/ds18b20Config.h:6:8: error: unknown type name 'TIM_HandleTypeDef'
    6 | extern TIM_HandleTypeDef htim2;
      |        ^~~~~~~~~~~~~~~~~
../Core/Src/onewire.c: In function 'ONEWIRE_DELAY':
../Core/Src/onewire.c:25:23: error: request for member 'Instance' in something not a structure or union
   25 |         _DS18B20_TIMER.Instance->CNT = 0;
      |                       ^
../Core/Src/onewire.c:26:29: error: request for member 'Instance' in something not a structure or union
   26 |         while(_DS18B20_TIMER.Instance->CNT <= time_us);
      |                             ^
../Core/Src/main.c:112:25: warning: implicit declaration of function 'digit4_replay' [-Wimplicit-function-declaration]
  112 |                         digit4_replay(i, 50); //send counter 0-9999 with delay 50 cicles and hide zero
      |                         ^~~~~~~~~~~~~
../Core/Src/onewire.c: In function 'OneWire_Init':
../Core/Src/onewire.c:57:9: warning: implicit declaration of function 'HAL_TIM_Base_Start'; did you mean 'HAL_DMA_Start'? [-Wimplicit-function-declaration]
   57 |         HAL_TIM_Base_Start(&_DS18B20_TIMER);
      |         ^~~~~~~~~~~~~~~~~~
      |         HAL_DMA_Start
make: *** [Core/Src/subdir.mk:43: Core/Src/onewire.o] Error 1
"make -j16 all" terminated with exit code 2. Build might be incomplete.
01:39:48 **** Incremental Build of configuration Debug for project dryer ****
make -j16 all 
arm-none-eabi-gcc "../Drivers/STM32F1xx_HAL_Driver/Src/stm32f1xx_hal.c" -mcpu=cortex-m3 -std=gnu11 -g3 -DDEBUG -DUSE_HAL_DRIVER -DSTM32F103xB -c -I../Core/Inc -I../Drivers/STM32F1xx_HAL_Driver/Inc/Legacy -I../Drivers/STM32F1xx_HAL_Driver/Inc -I../Drivers/CMSIS/Device/ST/STM32F1xx/Include -I../Drivers/CMSIS/Include -O0 -ffunction-sections -fdata-sections -Wall -fstack-usage -fcyclomatic-complexity -MMD -MP -MF"Drivers/STM32F1xx_HAL_Driver/Src/stm32f1xx_hal.d" -MT"Drivers/STM32F1xx_HAL_Driver/Src/stm32f1xx_hal.o" --specs=nano.specs -mfloat-abi=soft -mthumb -o "Drivers/STM32F1xx_HAL_Driver/Src/stm32f1xx_hal.o"
arm-none-eabi-gcc "../Drivers/STM32F1xx_HAL_Driver/Src/stm32f1xx_hal_cortex.c" -mcpu=cortex-m3 -std=gnu11 -g3 -DDEBUG -DUSE_HAL_DRIVER -DSTM32F103xB -c -I../Core/Inc -I../Drivers/STM32F1xx_HAL_Driver/Inc/Legacy -I../Drivers/STM32F1xx_HAL_Driver/Inc -I../Drivers/CMSIS/Device/ST/STM32F1xx/Include -I../Drivers/CMSIS/Include -O0 -ffunction-sections -fdata-sections -Wall -fstack-usage -fcyclomatic-complexity -MMD -MP -MF"Drivers/STM32F1xx_HAL_Driver/Src/stm32f1xx_hal_cortex.d" -MT"Drivers/STM32F1xx_HAL_Driver/Src/stm32f1xx_hal_cortex.o" --specs=nano.specs -mfloat-abi=soft -mthumb -o "Drivers/STM32F1xx_HAL_Driver/Src/stm32f1xx_hal_cortex.o"
arm-none-eabi-gcc "../Drivers/STM32F1xx_HAL_Driver/Src/stm32f1xx_hal_dma.c" -mcpu=cortex-m3 -std=gnu11 -g3 -DDEBUG -DUSE_HAL_DRIVER -DSTM32F103xB -c -I../Core/Inc -I../Drivers/STM32F1xx_HAL_Driver/Inc/Legacy -I../Drivers/STM32F1xx_HAL_Driver/Inc -I../Drivers/CMSIS/Device/ST/STM32F1xx/Include -I../Drivers/CMSIS/Include -O0 -ffunction-sections -fdata-sections -Wall -fstack-usage -fcyclomatic-complexity -MMD -MP -MF"Drivers/STM32F1xx_HAL_Driver/Src/stm32f1xx_hal_dma.d" -MT"Drivers/STM32F1xx_HAL_Driver/Src/stm32f1xx_hal_dma.o" --specs=nano.specs -mfloat-abi=soft -mthumb -o "Drivers/STM32F1xx_HAL_Driver/Src/stm32f1xx_hal_dma.o"
arm-none-eabi-gcc "../Drivers/STM32F1xx_HAL_Driver/Src/stm32f1xx_hal_exti.c" -mcpu=cortex-m3 -std=gnu11 -g3 -DDEBUG -DUSE_HAL_DRIVER -DSTM32F103xB -c -I../Core/Inc -I../Drivers/STM32F1xx_HAL_Driver/Inc/Legacy -I../Drivers/STM32F1xx_HAL_Driver/Inc -I../Drivers/CMSIS/Device/ST/STM32F1xx/Include -I../Drivers/CMSIS/Include -O0 -ffunction-sections -fdata-sections -Wall -fstack-usage -fcyclomatic-complexity -MMD -MP -MF"Drivers/STM32F1xx_HAL_Driver/Src/stm32f1xx_hal_exti.d" -MT"Drivers/STM32F1xx_HAL_Driver/Src/stm32f1xx_hal_exti.o" --specs=nano.specs -mfloat-abi=soft -mthumb -o "Drivers/STM32F1xx_HAL_Driver/Src/stm32f1xx_hal_exti.o"
arm-none-eabi-gcc "../Drivers/STM32F1xx_HAL_Driver/Src/stm32f1xx_hal_flash.c" -mcpu=cortex-m3 -std=gnu11 -g3 -DDEBUG -DUSE_HAL_DRIVER -DSTM32F103xB -c -I../Core/Inc -I../Drivers/STM32F1xx_HAL_Driver/Inc/Legacy -I../Drivers/STM32F1xx_HAL_Driver/Inc -I../Drivers/CMSIS/Device/ST/STM32F1xx/Include -I../Drivers/CMSIS/Include -O0 -ffunction-sections -fdata-sections -Wall -fstack-usage -fcyclomatic-complexity -MMD -MP -MF"Drivers/STM32F1xx_HAL_Driver/Src/stm32f1xx_hal_flash.d" -MT"Drivers/STM32F1xx_HAL_Driver/Src/stm32f1xx_hal_flash.o" --specs=nano.specs -mfloat-abi=soft -mthumb -o "Drivers/STM32F1xx_HAL_Driver/Src/stm32f1xx_hal_flash.o"
arm-none-eabi-gcc "../Drivers/STM32F1xx_HAL_Driver/Src/stm32f1xx_hal_flash_ex.c" -mcpu=cortex-m3 -std=gnu11 -g3 -DDEBUG -DUSE_HAL_DRIVER -DSTM32F103xB -c -I../Core/Inc -I../Drivers/STM32F1xx_HAL_Driver/Inc/Legacy -I../Drivers/STM32F1xx_HAL_Driver/Inc -I../Drivers/CMSIS/Device/ST/STM32F1xx/Include -I../Drivers/CMSIS/Include -O0 -ffunction-sections -fdata-sections -Wall -fstack-usage -fcyclomatic-complexity -MMD -MP -MF"Drivers/STM32F1xx_HAL_Driver/Src/stm32f1xx_hal_flash_ex.d" -MT"Drivers/STM32F1xx_HAL_Driver/Src/stm32f1xx_hal_flash_ex.o" --specs=nano.specs -mfloat-abi=soft -mthumb -o "Drivers/STM32F1xx_HAL_Driver/Src/stm32f1xx_hal_flash_ex.o"
arm-none-eabi-gcc "../Drivers/STM32F1xx_HAL_Driver/Src/stm32f1xx_hal_gpio.c" -mcpu=cortex-m3 -std=gnu11 -g3 -DDEBUG -DUSE_HAL_DRIVER -DSTM32F103xB -c -I../Core/Inc -I../Drivers/STM32F1xx_HAL_Driver/Inc/Legacy -I../Drivers/STM32F1xx_HAL_Driver/Inc -I../Drivers/CMSIS/Device/ST/STM32F1xx/Include -I../Drivers/CMSIS/Include -O0 -ffunction-sections -fdata-sections -Wall -fstack-usage -fcyclomatic-complexity -MMD -MP -MF"Drivers/STM32F1xx_HAL_Driver/Src/stm32f1xx_hal_gpio.d" -MT"Drivers/STM32F1xx_HAL_Driver/Src/stm32f1xx_hal_gpio.o" --specs=nano.specs -mfloat-abi=soft -mthumb -o "Drivers/STM32F1xx_HAL_Driver/Src/stm32f1xx_hal_gpio.o"
arm-none-eabi-gcc "../Drivers/STM32F1xx_HAL_Driver/Src/stm32f1xx_hal_gpio_ex.c" -mcpu=cortex-m3 -std=gnu11 -g3 -DDEBUG -DUSE_HAL_DRIVER -DSTM32F103xB -c -I../Core/Inc -I../Drivers/STM32F1xx_HAL_Driver/Inc/Legacy -I../Drivers/STM32F1xx_HAL_Driver/Inc -I../Drivers/CMSIS/Device/ST/STM32F1xx/Include -I../Drivers/CMSIS/Include -O0 -ffunction-sections -fdata-sections -Wall -fstack-usage -fcyclomatic-complexity -MMD -MP -MF"Drivers/STM32F1xx_HAL_Driver/Src/stm32f1xx_hal_gpio_ex.d" -MT"Drivers/STM32F1xx_HAL_Driver/Src/stm32f1xx_hal_gpio_ex.o" --specs=nano.specs -mfloat-abi=soft -mthumb -o "Drivers/STM32F1xx_HAL_Driver/Src/stm32f1xx_hal_gpio_ex.o"
arm-none-eabi-gcc "../Drivers/STM32F1xx_HAL_Driver/Src/stm32f1xx_hal_pwr.c" -mcpu=cortex-m3 -std=gnu11 -g3 -DDEBUG -DUSE_HAL_DRIVER -DSTM32F103xB -c -I../Core/Inc -I../Drivers/STM32F1xx_HAL_Driver/Inc/Legacy -I../Drivers/STM32F1xx_HAL_Driver/Inc -I../Drivers/CMSIS/Device/ST/STM32F1xx/Include -I../Drivers/CMSIS/Include -O0 -ffunction-sections -fdata-sections -Wall -fstack-usage -fcyclomatic-complexity -MMD -MP -MF"Drivers/STM32F1xx_HAL_Driver/Src/stm32f1xx_hal_pwr.d" -MT"Drivers/STM32F1xx_HAL_Driver/Src/stm32f1xx_hal_pwr.o" --specs=nano.specs -mfloat-abi=soft -mthumb -o "Drivers/STM32F1xx_HAL_Driver/Src/stm32f1xx_hal_pwr.o"
arm-none-eabi-gcc "../Drivers/STM32F1xx_HAL_Driver/Src/stm32f1xx_hal_rcc.c" -mcpu=cortex-m3 -std=gnu11 -g3 -DDEBUG -DUSE_HAL_DRIVER -DSTM32F103xB -c -I../Core/Inc -I../Drivers/STM32F1xx_HAL_Driver/Inc/Legacy -I../Drivers/STM32F1xx_HAL_Driver/Inc -I../Drivers/CMSIS/Device/ST/STM32F1xx/Include -I../Drivers/CMSIS/Include -O0 -ffunction-sections -fdata-sections -Wall -fstack-usage -fcyclomatic-complexity -MMD -MP -MF"Drivers/STM32F1xx_HAL_Driver/Src/stm32f1xx_hal_rcc.d" -MT"Drivers/STM32F1xx_HAL_Driver/Src/stm32f1xx_hal_rcc.o" --specs=nano.specs -mfloat-abi=soft -mthumb -o "Drivers/STM32F1xx_HAL_Driver/Src/stm32f1xx_hal_rcc.o"
arm-none-eabi-gcc "../Drivers/STM32F1xx_HAL_Driver/Src/stm32f1xx_hal_rcc_ex.c" -mcpu=cortex-m3 -std=gnu11 -g3 -DDEBUG -DUSE_HAL_DRIVER -DSTM32F103xB -c -I../Core/Inc -I../Drivers/STM32F1xx_HAL_Driver/Inc/Legacy -I../Drivers/STM32F1xx_HAL_Driver/Inc -I../Drivers/CMSIS/Device/ST/STM32F1xx/Include -I../Drivers/CMSIS/Include -O0 -ffunction-sections -fdata-sections -Wall -fstack-usage -fcyclomatic-complexity -MMD -MP -MF"Drivers/STM32F1xx_HAL_Driver/Src/stm32f1xx_hal_rcc_ex.d" -MT"Drivers/STM32F1xx_HAL_Driver/Src/stm32f1xx_hal_rcc_ex.o" --specs=nano.specs -mfloat-abi=soft -mthumb -o "Drivers/STM32F1xx_HAL_Driver/Src/stm32f1xx_hal_rcc_ex.o"
arm-none-eabi-gcc "../Drivers/STM32F1xx_HAL_Driver/Src/stm32f1xx_hal_spi.c" -mcpu=cortex-m3 -std=gnu11 -g3 -DDEBUG -DUSE_HAL_DRIVER -DSTM32F103xB -c -I../Core/Inc -I../Drivers/STM32F1xx_HAL_Driver/Inc/Legacy -I../Drivers/STM32F1xx_HAL_Driver/Inc -I../Drivers/CMSIS/Device/ST/STM32F1xx/Include -I../Drivers/CMSIS/Include -O0 -ffunction-sections -fdata-sections -Wall -fstack-usage -fcyclomatic-complexity -MMD -MP -MF"Drivers/STM32F1xx_HAL_Driver/Src/stm32f1xx_hal_spi.d" -MT"Drivers/STM32F1xx_HAL_Driver/Src/stm32f1xx_hal_spi.o" --specs=nano.specs -mfloat-abi=soft -mthumb -o "Drivers/STM32F1xx_HAL_Driver/Src/stm32f1xx_hal_spi.o"
arm-none-eabi-gcc "../Drivers/STM32F1xx_HAL_Driver/Src/stm32f1xx_hal_tim.c" -mcpu=cortex-m3 -std=gnu11 -g3 -DDEBUG -DUSE_HAL_DRIVER -DSTM32F103xB -c -I../Core/Inc -I../Drivers/STM32F1xx_HAL_Driver/Inc/Legacy -I../Drivers/STM32F1xx_HAL_Driver/Inc -I../Drivers/CMSIS/Device/ST/STM32F1xx/Include -I../Drivers/CMSIS/Include -O0 -ffunction-sections -fdata-sections -Wall -fstack-usage -fcyclomatic-complexity -MMD -MP -MF"Drivers/STM32F1xx_HAL_Driver/Src/stm32f1xx_hal_tim.d" -MT"Drivers/STM32F1xx_HAL_Driver/Src/stm32f1xx_hal_tim.o" --specs=nano.specs -mfloat-abi=soft -mthumb -o "Drivers/STM32F1xx_HAL_Driver/Src/stm32f1xx_hal_tim.o"
arm-none-eabi-gcc "../Drivers/STM32F1xx_HAL_Driver/Src/stm32f1xx_hal_tim_ex.c" -mcpu=cortex-m3 -std=gnu11 -g3 -DDEBUG -DUSE_HAL_DRIVER -DSTM32F103xB -c -I../Core/Inc -I../Drivers/STM32F1xx_HAL_Driver/Inc/Legacy -I../Drivers/STM32F1xx_HAL_Driver/Inc -I../Drivers/CMSIS/Device/ST/STM32F1xx/Include -I../Drivers/CMSIS/Include -O0 -ffunction-sections -fdata-sections -Wall -fstack-usage -fcyclomatic-complexity -MMD -MP -MF"Drivers/STM32F1xx_HAL_Driver/Src/stm32f1xx_hal_tim_ex.d" -MT"Drivers/STM32F1xx_HAL_Driver/Src/stm32f1xx_hal_tim_ex.o" --specs=nano.specs -mfloat-abi=soft -mthumb -o "Drivers/STM32F1xx_HAL_Driver/Src/stm32f1xx_hal_tim_ex.o"
arm-none-eabi-gcc "../Core/Src/ds18b20.c" -mcpu=cortex-m3 -std=gnu11 -g3 -DDEBUG -DUSE_HAL_DRIVER -DSTM32F103xB -c -I../Core/Inc -I../Drivers/STM32F1xx_HAL_Driver/Inc/Legacy -I../Drivers/STM32F1xx_HAL_Driver/Inc -I../Drivers/CMSIS/Device/ST/STM32F1xx/Include -I../Drivers/CMSIS/Include -O0 -ffunction-sections -fdata-sections -Wall -fstack-usage -fcyclomatic-complexity -MMD -MP -MF"Core/Src/ds18b20.d" -MT"Core/Src/ds18b20.o" --specs=nano.specs -mfloat-abi=soft -mthumb -o "Core/Src/ds18b20.o"
arm-none-eabi-gcc "../Core/Src/fnd_controller.c" -mcpu=cortex-m3 -std=gnu11 -g3 -DDEBUG -DUSE_HAL_DRIVER -DSTM32F103xB -c -I../Core/Inc -I../Drivers/STM32F1xx_HAL_Driver/Inc/Legacy -I../Drivers/STM32F1xx_HAL_Driver/Inc -I../Drivers/CMSIS/Device/ST/STM32F1xx/Include -I../Drivers/CMSIS/Include -O0 -ffunction-sections -fdata-sections -Wall -fstack-usage -fcyclomatic-complexity -MMD -MP -MF"Core/Src/fnd_controller.d" -MT"Core/Src/fnd_controller.o" --specs=nano.specs -mfloat-abi=soft -mthumb -o "Core/Src/fnd_controller.o"
arm-none-eabi-gcc "../Core/Src/main.c" -mcpu=cortex-m3 -std=gnu11 -g3 -DDEBUG -DUSE_HAL_DRIVER -DSTM32F103xB -c -I../Core/Inc -I../Drivers/STM32F1xx_HAL_Driver/Inc/Legacy -I../Drivers/STM32F1xx_HAL_Driver/Inc -I../Drivers/CMSIS/Device/ST/STM32F1xx/Include -I../Drivers/CMSIS/Include -O0 -ffunction-sections -fdata-sections -Wall -fstack-usage -fcyclomatic-complexity -MMD -MP -MF"Core/Src/main.d" -MT"Core/Src/main.o" --specs=nano.specs -mfloat-abi=soft -mthumb -o "Core/Src/main.o"
arm-none-eabi-gcc "../Core/Src/onewire.c" -mcpu=cortex-m3 -std=gnu11 -g3 -DDEBUG -DUSE_HAL_DRIVER -DSTM32F103xB -c -I../Core/Inc -I../Drivers/STM32F1xx_HAL_Driver/Inc/Legacy -I../Drivers/STM32F1xx_HAL_Driver/Inc -I../Drivers/CMSIS/Device/ST/STM32F1xx/Include -I../Drivers/CMSIS/Include -O0 -ffunction-sections -fdata-sections -Wall -fstack-usage -fcyclomatic-complexity -MMD -MP -MF"Core/Src/onewire.d" -MT"Core/Src/onewire.o" --specs=nano.specs -mfloat-abi=soft -mthumb -o "Core/Src/onewire.o"
arm-none-eabi-gcc "../Core/Src/stm32f1xx_hal_msp.c" -mcpu=cortex-m3 -std=gnu11 -g3 -DDEBUG -DUSE_HAL_DRIVER -DSTM32F103xB -c -I../Core/Inc -I../Drivers/STM32F1xx_HAL_Driver/Inc/Legacy -I../Drivers/STM32F1xx_HAL_Driver/Inc -I../Drivers/CMSIS/Device/ST/STM32F1xx/Include -I../Drivers/CMSIS/Include -O0 -ffunction-sections -fdata-sections -Wall -fstack-usage -fcyclomatic-complexity -MMD -MP -MF"Core/Src/stm32f1xx_hal_msp.d" -MT"Core/Src/stm32f1xx_hal_msp.o" --specs=nano.specs -mfloat-abi=soft -mthumb -o "Core/Src/stm32f1xx_hal_msp.o"
arm-none-eabi-gcc "../Core/Src/stm32f1xx_it.c" -mcpu=cortex-m3 -std=gnu11 -g3 -DDEBUG -DUSE_HAL_DRIVER -DSTM32F103xB -c -I../Core/Inc -I../Drivers/STM32F1xx_HAL_Driver/Inc/Legacy -I../Drivers/STM32F1xx_HAL_Driver/Inc -I../Drivers/CMSIS/Device/ST/STM32F1xx/Include -I../Drivers/CMSIS/Include -O0 -ffunction-sections -fdata-sections -Wall -fstack-usage -fcyclomatic-complexity -MMD -MP -MF"Core/Src/stm32f1xx_it.d" -MT"Core/Src/stm32f1xx_it.o" --specs=nano.specs -mfloat-abi=soft -mthumb -o "Core/Src/stm32f1xx_it.o"
arm-none-eabi-gcc "../Core/Src/system_stm32f1xx.c" -mcpu=cortex-m3 -std=gnu11 -g3 -DDEBUG -DUSE_HAL_DRIVER -DSTM32F103xB -c -I../Core/Inc -I../Drivers/STM32F1xx_HAL_Driver/Inc/Legacy -I../Drivers/STM32F1xx_HAL_Driver/Inc -I../Drivers/CMSIS/Device/ST/STM32F1xx/Include -I../Drivers/CMSIS/Include -O0 -ffunction-sections -fdata-sections -Wall -fstack-usage -fcyclomatic-complexity -MMD -MP -MF"Core/Src/system_stm32f1xx.d" -MT"Core/Src/system_stm32f1xx.o" --specs=nano.specs -mfloat-abi=soft -mthumb -o "Core/Src/system_stm32f1xx.o"
../Core/Src/fnd_controller.c: In function 'digit4_show':
../Core/Src/fnd_controller.c:112:34: warning: suggest parentheses around comparison in operand of '|' [-Wparentheses]
  112 |                 if (showZero | n > 9)
      |                                ~~^~~
../Core/Src/fnd_controller.c:114:34: warning: suggest parentheses around comparison in operand of '|' [-Wparentheses]
  114 |                 if (showZero | n > 99)
      |                                ~~^~~~
../Core/Src/fnd_controller.c:116:34: warning: suggest parentheses around comparison in operand of '|' [-Wparentheses]
  116 |                 if (showZero | n > 999)
      |                                ~~^~~~~
../Core/Src/main.c: In function 'main':
../Core/Src/main.c:98:9: warning: implicit declaration of function 'spi_init_fnd' [-Wimplicit-function-declaration]
   98 |         spi_init_fnd(&hspi2);
      |         ^~~~~~~~~~~~
../Core/Src/main.c:107:25: warning: implicit declaration of function 'digit2' [-Wimplicit-function-declaration]
  107 |                         digit2(i, 0b0001, 50); //send counter 0-99 with delay 50 cicles int 1st and 2nd view ports
      |                         ^~~~~~
../Core/Src/main.c:111:25: warning: implicit declaration of function 'digit4showZero_replay' [-Wimplicit-function-declaration]
  111 |                         digit4showZero_replay(i, 50); //send counter 0-100 with delay 50 cicles with zero
      |                         ^~~~~~~~~~~~~~~~~~~~~
../Core/Src/main.c:116:25: warning: implicit declaration of function 'digit4_replay' [-Wimplicit-function-declaration]
  116 |                         digit4_replay(i, 50); //send counter 0-9999 with delay 50 cicles and hide zero
      |                         ^~~~~~~~~~~~~
arm-none-eabi-gcc -o "dryer.elf" @"objects.list"   -mcpu=cortex-m3 -T"C:\STM_Prj\dryer_project\dryer\STM32F103C8TX_FLASH.ld" --specs=nosys.specs -Wl,-Map="dryer.map" -Wl,--gc-sections -static --specs=nano.specs -mfloat-abi=soft -mthumb -Wl,--start-group -lc -lm -Wl,--end-group
Finished building target: dryer.elf
 
arm-none-eabi-size  dryer.elf 
arm-none-eabi-objdump -h -S dryer.elf  > "dryer.list"
   text	   data	    bss	    dec	    hex	filename
   9212	     12	   1764	  10988	   2aec	dryer.elf
Finished building: default.size.stdout
 
Finished building: dryer.list
 
01:39:56 **** Incremental Build of configuration Debug for project dryer ****
make -j16 all 
arm-none-eabi-size  dryer.elf 
   text	   data	    bss	    dec	    hex	filename
   9212	     12	   1764	  10988	   2aec	dryer.elf
Finished building: default.size.stdout
 
01:42:15 **** Incremental Build of configuration Debug for project dryer ****
make -j16 all 
arm-none-eabi-gcc "../Core/Src/main.c" -mcpu=cortex-m3 -std=gnu11 -g3 -DDEBUG -DUSE_HAL_DRIVER -DSTM32F103xB -c -I../Core/Inc -I../Drivers/STM32F1xx_HAL_Driver/Inc/Legacy -I../Drivers/STM32F1xx_HAL_Driver/Inc -I../Drivers/CMSIS/Device/ST/STM32F1xx/Include -I../Drivers/CMSIS/Include -O0 -ffunction-sections -fdata-sections -Wall -fstack-usage -fcyclomatic-complexity -MMD -MP -MF"Core/Src/main.d" -MT"Core/Src/main.o" --specs=nano.specs -mfloat-abi=soft -mthumb -o "Core/Src/main.o"
../Core/Src/main.c: In function 'main':
../Core/Src/main.c:97:9: warning: implicit declaration of function 'spi_init_fnd' [-Wimplicit-function-declaration]
   97 |         spi_init_fnd(&hspi2);
      |         ^~~~~~~~~~~~
../Core/Src/main.c:99:9: warning: implicit declaration of function 'Ds18b20_Init' [-Wimplicit-function-declaration]
   99 |         Ds18b20_Init();
      |         ^~~~~~~~~~~~
../Core/Src/main.c:108:25: warning: implicit declaration of function 'digit2' [-Wimplicit-function-declaration]
  108 |                         digit2(i, 0b0001, 50); //send counter 0-99 with delay 50 cicles int 1st and 2nd view ports
      |                         ^~~~~~
../Core/Src/main.c:112:25: warning: implicit declaration of function 'digit4showZero_replay' [-Wimplicit-function-declaration]
  112 |                         digit4showZero_replay(i, 50); //send counter 0-100 with delay 50 cicles with zero
      |                         ^~~~~~~~~~~~~~~~~~~~~
../Core/Src/main.c:117:25: warning: implicit declaration of function 'digit4_replay' [-Wimplicit-function-declaration]
  117 |                         digit4_replay(i, 50); //send counter 0-9999 with delay 50 cicles and hide zero
      |                         ^~~~~~~~~~~~~
arm-none-eabi-gcc -o "dryer.elf" @"objects.list"   -mcpu=cortex-m3 -T"C:\STM_Prj\dryer_project\dryer\STM32F103C8TX_FLASH.ld" --specs=nosys.specs -Wl,-Map="dryer.map" -Wl,--gc-sections -static --specs=nano.specs -mfloat-abi=soft -mthumb -Wl,--start-group -lc -lm -Wl,--end-group
Finished building target: dryer.elf
 
arm-none-eabi-size  dryer.elf 
arm-none-eabi-objdump -h -S dryer.elf  > "dryer.list"
   text	   data	    bss	    dec	    hex	filename
  11532	     12	   1804	  13348	   3424	dryer.elf
Finished building: default.size.stdout
 
Finished building: dryer.list
 
01:43:40 **** Incremental Build of configuration Debug for project dryer ****
make -j16 all 
arm-none-eabi-gcc "../Core/Src/main.c" -mcpu=cortex-m3 -std=gnu11 -g3 -DDEBUG -DUSE_HAL_DRIVER -DSTM32F103xB -c -I../Core/Inc -I../Drivers/STM32F1xx_HAL_Driver/Inc/Legacy -I../Drivers/STM32F1xx_HAL_Driver/Inc -I../Drivers/CMSIS/Device/ST/STM32F1xx/Include -I../Drivers/CMSIS/Include -O0 -ffunction-sections -fdata-sections -Wall -fstack-usage -fcyclomatic-complexity -MMD -MP -MF"Core/Src/main.d" -MT"Core/Src/main.o" --specs=nano.specs -mfloat-abi=soft -mthumb -o "Core/Src/main.o"
../Core/Src/main.c: In function 'main':
../Core/Src/main.c:97:9: warning: implicit declaration of function 'spi_init_fnd' [-Wimplicit-function-declaration]
   97 |         spi_init_fnd(&hspi2);
      |         ^~~~~~~~~~~~
../Core/Src/main.c:99:9: warning: implicit declaration of function 'Ds18b20_Init' [-Wimplicit-function-declaration]
   99 |         Ds18b20_Init();
      |         ^~~~~~~~~~~~
../Core/Src/main.c:109:25: warning: implicit declaration of function 'digit4_temper' [-Wimplicit-function-declaration]
  109 |                         digit4_temper(i, 450);
      |                         ^~~~~~~~~~~~~
arm-none-eabi-gcc -o "dryer.elf" @"objects.list"   -mcpu=cortex-m3 -T"C:\STM_Prj\dryer_project\dryer\STM32F103C8TX_FLASH.ld" --specs=nosys.specs -Wl,-Map="dryer.map" -Wl,--gc-sections -static --specs=nano.specs -mfloat-abi=soft -mthumb -Wl,--start-group -lc -lm -Wl,--end-group
Finished building target: dryer.elf
 
arm-none-eabi-size  dryer.elf 
arm-none-eabi-objdump -h -S dryer.elf  > "dryer.list"
   text	   data	    bss	    dec	    hex	filename
  11212	     12	   1804	  13028	   32e4	dryer.elf
Finished building: default.size.stdout
 
Finished building: dryer.list
 
01:53:33 **** Incremental Build of configuration Debug for project dryer ****
make -j16 all 
arm-none-eabi-gcc "../Core/Src/main.c" -mcpu=cortex-m3 -std=gnu11 -g3 -DDEBUG -DUSE_HAL_DRIVER -DSTM32F103xB -c -I../Core/Inc -I../Drivers/STM32F1xx_HAL_Driver/Inc/Legacy -I../Drivers/STM32F1xx_HAL_Driver/Inc -I../Drivers/CMSIS/Device/ST/STM32F1xx/Include -I../Drivers/CMSIS/Include -O0 -ffunction-sections -fdata-sections -Wall -fstack-usage -fcyclomatic-complexity -MMD -MP -MF"Core/Src/main.d" -MT"Core/Src/main.o" --specs=nano.specs -mfloat-abi=soft -mthumb -o "Core/Src/main.o"
../Core/Src/main.c: In function 'main':
../Core/Src/main.c:98:9: warning: implicit declaration of function 'spi_init_fnd' [-Wimplicit-function-declaration]
   98 |         spi_init_fnd(&hspi2);
      |         ^~~~~~~~~~~~
../Core/Src/main.c:100:9: warning: implicit declaration of function 'Ds18b20_Init' [-Wimplicit-function-declaration]
  100 |         Ds18b20_Init();
      |         ^~~~~~~~~~~~
../Core/Src/main.c:110:25: warning: implicit declaration of function 'digit4_temper' [-Wimplicit-function-declaration]
  110 |                         digit4_temper(i, 450);
      |                         ^~~~~~~~~~~~~
arm-none-eabi-gcc -o "dryer.elf" @"objects.list"   -mcpu=cortex-m3 -T"C:\STM_Prj\dryer_project\dryer\STM32F103C8TX_FLASH.ld" --specs=nosys.specs -Wl,-Map="dryer.map" -Wl,--gc-sections -static --specs=nano.specs -mfloat-abi=soft -mthumb -Wl,--start-group -lc -lm -Wl,--end-group
Finished building target: dryer.elf
 
arm-none-eabi-size  dryer.elf 
arm-none-eabi-objdump -h -S dryer.elf  > "dryer.list"
   text	   data	    bss	    dec	    hex	filename
  11280	     12	   1804	  13096	   3328	dryer.elf
Finished building: default.size.stdout
 
Finished building: dryer.list
 
01:56:20 **** Incremental Build of configuration Debug for project dryer ****
make -j16 all 
arm-none-eabi-gcc "../Core/Src/ds18b20.c" -mcpu=cortex-m3 -std=gnu11 -g3 -DDEBUG -DUSE_HAL_DRIVER -DSTM32F103xB -c -I../Core/Inc -I../Drivers/STM32F1xx_HAL_Driver/Inc/Legacy -I../Drivers/STM32F1xx_HAL_Driver/Inc -I../Drivers/CMSIS/Device/ST/STM32F1xx/Include -I../Drivers/CMSIS/Include -O0 -ffunction-sections -fdata-sections -Wall -fstack-usage -fcyclomatic-complexity -MMD -MP -MF"Core/Src/ds18b20.d" -MT"Core/Src/ds18b20.o" --specs=nano.specs -mfloat-abi=soft -mthumb -o "Core/Src/ds18b20.o"
arm-none-eabi-gcc "../Core/Src/fnd_controller.c" -mcpu=cortex-m3 -std=gnu11 -g3 -DDEBUG -DUSE_HAL_DRIVER -DSTM32F103xB -c -I../Core/Inc -I../Drivers/STM32F1xx_HAL_Driver/Inc/Legacy -I../Drivers/STM32F1xx_HAL_Driver/Inc -I../Drivers/CMSIS/Device/ST/STM32F1xx/Include -I../Drivers/CMSIS/Include -O0 -ffunction-sections -fdata-sections -Wall -fstack-usage -fcyclomatic-complexity -MMD -MP -MF"Core/Src/fnd_controller.d" -MT"Core/Src/fnd_controller.o" --specs=nano.specs -mfloat-abi=soft -mthumb -o "Core/Src/fnd_controller.o"
arm-none-eabi-gcc "../Core/Src/main.c" -mcpu=cortex-m3 -std=gnu11 -g3 -DDEBUG -DUSE_HAL_DRIVER -DSTM32F103xB -c -I../Core/Inc -I../Drivers/STM32F1xx_HAL_Driver/Inc/Legacy -I../Drivers/STM32F1xx_HAL_Driver/Inc -I../Drivers/CMSIS/Device/ST/STM32F1xx/Include -I../Drivers/CMSIS/Include -O0 -ffunction-sections -fdata-sections -Wall -fstack-usage -fcyclomatic-complexity -MMD -MP -MF"Core/Src/main.d" -MT"Core/Src/main.o" --specs=nano.specs -mfloat-abi=soft -mthumb -o "Core/Src/main.o"
arm-none-eabi-gcc "../Core/Src/onewire.c" -mcpu=cortex-m3 -std=gnu11 -g3 -DDEBUG -DUSE_HAL_DRIVER -DSTM32F103xB -c -I../Core/Inc -I../Drivers/STM32F1xx_HAL_Driver/Inc/Legacy -I../Drivers/STM32F1xx_HAL_Driver/Inc -I../Drivers/CMSIS/Device/ST/STM32F1xx/Include -I../Drivers/CMSIS/Include -O0 -ffunction-sections -fdata-sections -Wall -fstack-usage -fcyclomatic-complexity -MMD -MP -MF"Core/Src/onewire.d" -MT"Core/Src/onewire.o" --specs=nano.specs -mfloat-abi=soft -mthumb -o "Core/Src/onewire.o"
arm-none-eabi-gcc "../Core/Src/stm32f1xx_hal_msp.c" -mcpu=cortex-m3 -std=gnu11 -g3 -DDEBUG -DUSE_HAL_DRIVER -DSTM32F103xB -c -I../Core/Inc -I../Drivers/STM32F1xx_HAL_Driver/Inc/Legacy -I../Drivers/STM32F1xx_HAL_Driver/Inc -I../Drivers/CMSIS/Device/ST/STM32F1xx/Include -I../Drivers/CMSIS/Include -O0 -ffunction-sections -fdata-sections -Wall -fstack-usage -fcyclomatic-complexity -MMD -MP -MF"Core/Src/stm32f1xx_hal_msp.d" -MT"Core/Src/stm32f1xx_hal_msp.o" --specs=nano.specs -mfloat-abi=soft -mthumb -o "Core/Src/stm32f1xx_hal_msp.o"
arm-none-eabi-gcc "../Core/Src/stm32f1xx_it.c" -mcpu=cortex-m3 -std=gnu11 -g3 -DDEBUG -DUSE_HAL_DRIVER -DSTM32F103xB -c -I../Core/Inc -I../Drivers/STM32F1xx_HAL_Driver/Inc/Legacy -I../Drivers/STM32F1xx_HAL_Driver/Inc -I../Drivers/CMSIS/Device/ST/STM32F1xx/Include -I../Drivers/CMSIS/Include -O0 -ffunction-sections -fdata-sections -Wall -fstack-usage -fcyclomatic-complexity -MMD -MP -MF"Core/Src/stm32f1xx_it.d" -MT"Core/Src/stm32f1xx_it.o" --specs=nano.specs -mfloat-abi=soft -mthumb -o "Core/Src/stm32f1xx_it.o"
../Core/Src/fnd_controller.c: In function 'digit4_show':
../Core/Src/fnd_controller.c:112:34: warning: suggest parentheses around comparison in operand of '|' [-Wparentheses]
  112 |                 if (showZero | n > 9)
      |                                ~~^~~
../Core/Src/fnd_controller.c:114:34: warning: suggest parentheses around comparison in operand of '|' [-Wparentheses]
  114 |                 if (showZero | n > 99)
      |                                ~~^~~~
../Core/Src/fnd_controller.c:116:34: warning: suggest parentheses around comparison in operand of '|' [-Wparentheses]
  116 |                 if (showZero | n > 999)
      |                                ~~^~~~~
../Core/Src/main.c: In function 'main':
../Core/Src/main.c:98:9: warning: implicit declaration of function 'spi_init_fnd' [-Wimplicit-function-declaration]
   98 |         spi_init_fnd(&hspi2);
      |         ^~~~~~~~~~~~
../Core/Src/main.c:110:25: warning: implicit declaration of function 'digit4_temper' [-Wimplicit-function-declaration]
  110 |                         digit4_temper(i, 450);
      |                         ^~~~~~~~~~~~~
In file included from ../Core/Inc/main.h:34,
                 from ../Core/Inc/onewire.h:10,
                 from ../Core/Src/onewire.c:19:
../Core/Inc/ds18b20.h:70:31: error: unknown type name 'OneWire_t'
   70 | uint8_t         DS18B20_Start(OneWire_t* OneWireStruct, uint8_t* ROM);
      |                               ^~~~~~~~~
../Core/Inc/ds18b20.h:71:42: error: unknown type name 'OneWire_t'
   71 | void                    DS18B20_StartAll(OneWire_t* OneWireStruct);
      |                                          ^~~~~~~~~
../Core/Inc/ds18b20.h:72:38: error: unknown type name 'OneWire_t'
   72 | bool                    DS18B20_Read(OneWire_t* OneWireStruct, uint8_t* ROM, float* destination);
      |                                      ^~~~~~~~~
../Core/Inc/ds18b20.h:73:39: error: unknown type name 'OneWire_t'
   73 | uint8_t         DS18B20_GetResolution(OneWire_t* OneWireStruct, uint8_t* ROM);
      |                                       ^~~~~~~~~
../Core/Inc/ds18b20.h:74:39: error: unknown type name 'OneWire_t'
   74 | uint8_t         DS18B20_SetResolution(OneWire_t* OneWireStruct, uint8_t* ROM, DS18B20_Resolution_t resolution);
      |                                       ^~~~~~~~~
../Core/Inc/ds18b20.h:76:49: error: unknown type name 'OneWire_t'
   76 | uint8_t         DS18B20_SetAlarmHighTemperature(OneWire_t* OneWireStruct, uint8_t* ROM, int8_t temp);
      |                                                 ^~~~~~~~~
../Core/Inc/ds18b20.h:77:48: error: unknown type name 'OneWire_t'
   77 | uint8_t         DS18B20_SetAlarmLowTemperature(OneWire_t* OneWireStruct, uint8_t* ROM, int8_t temp);
      |                                                ^~~~~~~~~
../Core/Inc/ds18b20.h:78:49: error: unknown type name 'OneWire_t'
   78 | uint8_t         DS18B20_DisableAlarmTemperature(OneWire_t* OneWireStruct, uint8_t* ROM);
      |                                                 ^~~~~~~~~
../Core/Inc/ds18b20.h:79:37: error: unknown type name 'OneWire_t'
   79 | uint8_t         DS18B20_AlarmSearch(OneWire_t* OneWireStruct);
      |                                     ^~~~~~~~~
../Core/Inc/ds18b20.h:80:33: error: unknown type name 'OneWire_t'
   80 | uint8_t         DS18B20_AllDone(OneWire_t* OneWireStruct);
      |                                 ^~~~~~~~~
make: *** [Core/Src/subdir.mk:43: Core/Src/onewire.o] Error 1
make: *** Waiting for unfinished jobs....
"make -j16 all" terminated with exit code 2. Build might be incomplete.
01:56:39 **** Incremental Build of configuration Debug for project dryer ****
make -j16 all 
arm-none-eabi-gcc "../Core/Src/ds18b20.c" -mcpu=cortex-m3 -std=gnu11 -g3 -DDEBUG -DUSE_HAL_DRIVER -DSTM32F103xB -c -I../Core/Inc -I../Drivers/STM32F1xx_HAL_Driver/Inc/Legacy -I../Drivers/STM32F1xx_HAL_Driver/Inc -I../Drivers/CMSIS/Device/ST/STM32F1xx/Include -I../Drivers/CMSIS/Include -O0 -ffunction-sections -fdata-sections -Wall -fstack-usage -fcyclomatic-complexity -MMD -MP -MF"Core/Src/ds18b20.d" -MT"Core/Src/ds18b20.o" --specs=nano.specs -mfloat-abi=soft -mthumb -o "Core/Src/ds18b20.o"
arm-none-eabi-gcc "../Core/Src/fnd_controller.c" -mcpu=cortex-m3 -std=gnu11 -g3 -DDEBUG -DUSE_HAL_DRIVER -DSTM32F103xB -c -I../Core/Inc -I../Drivers/STM32F1xx_HAL_Driver/Inc/Legacy -I../Drivers/STM32F1xx_HAL_Driver/Inc -I../Drivers/CMSIS/Device/ST/STM32F1xx/Include -I../Drivers/CMSIS/Include -O0 -ffunction-sections -fdata-sections -Wall -fstack-usage -fcyclomatic-complexity -MMD -MP -MF"Core/Src/fnd_controller.d" -MT"Core/Src/fnd_controller.o" --specs=nano.specs -mfloat-abi=soft -mthumb -o "Core/Src/fnd_controller.o"
arm-none-eabi-gcc "../Core/Src/main.c" -mcpu=cortex-m3 -std=gnu11 -g3 -DDEBUG -DUSE_HAL_DRIVER -DSTM32F103xB -c -I../Core/Inc -I../Drivers/STM32F1xx_HAL_Driver/Inc/Legacy -I../Drivers/STM32F1xx_HAL_Driver/Inc -I../Drivers/CMSIS/Device/ST/STM32F1xx/Include -I../Drivers/CMSIS/Include -O0 -ffunction-sections -fdata-sections -Wall -fstack-usage -fcyclomatic-complexity -MMD -MP -MF"Core/Src/main.d" -MT"Core/Src/main.o" --specs=nano.specs -mfloat-abi=soft -mthumb -o "Core/Src/main.o"
arm-none-eabi-gcc "../Core/Src/onewire.c" -mcpu=cortex-m3 -std=gnu11 -g3 -DDEBUG -DUSE_HAL_DRIVER -DSTM32F103xB -c -I../Core/Inc -I../Drivers/STM32F1xx_HAL_Driver/Inc/Legacy -I../Drivers/STM32F1xx_HAL_Driver/Inc -I../Drivers/CMSIS/Device/ST/STM32F1xx/Include -I../Drivers/CMSIS/Include -O0 -ffunction-sections -fdata-sections -Wall -fstack-usage -fcyclomatic-complexity -MMD -MP -MF"Core/Src/onewire.d" -MT"Core/Src/onewire.o" --specs=nano.specs -mfloat-abi=soft -mthumb -o "Core/Src/onewire.o"
arm-none-eabi-gcc "../Core/Src/stm32f1xx_hal_msp.c" -mcpu=cortex-m3 -std=gnu11 -g3 -DDEBUG -DUSE_HAL_DRIVER -DSTM32F103xB -c -I../Core/Inc -I../Drivers/STM32F1xx_HAL_Driver/Inc/Legacy -I../Drivers/STM32F1xx_HAL_Driver/Inc -I../Drivers/CMSIS/Device/ST/STM32F1xx/Include -I../Drivers/CMSIS/Include -O0 -ffunction-sections -fdata-sections -Wall -fstack-usage -fcyclomatic-complexity -MMD -MP -MF"Core/Src/stm32f1xx_hal_msp.d" -MT"Core/Src/stm32f1xx_hal_msp.o" --specs=nano.specs -mfloat-abi=soft -mthumb -o "Core/Src/stm32f1xx_hal_msp.o"
arm-none-eabi-gcc "../Core/Src/stm32f1xx_it.c" -mcpu=cortex-m3 -std=gnu11 -g3 -DDEBUG -DUSE_HAL_DRIVER -DSTM32F103xB -c -I../Core/Inc -I../Drivers/STM32F1xx_HAL_Driver/Inc/Legacy -I../Drivers/STM32F1xx_HAL_Driver/Inc -I../Drivers/CMSIS/Device/ST/STM32F1xx/Include -I../Drivers/CMSIS/Include -O0 -ffunction-sections -fdata-sections -Wall -fstack-usage -fcyclomatic-complexity -MMD -MP -MF"Core/Src/stm32f1xx_it.d" -MT"Core/Src/stm32f1xx_it.o" --specs=nano.specs -mfloat-abi=soft -mthumb -o "Core/Src/stm32f1xx_it.o"
../Core/Src/fnd_controller.c: In function 'digit4_show':
../Core/Src/fnd_controller.c:112:34: warning: suggest parentheses around comparison in operand of '|' [-Wparentheses]
  112 |                 if (showZero | n > 9)
      |                                ~~^~~
../Core/Src/fnd_controller.c:114:34: warning: suggest parentheses around comparison in operand of '|' [-Wparentheses]
  114 |                 if (showZero | n > 99)
      |                                ~~^~~~
../Core/Src/fnd_controller.c:116:34: warning: suggest parentheses around comparison in operand of '|' [-Wparentheses]
  116 |                 if (showZero | n > 999)
      |                                ~~^~~~~
../Core/Src/main.c: In function 'main':
../Core/Src/main.c:98:9: warning: implicit declaration of function 'spi_init_fnd' [-Wimplicit-function-declaration]
   98 |         spi_init_fnd(&hspi2);
      |         ^~~~~~~~~~~~
../Core/Src/main.c:100:9: warning: implicit declaration of function 'Ds18b20_Init' [-Wimplicit-function-declaration]
  100 |         Ds18b20_Init();
      |         ^~~~~~~~~~~~
../Core/Src/main.c:110:25: warning: implicit declaration of function 'digit4_temper' [-Wimplicit-function-declaration]
  110 |                         digit4_temper(i, 450);
      |                         ^~~~~~~~~~~~~
arm-none-eabi-gcc -o "dryer.elf" @"objects.list"   -mcpu=cortex-m3 -T"C:\STM_Prj\dryer_project\dryer\STM32F103C8TX_FLASH.ld" --specs=nosys.specs -Wl,-Map="dryer.map" -Wl,--gc-sections -static --specs=nano.specs -mfloat-abi=soft -mthumb -Wl,--start-group -lc -lm -Wl,--end-group
Finished building target: dryer.elf
 
arm-none-eabi-size  dryer.elf 
arm-none-eabi-objdump -h -S dryer.elf  > "dryer.list"
   text	   data	    bss	    dec	    hex	filename
  11280	     12	   1804	  13096	   3328	dryer.elf
Finished building: default.size.stdout
 
Finished building: dryer.list
 
01:59:08 **** Incremental Build of configuration Debug for project dryer ****
make -j16 all 
arm-none-eabi-gcc "../Core/Src/main.c" -mcpu=cortex-m3 -std=gnu11 -g3 -DDEBUG -DUSE_HAL_DRIVER -DSTM32F103xB -c -I../Core/Inc -I../Drivers/STM32F1xx_HAL_Driver/Inc/Legacy -I../Drivers/STM32F1xx_HAL_Driver/Inc -I../Drivers/CMSIS/Device/ST/STM32F1xx/Include -I../Drivers/CMSIS/Include -O0 -ffunction-sections -fdata-sections -Wall -fstack-usage -fcyclomatic-complexity -MMD -MP -MF"Core/Src/main.d" -MT"Core/Src/main.o" --specs=nano.specs -mfloat-abi=soft -mthumb -o "Core/Src/main.o"
../Core/Src/main.c: In function 'main':
../Core/Src/main.c:97:9: warning: implicit declaration of function 'spi_init_fnd' [-Wimplicit-function-declaration]
   97 |         spi_init_fnd(&hspi2);
      |         ^~~~~~~~~~~~
../Core/Src/main.c:99:9: warning: implicit declaration of function 'Ds18b20_Init' [-Wimplicit-function-declaration]
   99 |         Ds18b20_Init();
      |         ^~~~~~~~~~~~
../Core/Src/main.c:108:25: warning: implicit declaration of function 'digit4_temper' [-Wimplicit-function-declaration]
  108 |                         digit4_temper(i, 450);
      |                         ^~~~~~~~~~~~~
arm-none-eabi-gcc -o "dryer.elf" @"objects.list"   -mcpu=cortex-m3 -T"C:\STM_Prj\dryer_project\dryer\STM32F103C8TX_FLASH.ld" --specs=nosys.specs -Wl,-Map="dryer.map" -Wl,--gc-sections -static --specs=nano.specs -mfloat-abi=soft -mthumb -Wl,--start-group -lc -lm -Wl,--end-group
Finished building target: dryer.elf
 
arm-none-eabi-size  dryer.elf 
arm-none-eabi-objdump -h -S dryer.elf  > "dryer.list"
   text	   data	    bss	    dec	    hex	filename
  11452	     12	   1804	  13268	   33d4	dryer.elf
Finished building: default.size.stdout
 
Finished building: dryer.list
 
02:02:17 **** Incremental Build of configuration Debug for project dryer ****
make -j16 all 
arm-none-eabi-gcc "../Core/Src/main.c" -mcpu=cortex-m3 -std=gnu11 -g3 -DDEBUG -DUSE_HAL_DRIVER -DSTM32F103xB -c -I../Core/Inc -I../Drivers/STM32F1xx_HAL_Driver/Inc/Legacy -I../Drivers/STM32F1xx_HAL_Driver/Inc -I../Drivers/CMSIS/Device/ST/STM32F1xx/Include -I../Drivers/CMSIS/Include -O0 -ffunction-sections -fdata-sections -Wall -fstack-usage -fcyclomatic-complexity -MMD -MP -MF"Core/Src/main.d" -MT"Core/Src/main.o" --specs=nano.specs -mfloat-abi=soft -mthumb -o "Core/Src/main.o"
../Core/Src/main.c: In function 'main':
../Core/Src/main.c:100:9: warning: implicit declaration of function 'Ds18b20_Init' [-Wimplicit-function-declaration]
  100 |         Ds18b20_Init();
      |         ^~~~~~~~~~~~
arm-none-eabi-gcc -o "dryer.elf" @"objects.list"   -mcpu=cortex-m3 -T"C:\STM_Prj\dryer_project\dryer\STM32F103C8TX_FLASH.ld" --specs=nosys.specs -Wl,-Map="dryer.map" -Wl,--gc-sections -static --specs=nano.specs -mfloat-abi=soft -mthumb -Wl,--start-group -lc -lm -Wl,--end-group
Finished building target: dryer.elf
 
arm-none-eabi-size  dryer.elf 
arm-none-eabi-objdump -h -S dryer.elf  > "dryer.list"
   text	   data	    bss	    dec	    hex	filename
  11452	     12	   1804	  13268	   33d4	dryer.elf
Finished building: default.size.stdout
 
Finished building: dryer.list
 
02:05:20 **** Incremental Build of configuration Debug for project dryer ****
make -j16 all 
arm-none-eabi-gcc "../Core/Src/main.c" -mcpu=cortex-m3 -std=gnu11 -g3 -DDEBUG -DUSE_HAL_DRIVER -DSTM32F103xB -c -I../Core/Inc -I../Drivers/STM32F1xx_HAL_Driver/Inc/Legacy -I../Drivers/STM32F1xx_HAL_Driver/Inc -I../Drivers/CMSIS/Device/ST/STM32F1xx/Include -I../Drivers/CMSIS/Include -O0 -ffunction-sections -fdata-sections -Wall -fstack-usage -fcyclomatic-complexity -MMD -MP -MF"Core/Src/main.d" -MT"Core/Src/main.o" --specs=nano.specs -mfloat-abi=soft -mthumb -o "Core/Src/main.o"
arm-none-eabi-gcc -o "dryer.elf" @"objects.list"   -mcpu=cortex-m3 -T"C:\STM_Prj\dryer_project\dryer\STM32F103C8TX_FLASH.ld" --specs=nosys.specs -Wl,-Map="dryer.map" -Wl,--gc-sections -static --specs=nano.specs -mfloat-abi=soft -mthumb -Wl,--start-group -lc -lm -Wl,--end-group
Finished building target: dryer.elf
 
arm-none-eabi-size  dryer.elf 
arm-none-eabi-objdump -h -S dryer.elf  > "dryer.list"
   text	   data	    bss	    dec	    hex	filename
  13240	     12	   1804	  15056	   3ad0	dryer.elf
Finished building: default.size.stdout
 
Finished building: dryer.list
 
02:06:28 **** Incremental Build of configuration Debug for project dryer ****
make -j16 all 
arm-none-eabi-gcc "../Core/Src/main.c" -mcpu=cortex-m3 -std=gnu11 -g3 -DDEBUG -DUSE_HAL_DRIVER -DSTM32F103xB -c -I../Core/Inc -I../Drivers/STM32F1xx_HAL_Driver/Inc/Legacy -I../Drivers/STM32F1xx_HAL_Driver/Inc -I../Drivers/CMSIS/Device/ST/STM32F1xx/Include -I../Drivers/CMSIS/Include -O0 -ffunction-sections -fdata-sections -Wall -fstack-usage -fcyclomatic-complexity -MMD -MP -MF"Core/Src/main.d" -MT"Core/Src/main.o" --specs=nano.specs -mfloat-abi=soft -mthumb -o "Core/Src/main.o"
arm-none-eabi-gcc -o "dryer.elf" @"objects.list"   -mcpu=cortex-m3 -T"C:\STM_Prj\dryer_project\dryer\STM32F103C8TX_FLASH.ld" --specs=nosys.specs -Wl,-Map="dryer.map" -Wl,--gc-sections -static --specs=nano.specs -mfloat-abi=soft -mthumb -Wl,--start-group -lc -lm -Wl,--end-group
Finished building target: dryer.elf
 
arm-none-eabi-size  dryer.elf 
arm-none-eabi-objdump -h -S dryer.elf  > "dryer.list"
   text	   data	    bss	    dec	    hex	filename
  13068	     12	   1804	  14884	   3a24	dryer.elf
Finished building: default.size.stdout
 
Finished building: dryer.list
 
00:43:00 **** Incremental Build of configuration Debug for project dryer ****
make -j16 all 
arm-none-eabi-gcc "../Core/Src/main.c" -mcpu=cortex-m3 -std=gnu11 -g3 -DDEBUG -DUSE_HAL_DRIVER -DSTM32F103xB -c -I../Core/Inc -I../Drivers/STM32F1xx_HAL_Driver/Inc/Legacy -I../Drivers/STM32F1xx_HAL_Driver/Inc -I../Drivers/CMSIS/Device/ST/STM32F1xx/Include -I../Drivers/CMSIS/Include -O0 -ffunction-sections -fdata-sections -Wall -fstack-usage -fcyclomatic-complexity -MMD -MP -MF"Core/Src/main.d" -MT"Core/Src/main.o" --specs=nano.specs -mfloat-abi=soft -mthumb -o "Core/Src/main.o"
arm-none-eabi-gcc -o "dryer.elf" @"objects.list"   -mcpu=cortex-m3 -T"C:\STM_Prj\dryer_project\dryer\STM32F103C8TX_FLASH.ld" --specs=nosys.specs -Wl,-Map="dryer.map" -Wl,--gc-sections -static --specs=nano.specs -mfloat-abi=soft -mthumb -Wl,--start-group -lc -lm -Wl,--end-group
Finished building target: dryer.elf
 
arm-none-eabi-size  dryer.elf 
arm-none-eabi-objdump -h -S dryer.elf  > "dryer.list"
   text	   data	    bss	    dec	    hex	filename
  13072	     12	   1804	  14888	   3a28	dryer.elf
Finished building: default.size.stdout
 
Finished building: dryer.list
 
01:07:40 **** Incremental Build of configuration Debug for project dryer ****
make -j16 all 
arm-none-eabi-gcc "../Core/Src/fnd_controller.c" -mcpu=cortex-m3 -std=gnu11 -g3 -DDEBUG -DUSE_HAL_DRIVER -DSTM32F103xB -c -I../Core/Inc -I../Drivers/STM32F1xx_HAL_Driver/Inc/Legacy -I../Drivers/STM32F1xx_HAL_Driver/Inc -I../Drivers/CMSIS/Device/ST/STM32F1xx/Include -I../Drivers/CMSIS/Include -O0 -ffunction-sections -fdata-sections -Wall -fstack-usage -fcyclomatic-complexity -MMD -MP -MF"Core/Src/fnd_controller.d" -MT"Core/Src/fnd_controller.o" --specs=nano.specs -mfloat-abi=soft -mthumb -o "Core/Src/fnd_controller.o"
arm-none-eabi-gcc "../Core/Src/main.c" -mcpu=cortex-m3 -std=gnu11 -g3 -DDEBUG -DUSE_HAL_DRIVER -DSTM32F103xB -c -I../Core/Inc -I../Drivers/STM32F1xx_HAL_Driver/Inc/Legacy -I../Drivers/STM32F1xx_HAL_Driver/Inc -I../Drivers/CMSIS/Device/ST/STM32F1xx/Include -I../Drivers/CMSIS/Include -O0 -ffunction-sections -fdata-sections -Wall -fstack-usage -fcyclomatic-complexity -MMD -MP -MF"Core/Src/main.d" -MT"Core/Src/main.o" --specs=nano.specs -mfloat-abi=soft -mthumb -o "Core/Src/main.o"
../Core/Src/fnd_controller.c: In function 'digit4_show':
../Core/Src/fnd_controller.c:112:34: warning: suggest parentheses around comparison in operand of '|' [-Wparentheses]
  112 |                 if (showZero | n > 9)
      |                                ~~^~~
../Core/Src/fnd_controller.c:114:34: warning: suggest parentheses around comparison in operand of '|' [-Wparentheses]
  114 |                 if (showZero | n > 99)
      |                                ~~^~~~
../Core/Src/fnd_controller.c:116:34: warning: suggest parentheses around comparison in operand of '|' [-Wparentheses]
  116 |                 if (showZero | n > 999)
      |                                ~~^~~~~
../Core/Src/fnd_controller.c: In function 'digit4_temper':
../Core/Src/fnd_controller.c:146:19: warning: suggest parentheses around comparison in operand of '&' [-Wparentheses]
  146 |         if(temper > 999 & m_tempercount >= 4) {
      |            ~~~~~~~^~~~~
arm-none-eabi-gcc -o "dryer.elf" @"objects.list"   -mcpu=cortex-m3 -T"C:\STM_Prj\dryer_project\dryer\STM32F103C8TX_FLASH.ld" --specs=nosys.specs -Wl,-Map="dryer.map" -Wl,--gc-sections -static --specs=nano.specs -mfloat-abi=soft -mthumb -Wl,--start-group -lc -lm -Wl,--end-group
Finished building target: dryer.elf
 
arm-none-eabi-size  dryer.elf 
arm-none-eabi-objdump -h -S dryer.elf  > "dryer.list"
   text	   data	    bss	    dec	    hex	filename
  13152	     12	   1812	  14976	   3a80	dryer.elf
Finished building: default.size.stdout
 
Finished building: dryer.list
 
01:09:45 **** Incremental Build of configuration Debug for project dryer ****
make -j16 all 
arm-none-eabi-gcc "../Core/Src/fnd_controller.c" -mcpu=cortex-m3 -std=gnu11 -g3 -DDEBUG -DUSE_HAL_DRIVER -DSTM32F103xB -c -I../Core/Inc -I../Drivers/STM32F1xx_HAL_Driver/Inc/Legacy -I../Drivers/STM32F1xx_HAL_Driver/Inc -I../Drivers/CMSIS/Device/ST/STM32F1xx/Include -I../Drivers/CMSIS/Include -O0 -ffunction-sections -fdata-sections -Wall -fstack-usage -fcyclomatic-complexity -MMD -MP -MF"Core/Src/fnd_controller.d" -MT"Core/Src/fnd_controller.o" --specs=nano.specs -mfloat-abi=soft -mthumb -o "Core/Src/fnd_controller.o"
../Core/Src/fnd_controller.c: In function 'digit4_show':
../Core/Src/fnd_controller.c:112:34: warning: suggest parentheses around comparison in operand of '|' [-Wparentheses]
  112 |                 if (showZero | n > 9)
      |                                ~~^~~
../Core/Src/fnd_controller.c:114:34: warning: suggest parentheses around comparison in operand of '|' [-Wparentheses]
  114 |                 if (showZero | n > 99)
      |                                ~~^~~~
../Core/Src/fnd_controller.c:116:34: warning: suggest parentheses around comparison in operand of '|' [-Wparentheses]
  116 |                 if (showZero | n > 999)
      |                                ~~^~~~~
arm-none-eabi-gcc -o "dryer.elf" @"objects.list"   -mcpu=cortex-m3 -T"C:\STM_Prj\dryer_project\dryer\STM32F103C8TX_FLASH.ld" --specs=nosys.specs -Wl,-Map="dryer.map" -Wl,--gc-sections -static --specs=nano.specs -mfloat-abi=soft -mthumb -Wl,--start-group -lc -lm -Wl,--end-group
Finished building target: dryer.elf
 
arm-none-eabi-size  dryer.elf 
arm-none-eabi-objdump -h -S dryer.elf  > "dryer.list"
   text	   data	    bss	    dec	    hex	filename
  13140	     12	   1812	  14964	   3a74	dryer.elf
Finished building: default.size.stdout
 
Finished building: dryer.list
 
01:16:11 **** Incremental Build of configuration Debug for project dryer ****
make -j16 all 
arm-none-eabi-gcc "../Core/Src/main.c" -mcpu=cortex-m3 -std=gnu11 -g3 -DDEBUG -DUSE_HAL_DRIVER -DSTM32F103xB -c -I../Core/Inc -I../Drivers/STM32F1xx_HAL_Driver/Inc/Legacy -I../Drivers/STM32F1xx_HAL_Driver/Inc -I../Drivers/CMSIS/Device/ST/STM32F1xx/Include -I../Drivers/CMSIS/Include -O0 -ffunction-sections -fdata-sections -Wall -fstack-usage -fcyclomatic-complexity -MMD -MP -MF"Core/Src/main.d" -MT"Core/Src/main.o" --specs=nano.specs -mfloat-abi=soft -mthumb -o "Core/Src/main.o"
arm-none-eabi-gcc "../Core/Src/stm32f1xx_hal_msp.c" -mcpu=cortex-m3 -std=gnu11 -g3 -DDEBUG -DUSE_HAL_DRIVER -DSTM32F103xB -c -I../Core/Inc -I../Drivers/STM32F1xx_HAL_Driver/Inc/Legacy -I../Drivers/STM32F1xx_HAL_Driver/Inc -I../Drivers/CMSIS/Device/ST/STM32F1xx/Include -I../Drivers/CMSIS/Include -O0 -ffunction-sections -fdata-sections -Wall -fstack-usage -fcyclomatic-complexity -MMD -MP -MF"Core/Src/stm32f1xx_hal_msp.d" -MT"Core/Src/stm32f1xx_hal_msp.o" --specs=nano.specs -mfloat-abi=soft -mthumb -o "Core/Src/stm32f1xx_hal_msp.o"
arm-none-eabi-gcc "../Core/Src/stm32f1xx_it.c" -mcpu=cortex-m3 -std=gnu11 -g3 -DDEBUG -DUSE_HAL_DRIVER -DSTM32F103xB -c -I../Core/Inc -I../Drivers/STM32F1xx_HAL_Driver/Inc/Legacy -I../Drivers/STM32F1xx_HAL_Driver/Inc -I../Drivers/CMSIS/Device/ST/STM32F1xx/Include -I../Drivers/CMSIS/Include -O0 -ffunction-sections -fdata-sections -Wall -fstack-usage -fcyclomatic-complexity -MMD -MP -MF"Core/Src/stm32f1xx_it.d" -MT"Core/Src/stm32f1xx_it.o" --specs=nano.specs -mfloat-abi=soft -mthumb -o "Core/Src/stm32f1xx_it.o"
arm-none-eabi-gcc -o "dryer.elf" @"objects.list"   -mcpu=cortex-m3 -T"C:\STM_Prj\dryer_project\dryer\STM32F103C8TX_FLASH.ld" --specs=nosys.specs -Wl,-Map="dryer.map" -Wl,--gc-sections -static --specs=nano.specs -mfloat-abi=soft -mthumb -Wl,--start-group -lc -lm -Wl,--end-group
Finished building target: dryer.elf
 
arm-none-eabi-size  dryer.elf 
arm-none-eabi-objdump -h -S dryer.elf  > "dryer.list"
   text	   data	    bss	    dec	    hex	filename
  13544	     12	   1884	  15440	   3c50	dryer.elf
Finished building: default.size.stdout
 
Finished building: dryer.list
 
01:17:11 **** Incremental Build of configuration Debug for project dryer ****
make -j16 all 
arm-none-eabi-gcc "../Core/Src/main.c" -mcpu=cortex-m3 -std=gnu11 -g3 -DDEBUG -DUSE_HAL_DRIVER -DSTM32F103xB -c -I../Core/Inc -I../Drivers/STM32F1xx_HAL_Driver/Inc/Legacy -I../Drivers/STM32F1xx_HAL_Driver/Inc -I../Drivers/CMSIS/Device/ST/STM32F1xx/Include -I../Drivers/CMSIS/Include -O0 -ffunction-sections -fdata-sections -Wall -fstack-usage -fcyclomatic-complexity -MMD -MP -MF"Core/Src/main.d" -MT"Core/Src/main.o" --specs=nano.specs -mfloat-abi=soft -mthumb -o "Core/Src/main.o"
arm-none-eabi-gcc "../Core/Src/stm32f1xx_it.c" -mcpu=cortex-m3 -std=gnu11 -g3 -DDEBUG -DUSE_HAL_DRIVER -DSTM32F103xB -c -I../Core/Inc -I../Drivers/STM32F1xx_HAL_Driver/Inc/Legacy -I../Drivers/STM32F1xx_HAL_Driver/Inc -I../Drivers/CMSIS/Device/ST/STM32F1xx/Include -I../Drivers/CMSIS/Include -O0 -ffunction-sections -fdata-sections -Wall -fstack-usage -fcyclomatic-complexity -MMD -MP -MF"Core/Src/stm32f1xx_it.d" -MT"Core/Src/stm32f1xx_it.o" --specs=nano.specs -mfloat-abi=soft -mthumb -o "Core/Src/stm32f1xx_it.o"
../Core/Src/stm32f1xx_it.c: In function 'TIM3_IRQHandler':
../Core/Src/stm32f1xx_it.c:223:9: warning: implicit declaration of function 'digit4_temper' [-Wimplicit-function-declaration]
  223 |         digit4_temper(500);
      |         ^~~~~~~~~~~~~
arm-none-eabi-gcc -o "dryer.elf" @"objects.list"   -mcpu=cortex-m3 -T"C:\STM_Prj\dryer_project\dryer\STM32F103C8TX_FLASH.ld" --specs=nosys.specs -Wl,-Map="dryer.map" -Wl,--gc-sections -static --specs=nano.specs -mfloat-abi=soft -mthumb -Wl,--start-group -lc -lm -Wl,--end-group
Finished building target: dryer.elf
 
arm-none-eabi-size  dryer.elf 
arm-none-eabi-objdump -h -S dryer.elf  > "dryer.list"
   text	   data	    bss	    dec	    hex	filename
  13544	     12	   1884	  15440	   3c50	dryer.elf
Finished building: default.size.stdout
 
Finished building: dryer.list
 
01:23:29 **** Incremental Build of configuration Debug for project dryer ****
make -j16 all 
arm-none-eabi-gcc "../Core/Src/ds18b20.c" -mcpu=cortex-m3 -std=gnu11 -g3 -DDEBUG -DUSE_HAL_DRIVER -DSTM32F103xB -c -I../Core/Inc -I../Drivers/STM32F1xx_HAL_Driver/Inc/Legacy -I../Drivers/STM32F1xx_HAL_Driver/Inc -I../Drivers/CMSIS/Device/ST/STM32F1xx/Include -I../Drivers/CMSIS/Include -O0 -ffunction-sections -fdata-sections -Wall -fstack-usage -fcyclomatic-complexity -MMD -MP -MF"Core/Src/ds18b20.d" -MT"Core/Src/ds18b20.o" --specs=nano.specs -mfloat-abi=soft -mthumb -o "Core/Src/ds18b20.o"
arm-none-eabi-gcc "../Core/Src/stm32f1xx_it.c" -mcpu=cortex-m3 -std=gnu11 -g3 -DDEBUG -DUSE_HAL_DRIVER -DSTM32F103xB -c -I../Core/Inc -I../Drivers/STM32F1xx_HAL_Driver/Inc/Legacy -I../Drivers/STM32F1xx_HAL_Driver/Inc -I../Drivers/CMSIS/Device/ST/STM32F1xx/Include -I../Drivers/CMSIS/Include -O0 -ffunction-sections -fdata-sections -Wall -fstack-usage -fcyclomatic-complexity -MMD -MP -MF"Core/Src/stm32f1xx_it.d" -MT"Core/Src/stm32f1xx_it.o" --specs=nano.specs -mfloat-abi=soft -mthumb -o "Core/Src/stm32f1xx_it.o"
../Core/Src/stm32f1xx_it.c: In function 'TIM3_IRQHandler':
../Core/Src/stm32f1xx_it.c:224:28: warning: implicit declaration of function 'getCurrentTemper' [-Wimplicit-function-declaration]
  224 |         digit4_temper((int)getCurrentTemper() * 10);
      |                            ^~~~~~~~~~~~~~~~
arm-none-eabi-gcc -o "dryer.elf" @"objects.list"   -mcpu=cortex-m3 -T"C:\STM_Prj\dryer_project\dryer\STM32F103C8TX_FLASH.ld" --specs=nosys.specs -Wl,-Map="dryer.map" -Wl,--gc-sections -static --specs=nano.specs -mfloat-abi=soft -mthumb -Wl,--start-group -lc -lm -Wl,--end-group
Finished building target: dryer.elf
 
arm-none-eabi-size  dryer.elf 
arm-none-eabi-objdump -h -S dryer.elf  > "dryer.list"
   text	   data	    bss	    dec	    hex	filename
  13576	     12	   1884	  15472	   3c70	dryer.elf
Finished building: default.size.stdout
 
Finished building: dryer.list
 
01:23:33 **** Incremental Build of configuration Debug for project dryer ****
make -j16 all 
arm-none-eabi-size  dryer.elf 
   text	   data	    bss	    dec	    hex	filename
  13576	     12	   1884	  15472	   3c70	dryer.elf
Finished building: default.size.stdout
 
01:33:01 **** Incremental Build of configuration Debug for project dryer ****
make -j16 all 
arm-none-eabi-gcc "../Core/Src/ds18b20.c" -mcpu=cortex-m3 -std=gnu11 -g3 -DDEBUG -DUSE_HAL_DRIVER -DSTM32F103xB -c -I../Core/Inc -I../Drivers/STM32F1xx_HAL_Driver/Inc/Legacy -I../Drivers/STM32F1xx_HAL_Driver/Inc -I../Drivers/CMSIS/Device/ST/STM32F1xx/Include -I../Drivers/CMSIS/Include -O0 -ffunction-sections -fdata-sections -Wall -fstack-usage -fcyclomatic-complexity -MMD -MP -MF"Core/Src/ds18b20.d" -MT"Core/Src/ds18b20.o" --specs=nano.specs -mfloat-abi=soft -mthumb -o "Core/Src/ds18b20.o"
arm-none-eabi-gcc "../Core/Src/main.c" -mcpu=cortex-m3 -std=gnu11 -g3 -DDEBUG -DUSE_HAL_DRIVER -DSTM32F103xB -c -I../Core/Inc -I../Drivers/STM32F1xx_HAL_Driver/Inc/Legacy -I../Drivers/STM32F1xx_HAL_Driver/Inc -I../Drivers/CMSIS/Device/ST/STM32F1xx/Include -I../Drivers/CMSIS/Include -O0 -ffunction-sections -fdata-sections -Wall -fstack-usage -fcyclomatic-complexity -MMD -MP -MF"Core/Src/main.d" -MT"Core/Src/main.o" --specs=nano.specs -mfloat-abi=soft -mthumb -o "Core/Src/main.o"
../Core/Src/ds18b20.c: In function 'isTemperSensorInit':
../Core/Src/ds18b20.c:12:1: error: parameter 'TempSensorCount' is initialized
   12 | uint8_t         TempSensorCount=0;
      | ^~~~~~~
../Core/Src/ds18b20.c:13:1: error: parameter 'Ds18b20StartConvert' is initialized
   13 | uint8_t         Ds18b20StartConvert=0;
      | ^~~~~~~
../Core/Src/ds18b20.c:14:1: error: parameter 'Ds18b20Timeout' is initialized
   14 | uint16_t        Ds18b20Timeout=0;
      | ^~~~~~~~
../Core/Src/ds18b20.c:16:16: error: storage class specified for parameter 'm_init'
   16 | static uint8_t m_init = 0;
      |                ^~~~~~
../Core/Src/ds18b20.c:16:1: error: parameter 'm_init' is initialized
   16 | static uint8_t m_init = 0;
      | ^~~~~~
../Core/Src/ds18b20.c:31:1: error: expected '=', ',', ';', 'asm' or '__attribute__' before '{' token
   31 | {
[...]
arm-none-eabi-gcc "../Core/Src/ds18b20.c" -mcpu=cortex-m3 -std=gnu11 -g3 -DDEBUG -DUSE_HAL_DRIVER -DSTM32F103xB -c -I../Core/Inc -I../Drivers/STM32F1xx_HAL_Driver/Inc/Legacy -I../Drivers/STM32F1xx_HAL_Driver/Inc -I../Drivers/CMSIS/Device/ST/STM32F1xx/Include -I../Drivers/CMSIS/Include -O0 -ffunction-sections -fdata-sections -Wall -fstack-usage -fcyclomatic-complexity -MMD -MP -MF"Core/Src/ds18b20.d" -MT"Core/Src/ds18b20.o" --specs=nano.specs -mfloat-abi=soft -mthumb -o "Core/Src/ds18b20.o"
arm-none-eabi-gcc "../Core/Src/fnd_controller.c" -mcpu=cortex-m3 -std=gnu11 -g3 -DDEBUG -DUSE_HAL_DRIVER -DSTM32F103xB -c -I../Core/Inc -I../Drivers/STM32F1xx_HAL_Driver/Inc/Legacy -I../Drivers/STM32F1xx_HAL_Driver/Inc -I../Drivers/CMSIS/Device/ST/STM32F1xx/Include -I../Drivers/CMSIS/Include -O0 -ffunction-sections -fdata-sections -Wall -fstack-usage -fcyclomatic-complexity -MMD -MP -MF"Core/Src/fnd_controller.d" -MT"Core/Src/fnd_controller.o" --specs=nano.specs -mfloat-abi=soft -mthumb -o "Core/Src/fnd_controller.o"
arm-none-eabi-gcc "../Core/Src/fonts.c" -mcpu=cortex-m3 -std=gnu11 -g3 -DDEBUG -DUSE_HAL_DRIVER -DSTM32F103xB -c -I../Core/Inc -I../Drivers/STM32F1xx_HAL_Driver/Inc/Legacy -I../Drivers/STM32F1xx_HAL_Driver/Inc -I../Drivers/CMSIS/Device/ST/STM32F1xx/Include -I../Drivers/CMSIS/Include -O0 -ffunction-sections -fdata-sections -Wall -fstack-usage -fcyclomatic-complexity -MMD -MP -MF"Core/Src/fonts.d" -MT"Core/Src/fonts.o" --specs=nano.specs -mfloat-abi=soft -mthumb -o "Core/Src/fonts.o"
arm-none-eabi-gcc "../Core/Src/heaterController.c" -mcpu=cortex-m3 -std=gnu11 -g3 -DDEBUG -DUSE_HAL_DRIVER -DSTM32F103xB -c -I../Core/Inc -I../Drivers/STM32F1xx_HAL_Driver/Inc/Legacy -I../Drivers/STM32F1xx_HAL_Driver/Inc -I../Drivers/CMSIS/Device/ST/STM32F1xx/Include -I../Drivers/CMSIS/Include -O0 -ffunction-sections -fdata-sections -Wall -fstack-usage -fcyclomatic-complexity -MMD -MP -MF"Core/Src/heaterController.d" -MT"Core/Src/heaterController.o" --specs=nano.specs -mfloat-abi=soft -mthumb -o "Core/Src/heaterController.o"
arm-none-eabi-gcc "../Core/Src/ledController.c" -mcpu=cortex-m3 -std=gnu11 -g3 -DDEBUG -DUSE_HAL_DRIVER -DSTM32F103xB -c -I../Core/Inc -I../Drivers/STM32F1xx_HAL_Driver/Inc/Legacy -I../Drivers/STM32F1xx_HAL_Driver/Inc -I../Drivers/CMSIS/Device/ST/STM32F1xx/Include -I../Drivers/CMSIS/Include -O0 -ffunction-sections -fdata-sections -Wall -fstack-usage -fcyclomatic-complexity -MMD -MP -MF"Core/Src/ledController.d" -MT"Core/Src/ledController.o" --specs=nano.specs -mfloat-abi=soft -mthumb -o "Core/Src/ledController.o"
arm-none-eabi-gcc "../Core/Src/main.c" -mcpu=cortex-m3 -std=gnu11 -g3 -DDEBUG -DUSE_HAL_DRIVER -DSTM32F103xB -c -I../Core/Inc -I../Drivers/STM32F1xx_HAL_Driver/Inc/Legacy -I../Drivers/STM32F1xx_HAL_Driver/Inc -I../Drivers/CMSIS/Device/ST/STM32F1xx/Include -I../Drivers/CMSIS/Include -O0 -ffunction-sections -fdata-sections -Wall -fstack-usage -fcyclomatic-complexity -MMD -MP -MF"Core/Src/main.d" -MT"Core/Src/main.o" --specs=nano.specs -mfloat-abi=soft -mthumb -o "Core/Src/main.o"
arm-none-eabi-gcc "../Core/Src/oledController.c" -mcpu=cortex-m3 -std=gnu11 -g3 -DDEBUG -DUSE_HAL_DRIVER -DSTM32F103xB -c -I../Core/Inc -I../Drivers/STM32F1xx_HAL_Driver/Inc/Legacy -I../Drivers/STM32F1xx_HAL_Driver/Inc -I../Drivers/CMSIS/Device/ST/STM32F1xx/Include -I../Drivers/CMSIS/Include -O0 -ffunction-sections -fdata-sections -Wall -fstack-usage -fcyclomatic-complexity -MMD -MP -MF"Core/Src/oledController.d" -MT"Core/Src/oledController.o" --specs=nano.specs -mfloat-abi=soft -mthumb -o "Core/Src/oledController.o"
arm-none-eabi-gcc "../Core/Src/onewire.c" -mcpu=cortex-m3 -std=gnu11 -g3 -DDEBUG -DUSE_HAL_DRIVER -DSTM32F103xB -c -I../Core/Inc -I../Drivers/STM32F1xx_HAL_Driver/Inc/Legacy -I../Drivers/STM32F1xx_HAL_Driver/Inc -I../Drivers/CMSIS/Device/ST/STM32F1xx/Include -I../Drivers/CMSIS/Include -O0 -ffunction-sections -fdata-sections -Wall -fstack-usage -fcyclomatic-complexity -MMD -MP -MF"Core/Src/onewire.d" -MT"Core/Src/onewire.o" --specs=nano.specs -mfloat-abi=soft -mthumb -o "Core/Src/onewire.o"
arm-none-eabi-gcc "../Core/Src/ssd1306.c" -mcpu=cortex-m3 -std=gnu11 -g3 -DDEBUG -DUSE_HAL_DRIVER -DSTM32F103xB -c -I../Core/Inc -I../Drivers/STM32F1xx_HAL_Driver/Inc/Legacy -I../Drivers/STM32F1xx_HAL_Driver/Inc -I../Drivers/CMSIS/Device/ST/STM32F1xx/Include -I../Drivers/CMSIS/Include -O0 -ffunction-sections -fdata-sections -Wall -fstack-usage -fcyclomatic-complexity -MMD -MP -MF"Core/Src/ssd1306.d" -MT"Core/Src/ssd1306.o" --specs=nano.specs -mfloat-abi=soft -mthumb -o "Core/Src/ssd1306.o"
../Core/Src/fnd_controller.c: In function 'digit4_show':
../Core/Src/fnd_controller.c:107:34: warning: suggest parentheses around comparison in operand of '|' [-Wparentheses]
  107 |                 if (showZero | n > 9){
      |                                ~~^~~
../Core/Src/fnd_controller.c:110:34: warning: suggest parentheses around comparison in operand of '|' [-Wparentheses]
  110 |                 if (showZero | n > 99){
      |                                ~~^~~~
../Core/Src/fnd_controller.c:113:34: warning: suggest parentheses around comparison in operand of '|' [-Wparentheses]
  113 |                 if (showZero | n > 999){
      |                                ~~^~~~~
arm-none-eabi-gcc "../Core/Src/stm32f1xx_hal_msp.c" -mcpu=cortex-m3 -std=gnu11 -g3 -DDEBUG -DUSE_HAL_DRIVER -DSTM32F103xB -c -I../Core/Inc -I../Drivers/STM32F1xx_HAL_Driver/Inc/Legacy -I../Drivers/STM32F1xx_HAL_Driver/Inc -I../Drivers/CMSIS/Device/ST/STM32F1xx/Include -I../Drivers/CMSIS/Include -O0 -ffunction-sections -fdata-sections -Wall -fstack-usage -fcyclomatic-complexity -MMD -MP -MF"Core/Src/stm32f1xx_hal_msp.d" -MT"Core/Src/stm32f1xx_hal_msp.o" --specs=nano.specs -mfloat-abi=soft -mthumb -o "Core/Src/stm32f1xx_hal_msp.o"
arm-none-eabi-gcc "../Core/Src/stm32f1xx_it.c" -mcpu=cortex-m3 -std=gnu11 -g3 -DDEBUG -DUSE_HAL_DRIVER -DSTM32F103xB -c -I../Core/Inc -I../Drivers/STM32F1xx_HAL_Driver/Inc/Legacy -I../Drivers/STM32F1xx_HAL_Driver/Inc -I../Drivers/CMSIS/Device/ST/STM32F1xx/Include -I../Drivers/CMSIS/Include -O0 -ffunction-sections -fdata-sections -Wall -fstack-usage -fcyclomatic-complexity -MMD -MP -MF"Core/Src/stm32f1xx_it.d" -MT"Core/Src/stm32f1xx_it.o" --specs=nano.specs -mfloat-abi=soft -mthumb -o "Core/Src/stm32f1xx_it.o"
arm-none-eabi-gcc "../Core/Src/syscalls.c" -mcpu=cortex-m3 -std=gnu11 -g3 -DDEBUG -DUSE_HAL_DRIVER -DSTM32F103xB -c -I../Core/Inc -I../Drivers/STM32F1xx_HAL_Driver/Inc/Legacy -I../Drivers/STM32F1xx_HAL_Driver/Inc -I../Drivers/CMSIS/Device/ST/STM32F1xx/Include -I../Drivers/CMSIS/Include -O0 -ffunction-sections -fdata-sections -Wall -fstack-usage -fcyclomatic-complexity -MMD -MP -MF"Core/Src/syscalls.d" -MT"Core/Src/syscalls.o" --specs=nano.specs -mfloat-abi=soft -mthumb -o "Core/Src/syscalls.o"
arm-none-eabi-gcc "../Core/Src/sysmem.c" -mcpu=cortex-m3 -std=gnu11 -g3 -DDEBUG -DUSE_HAL_DRIVER -DSTM32F103xB -c -I../Core/Inc -I../Drivers/STM32F1xx_HAL_Driver/Inc/Legacy -I../Drivers/STM32F1xx_HAL_Driver/Inc -I../Drivers/CMSIS/Device/ST/STM32F1xx/Include -I../Drivers/CMSIS/Include -O0 -ffunction-sections -fdata-sections -Wall -fstack-usage -fcyclomatic-complexity -MMD -MP -MF"Core/Src/sysmem.d" -MT"Core/Src/sysmem.o" --specs=nano.specs -mfloat-abi=soft -mthumb -o "Core/Src/sysmem.o"
arm-none-eabi-gcc "../Core/Src/system_stm32f1xx.c" -mcpu=cortex-m3 -std=gnu11 -g3 -DDEBUG -DUSE_HAL_DRIVER -DSTM32F103xB -c -I../Core/Inc -I../Drivers/STM32F1xx_HAL_Driver/Inc/Legacy -I../Drivers/STM32F1xx_HAL_Driver/Inc -I../Drivers/CMSIS/Device/ST/STM32F1xx/Include -I../Drivers/CMSIS/Include -O0 -ffunction-sections -fdata-sections -Wall -fstack-usage -fcyclomatic-complexity -MMD -MP -MF"Core/Src/system_stm32f1xx.d" -MT"Core/Src/system_stm32f1xx.o" --specs=nano.specs -mfloat-abi=soft -mthumb -o "Core/Src/system_stm32f1xx.o"
arm-none-eabi-gcc "../Core/Src/test.c" -mcpu=cortex-m3 -std=gnu11 -g3 -DDEBUG -DUSE_HAL_DRIVER -DSTM32F103xB -c -I../Core/Inc -I../Drivers/STM32F1xx_HAL_Driver/Inc/Legacy -I../Drivers/STM32F1xx_HAL_Driver/Inc -I../Drivers/CMSIS/Device/ST/STM32F1xx/Include -I../Drivers/CMSIS/Include -O0 -ffunction-sections -fdata-sections -Wall -fstack-usage -fcyclomatic-complexity -MMD -MP -MF"Core/Src/test.d" -MT"Core/Src/test.o" --specs=nano.specs -mfloat-abi=soft -mthumb -o "Core/Src/test.o"
../Core/Src/main.c: In function 'main':
../Core/Src/main.c:187:31: warning: unused variable 'temper' [-Wunused-variable]
  187 |                         float temper = getTemper();
      |                               ^~~~~~
../Core/Src/main.c:94:15: warning: unused variable 'temper' [-Wunused-variable]
   94 |         float temper = 0;
      |               ^~~~~~
arm-none-eabi-gcc -o "dryer.elf" @"objects.list"   -mcpu=cortex-m3 -T"C:\STM_Prj\dryer_project\dryer\STM32F103C8TX_FLASH.ld" --specs=nosys.specs -Wl,-Map="dryer.map" -Wl,--gc-sections -static --specs=nano.specs -mfloat-abi=soft -mthumb -Wl,--start-group -lc -lm -Wl,--end-group
C:/ST/STM32CubeIDE_1.16.1/STM32CubeIDE/plugins/com.st.stm32cube.ide.mcu.externaltools.gnu-tools-for-stm32.12.3.rel1.win32_1.0.200.202406191623/tools/bin/../lib/gcc/arm-none-eabi/12.3.1/../../../../arm-none-eabi/bin/ld.exe: ./Core/Src/oledController.o:C:/STM_Prj/dryer_project/dryer/Debug/../Core/Inc/ojtube_log.h:5: multiple definition of `ojtubelog1'; ./Core/Src/main.o:C:/STM_Prj/dryer_project/dryer/Debug/../Core/Inc/ojtube_log.h:5: first defined here
C:/ST/STM32CubeIDE_1.16.1/STM32CubeIDE/plugins/com.st.stm32cube.ide.mcu.externaltools.gnu-tools-for-stm32.12.3.rel1.win32_1.0.200.202406191623/tools/bin/../lib/gcc/arm-none-eabi/12.3.1/../../../../arm-none-eabi/bin/ld.exe: ./Core/Src/oledController.o:C:/STM_Prj/dryer_project/dryer/Debug/../Core/Inc/ojtube_log.h:73: multiple definition of `ojtubelog2'; ./Core/Src/main.o:C:/STM_Prj/dryer_project/dryer/Debug/../Core/Inc/ojtube_log.h:73: first defined here
C:/ST/STM32CubeIDE_1.16.1/STM32CubeIDE/plugins/com.st.stm32cube.ide.mcu.externaltools.gnu-tools-for-stm32.12.3.rel1.win32_1.0.200.202406191623/tools/bin/../lib/gcc/arm-none-eabi/12.3.1/../../../../arm-none-eabi/bin/ld.exe: ./Core/Src/oledController.o:C:/STM_Prj/dryer_project/dryer/Debug/../Core/Inc/ojtube_log.h:142: multiple definition of `ojtubelog3'; ./Core/Src/main.o:C:/STM_Prj/dryer_project/dryer/Debug/../Core/Inc/ojtube_log.h:142: first defined here
C:/ST/STM32CubeIDE_1.16.1/STM32CubeIDE/plugins/com.st.stm32cube.ide.mcu.externaltools.gnu-tools-for-stm32.12.3.rel1.win32_1.0.200.202406191623/tools/bin/../lib/gcc/arm-none-eabi/12.3.1/../../../../arm-none-eabi/bin/ld.exe: ./Core/Src/oledController.o:C:/STM_Prj/dryer_project/dryer/Debug/../Core/Inc/ojtube_log.h:212: multiple definition of `ojtubelog4'; ./Core/Src/main.o:C:/STM_Prj/dryer_project/dryer/Debug/../Core/Inc/ojtube_log.h:212: first defined here
collect2.exe: error: ld returned 1 exit status
make: *** [makefile:64: dryer.elf] Error 1
"make -j16 all" terminated with exit code 2. Build might be incomplete.
23:47:12 **** Incremental Build of configuration Debug for project dryer ****
make -j16 all 
arm-none-eabi-gcc "../Core/Src/oledController.c" -mcpu=cortex-m3 -std=gnu11 -g3 -DDEBUG -DUSE_HAL_DRIVER -DSTM32F103xB -c -I../Core/Inc -I../Drivers/STM32F1xx_HAL_Driver/Inc/Legacy -I../Drivers/STM32F1xx_HAL_Driver/Inc -I../Drivers/CMSIS/Device/ST/STM32F1xx/Include -I../Drivers/CMSIS/Include -O0 -ffunction-sections -fdata-sections -Wall -fstack-usage -fcyclomatic-complexity -MMD -MP -MF"Core/Src/oledController.d" -MT"Core/Src/oledController.o" --specs=nano.specs -mfloat-abi=soft -mthumb -o "Core/Src/oledController.o"
arm-none-eabi-gcc -o "dryer.elf" @"objects.list"   -mcpu=cortex-m3 -T"C:\STM_Prj\dryer_project\dryer\STM32F103C8TX_FLASH.ld" --specs=nosys.specs -Wl,-Map="dryer.map" -Wl,--gc-sections -static --specs=nano.specs -mfloat-abi=soft -mthumb -Wl,--start-group -lc -lm -Wl,--end-group
Finished building target: dryer.elf
 
arm-none-eabi-size  dryer.elf 
arm-none-eabi-objdump -h -S dryer.elf  > "dryer.list"
   text	   data	    bss	    dec	    hex	filename
  30448	    112	   3416	  33976	   84b8	dryer.elf
Finished building: default.size.stdout
 
Finished building: dryer.list
 
23:50:05 **** Incremental Build of configuration Debug for project dryer ****
make -j16 all 
arm-none-eabi-gcc "../Core/Src/stm32f1xx_it.c" -mcpu=cortex-m3 -std=gnu11 -g3 -DDEBUG -DUSE_HAL_DRIVER -DSTM32F103xB -c -I../Core/Inc -I../Drivers/STM32F1xx_HAL_Driver/Inc/Legacy -I../Drivers/STM32F1xx_HAL_Driver/Inc -I../Drivers/CMSIS/Device/ST/STM32F1xx/Include -I../Drivers/CMSIS/Include -O0 -ffunction-sections -fdata-sections -Wall -fstack-usage -fcyclomatic-complexity -MMD -MP -MF"Core/Src/stm32f1xx_it.d" -MT"Core/Src/stm32f1xx_it.o" --specs=nano.specs -mfloat-abi=soft -mthumb -o "Core/Src/stm32f1xx_it.o"
../Core/Src/stm32f1xx_it.c: In function 'EXTI0_IRQHandler':
../Core/Src/stm32f1xx_it.c:221:30: error: 'm_button_before_time' undeclared (first use in this function)
  221 |         if ((HAL_GetTick() - m_button_before_time) > BUTTON_GAP) {
      |                              ^~~~~~~~~~~~~~~~~~~~
../Core/Src/stm32f1xx_it.c:221:30: note: each undeclared identifier is reported only once for each function it appears in
../Core/Src/stm32f1xx_it.c: In function 'EXTI1_IRQHandler':
../Core/Src/stm32f1xx_it.c:239:30: error: 'm_button_before_time' undeclared (first use in this function)
  239 |         if ((HAL_GetTick() - m_button_before_time) > BUTTON_GAP) {
      |                              ^~~~~~~~~~~~~~~~~~~~
../Core/Src/stm32f1xx_it.c: In function 'EXTI2_IRQHandler':
../Core/Src/stm32f1xx_it.c:255:30: error: 'm_button_before_time' undeclared (first use in this function)
  255 |         if ((HAL_GetTick() - m_button_before_time) > BUTTON_GAP) {
      |                              ^~~~~~~~~~~~~~~~~~~~
../Core/Src/stm32f1xx_it.c: In function 'TIM3_IRQHandler':
../Core/Src/stm32f1xx_it.c:282:13: error: 'm_power_sw_timer' undeclared (first use in this function)
  282 |         if (m_power_sw_timer > POWER_SW_CHECK_TIME) {
      |             ^~~~~~~~~~~~~~~~
../Core/Src/stm32f1xx_it.c:292:13: error: 'm_toggle_timer' undeclared (first use in this function)
  292 |         if (m_toggle_timer > TOGGLE_TIME) {
      |             ^~~~~~~~~~~~~~
make: *** [Core/Src/subdir.mk:64: Core/Src/stm32f1xx_it.o] Error 1
"make -j16 all" terminated with exit code 2. Build might be incomplete.
23:50:37 **** Incremental Build of configuration Debug for project dryer ****
make -j16 all 
arm-none-eabi-gcc "../Core/Src/stm32f1xx_it.c" -mcpu=cortex-m3 -std=gnu11 -g3 -DDEBUG -DUSE_HAL_DRIVER -DSTM32F103xB -c -I../Core/Inc -I../Drivers/STM32F1xx_HAL_Driver/Inc/Legacy -I../Drivers/STM32F1xx_HAL_Driver/Inc -I../Drivers/CMSIS/Device/ST/STM32F1xx/Include -I../Drivers/CMSIS/Include -O0 -ffunction-sections -fdata-sections -Wall -fstack-usage -fcyclomatic-complexity -MMD -MP -MF"Core/Src/stm32f1xx_it.d" -MT"Core/Src/stm32f1xx_it.o" --specs=nano.specs -mfloat-abi=soft -mthumb -o "Core/Src/stm32f1xx_it.o"
arm-none-eabi-gcc -o "dryer.elf" @"objects.list"   -mcpu=cortex-m3 -T"C:\STM_Prj\dryer_project\dryer\STM32F103C8TX_FLASH.ld" --specs=nosys.specs -Wl,-Map="dryer.map" -Wl,--gc-sections -static --specs=nano.specs -mfloat-abi=soft -mthumb -Wl,--start-group -lc -lm -Wl,--end-group
Finished building target: dryer.elf
 
arm-none-eabi-size  dryer.elf 
arm-none-eabi-objdump -h -S dryer.elf  > "dryer.list"
   text	   data	    bss	    dec	    hex	filename
  32932	    116	   3428	  36476	   8e7c	dryer.elf
Finished building: default.size.stdout
 
Finished building: dryer.list
 
23:51:27 **** Incremental Build of configuration Debug for project dryer ****
make -j16 all 
arm-none-eabi-gcc "../Core/Src/main.c" -mcpu=cortex-m3 -std=gnu11 -g3 -DDEBUG -DUSE_HAL_DRIVER -DSTM32F103xB -c -I../Core/Inc -I../Drivers/STM32F1xx_HAL_Driver/Inc/Legacy -I../Drivers/STM32F1xx_HAL_Driver/Inc -I../Drivers/CMSIS/Device/ST/STM32F1xx/Include -I../Drivers/CMSIS/Include -O0 -ffunction-sections -fdata-sections -Wall -fstack-usage -fcyclomatic-complexity -MMD -MP -MF"Core/Src/main.d" -MT"Core/Src/main.o" --specs=nano.specs -mfloat-abi=soft -mthumb -o "Core/Src/main.o"
../Core/Src/main.c: In function 'main':
../Core/Src/main.c:121:9: warning: implicit declaration of function 'opening' [-Wimplicit-function-declaration]
  121 |         opening();
      |         ^~~~~~~
../Core/Src/main.c:136:17: warning: implicit declaration of function 'checkButton' [-Wimplicit-function-declaration]
  136 |                 checkButton();
      |                 ^~~~~~~~~~~
../Core/Src/main.c:147:37: warning: implicit declaration of function 'getSwState'; did you mean 'setstate'? [-Wimplicit-function-declaration]
  147 |                                 if (getSwState() == ON_t) {
      |                                     ^~~~~~~~~~
      |                                     setstate
../Core/Src/main.c:147:53: error: 'ON_t' undeclared (first use in this function)
  147 |                                 if (getSwState() == ON_t) {
      |                                                     ^~~~
../Core/Src/main.c:147:53: note: each undeclared identifier is reported only once for each function it appears in
../Core/Src/main.c:148:41: warning: implicit declaration of function 'heaterControl' [-Wimplicit-function-declaration]
  148 |                                         heaterControl(temper);
      |                                         ^~~~~~~~~~~~~
../Core/Src/main.c:150:45: warning: implicit declaration of function 'getHeaterState' [-Wimplicit-function-declaration]
  150 |                                         if (getHeaterState() == ON_t) {
      |                                             ^~~~~~~~~~~~~~
../Core/Src/main.c:151:49: warning: implicit declaration of function 'heaterOnOff' [-Wimplicit-function-declaration]
  151 |                                                 heaterOnOff(OFF_t);
      |                                                 ^~~~~~~~~~~
../Core/Src/main.c:151:61: error: 'OFF_t' undeclared (first use in this function)
  151 |                                                 heaterOnOff(OFF_t);
      |                                                             ^~~~~
make: *** [Core/Src/subdir.mk:64: Core/Src/main.o] Error 1
"make -j16 all" terminated with exit code 2. Build might be incomplete.
23:51:53 **** Incremental Build of configuration Debug for project dryer ****
make -j16 all 
arm-none-eabi-gcc "../Core/Src/main.c" -mcpu=cortex-m3 -std=gnu11 -g3 -DDEBUG -DUSE_HAL_DRIVER -DSTM32F103xB -c -I../Core/Inc -I../Drivers/STM32F1xx_HAL_Driver/Inc/Legacy -I../Drivers/STM32F1xx_HAL_Driver/Inc -I../Drivers/CMSIS/Device/ST/STM32F1xx/Include -I../Drivers/CMSIS/Include -O0 -ffunction-sections -fdata-sections -Wall -fstack-usage -fcyclomatic-complexity -MMD -MP -MF"Core/Src/main.d" -MT"Core/Src/main.o" --specs=nano.specs -mfloat-abi=soft -mthumb -o "Core/Src/main.o"
arm-none-eabi-gcc -o "dryer.elf" @"objects.list"   -mcpu=cortex-m3 -T"C:\STM_Prj\dryer_project\dryer\STM32F103C8TX_FLASH.ld" --specs=nosys.specs -Wl,-Map="dryer.map" -Wl,--gc-sections -static --specs=nano.specs -mfloat-abi=soft -mthumb -Wl,--start-group -lc -lm -Wl,--end-group
Finished building target: dryer.elf
 
arm-none-eabi-size  dryer.elf 
arm-none-eabi-objdump -h -S dryer.elf  > "dryer.list"
   text	   data	    bss	    dec	    hex	filename
  26628	    108	   3436	  30172	   75dc	dryer.elf
Finished building: default.size.stdout
 
Finished building: dryer.list
 
23:51:58 **** Incremental Build of configuration Debug for project dryer ****
make -j16 all 
arm-none-eabi-size  dryer.elf 
   text	   data	    bss	    dec	    hex	filename
  26628	    108	   3436	  30172	   75dc	dryer.elf
Finished building: default.size.stdout
 
